Archive member included to satisfy reference by file (symbol)

/usr/local/bin/../lib/gcc/arm-none-eabi/10.3.1/../../../../arm-none-eabi/lib/thumb/v7e-m+fp/hard/libc_nano.a(lib_a-errno.o)
                              build/sysmem.o (__errno)
/usr/local/bin/../lib/gcc/arm-none-eabi/10.3.1/../../../../arm-none-eabi/lib/thumb/v7e-m+fp/hard/libc_nano.a(lib_a-exit.o)
                              /usr/local/bin/../lib/gcc/arm-none-eabi/10.3.1/../../../../arm-none-eabi/lib/thumb/v7e-m+fp/hard/crt0.o (exit)
/usr/local/bin/../lib/gcc/arm-none-eabi/10.3.1/../../../../arm-none-eabi/lib/thumb/v7e-m+fp/hard/libc_nano.a(lib_a-impure.o)
                              /usr/local/bin/../lib/gcc/arm-none-eabi/10.3.1/../../../../arm-none-eabi/lib/thumb/v7e-m+fp/hard/libc_nano.a(lib_a-exit.o) (_global_impure_ptr)
/usr/local/bin/../lib/gcc/arm-none-eabi/10.3.1/../../../../arm-none-eabi/lib/thumb/v7e-m+fp/hard/libc_nano.a(lib_a-init.o)
                              /usr/local/bin/../lib/gcc/arm-none-eabi/10.3.1/../../../../arm-none-eabi/lib/thumb/v7e-m+fp/hard/crt0.o (__libc_init_array)
/usr/local/bin/../lib/gcc/arm-none-eabi/10.3.1/../../../../arm-none-eabi/lib/thumb/v7e-m+fp/hard/libc_nano.a(lib_a-memcpy-stub.o)
                              build/queue.o (memcpy)
/usr/local/bin/../lib/gcc/arm-none-eabi/10.3.1/../../../../arm-none-eabi/lib/thumb/v7e-m+fp/hard/libc_nano.a(lib_a-memset.o)
                              /usr/local/bin/../lib/gcc/arm-none-eabi/10.3.1/../../../../arm-none-eabi/lib/thumb/v7e-m+fp/hard/crt0.o (memset)
/usr/local/bin/../lib/gcc/arm-none-eabi/10.3.1/../../../../arm-none-eabi/lib/thumb/v7e-m+fp/hard/libc_nano.a(lib_a-printf.o)
                              build/main.o (printf)
/usr/local/bin/../lib/gcc/arm-none-eabi/10.3.1/../../../../arm-none-eabi/lib/thumb/v7e-m+fp/hard/libc_nano.a(lib_a-puts.o)
                              build/main.o (puts)
/usr/local/bin/../lib/gcc/arm-none-eabi/10.3.1/../../../../arm-none-eabi/lib/thumb/v7e-m+fp/hard/libc_nano.a(lib_a-wbuf.o)
                              /usr/local/bin/../lib/gcc/arm-none-eabi/10.3.1/../../../../arm-none-eabi/lib/thumb/v7e-m+fp/hard/libc_nano.a(lib_a-puts.o) (__swbuf_r)
/usr/local/bin/../lib/gcc/arm-none-eabi/10.3.1/../../../../arm-none-eabi/lib/thumb/v7e-m+fp/hard/libc_nano.a(lib_a-wsetup.o)
                              /usr/local/bin/../lib/gcc/arm-none-eabi/10.3.1/../../../../arm-none-eabi/lib/thumb/v7e-m+fp/hard/libc_nano.a(lib_a-puts.o) (__swsetup_r)
/usr/local/bin/../lib/gcc/arm-none-eabi/10.3.1/../../../../arm-none-eabi/lib/thumb/v7e-m+fp/hard/libc_nano.a(lib_a-fflush.o)
                              /usr/local/bin/../lib/gcc/arm-none-eabi/10.3.1/../../../../arm-none-eabi/lib/thumb/v7e-m+fp/hard/libc_nano.a(lib_a-wbuf.o) (_fflush_r)
/usr/local/bin/../lib/gcc/arm-none-eabi/10.3.1/../../../../arm-none-eabi/lib/thumb/v7e-m+fp/hard/libc_nano.a(lib_a-findfp.o)
                              /usr/local/bin/../lib/gcc/arm-none-eabi/10.3.1/../../../../arm-none-eabi/lib/thumb/v7e-m+fp/hard/libc_nano.a(lib_a-printf.o) (__sinit)
/usr/local/bin/../lib/gcc/arm-none-eabi/10.3.1/../../../../arm-none-eabi/lib/thumb/v7e-m+fp/hard/libc_nano.a(lib_a-fwalk.o)
                              /usr/local/bin/../lib/gcc/arm-none-eabi/10.3.1/../../../../arm-none-eabi/lib/thumb/v7e-m+fp/hard/libc_nano.a(lib_a-findfp.o) (_fwalk)
/usr/local/bin/../lib/gcc/arm-none-eabi/10.3.1/../../../../arm-none-eabi/lib/thumb/v7e-m+fp/hard/libc_nano.a(lib_a-lock.o)
                              /usr/local/bin/../lib/gcc/arm-none-eabi/10.3.1/../../../../arm-none-eabi/lib/thumb/v7e-m+fp/hard/libc_nano.a(lib_a-findfp.o) (__retarget_lock_init_recursive)
/usr/local/bin/../lib/gcc/arm-none-eabi/10.3.1/../../../../arm-none-eabi/lib/thumb/v7e-m+fp/hard/libc_nano.a(lib_a-makebuf.o)
                              /usr/local/bin/../lib/gcc/arm-none-eabi/10.3.1/../../../../arm-none-eabi/lib/thumb/v7e-m+fp/hard/libc_nano.a(lib_a-wsetup.o) (__smakebuf_r)
/usr/local/bin/../lib/gcc/arm-none-eabi/10.3.1/../../../../arm-none-eabi/lib/thumb/v7e-m+fp/hard/libc_nano.a(lib_a-nano-freer.o)
                              /usr/local/bin/../lib/gcc/arm-none-eabi/10.3.1/../../../../arm-none-eabi/lib/thumb/v7e-m+fp/hard/libc_nano.a(lib_a-wsetup.o) (_free_r)
/usr/local/bin/../lib/gcc/arm-none-eabi/10.3.1/../../../../arm-none-eabi/lib/thumb/v7e-m+fp/hard/libc_nano.a(lib_a-nano-mallocr.o)
                              /usr/local/bin/../lib/gcc/arm-none-eabi/10.3.1/../../../../arm-none-eabi/lib/thumb/v7e-m+fp/hard/libc_nano.a(lib_a-findfp.o) (_malloc_r)
/usr/local/bin/../lib/gcc/arm-none-eabi/10.3.1/../../../../arm-none-eabi/lib/thumb/v7e-m+fp/hard/libc_nano.a(lib_a-nano-vfprintf.o)
                              /usr/local/bin/../lib/gcc/arm-none-eabi/10.3.1/../../../../arm-none-eabi/lib/thumb/v7e-m+fp/hard/libc_nano.a(lib_a-printf.o) (_vfprintf_r)
/usr/local/bin/../lib/gcc/arm-none-eabi/10.3.1/../../../../arm-none-eabi/lib/thumb/v7e-m+fp/hard/libc_nano.a(lib_a-nano-vfprintf_i.o)
[...]
Memory Configuration

Name             Origin             Length             Attributes
RAM              0x0000000020000000 0x0000000000020000 xrw
FLASH            0x0000000008000000 0x0000000000080000 xr
*default*        0x0000000000000000 0xffffffffffffffff

Linker script and memory map

LOAD /usr/local/bin/../lib/gcc/arm-none-eabi/10.3.1/thumb/v7e-m+fp/hard/crti.o
LOAD /usr/local/bin/../lib/gcc/arm-none-eabi/10.3.1/thumb/v7e-m+fp/hard/crtbegin.o
LOAD /usr/local/bin/../lib/gcc/arm-none-eabi/10.3.1/../../../../arm-none-eabi/lib/thumb/v7e-m+fp/hard/crt0.o
LOAD build/main.o
LOAD build/robot_servos.o
LOAD build/freertos.o
LOAD build/stm32f4xx_it.o
LOAD build/stm32f4xx_hal_msp.o
LOAD build/stm32f4xx_hal_rcc.o
LOAD build/stm32f4xx_hal_rcc_ex.o
LOAD build/stm32f4xx_hal_flash.o
LOAD build/stm32f4xx_hal_flash_ex.o
LOAD build/stm32f4xx_hal_flash_ramfunc.o
LOAD build/stm32f4xx_hal_gpio.o
LOAD build/stm32f4xx_hal_dma_ex.o
LOAD build/stm32f4xx_hal_dma.o
LOAD build/stm32f4xx_hal_pwr.o
LOAD build/stm32f4xx_hal_pwr_ex.o
LOAD build/stm32f4xx_hal_cortex.o
LOAD build/stm32f4xx_hal.o
LOAD build/stm32f4xx_hal_exti.o
LOAD build/stm32f4xx_hal_i2c.o
LOAD build/stm32f4xx_hal_i2c_ex.o
LOAD build/stm32f4xx_hal_i2s.o
LOAD build/stm32f4xx_hal_i2s_ex.o
LOAD build/stm32f4xx_hal_spi.o
LOAD build/stm32f4xx_hal_tim.o
LOAD build/stm32f4xx_hal_tim_ex.o
LOAD build/stm32f4xx_hal_uart.o
LOAD build/system_stm32f4xx.o
LOAD build/croutine.o
LOAD build/event_groups.o
LOAD build/list.o
LOAD build/queue.o
LOAD build/stream_buffer.o
LOAD build/tasks.o
LOAD build/timers.o
LOAD build/cmsis_os2.o
LOAD build/heap_4.o
LOAD build/port.o
LOAD build/sysmem.o
LOAD build/syscalls.o
LOAD build/startup_stm32f411xe.o
LOAD /usr/local/bin/../lib/gcc/arm-none-eabi/10.3.1/../../../../arm-none-eabi/lib/thumb/v7e-m+fp/hard/libc_nano.a
LOAD /usr/local/bin/../lib/gcc/arm-none-eabi/10.3.1/../../../../arm-none-eabi/lib/thumb/v7e-m+fp/hard/libm.a
LOAD /usr/local/bin/../lib/gcc/arm-none-eabi/10.3.1/../../../../arm-none-eabi/lib/thumb/v7e-m+fp/hard/libnosys.a
START GROUP
LOAD /usr/local/bin/../lib/gcc/arm-none-eabi/10.3.1/thumb/v7e-m+fp/hard/libgcc.a
LOAD /usr/local/bin/../lib/gcc/arm-none-eabi/10.3.1/../../../../arm-none-eabi/lib/thumb/v7e-m+fp/hard/libc_nano.a
END GROUP
START GROUP
LOAD /usr/local/bin/../lib/gcc/arm-none-eabi/10.3.1/thumb/v7e-m+fp/hard/libgcc.a
LOAD /usr/local/bin/../lib/gcc/arm-none-eabi/10.3.1/../../../../arm-none-eabi/lib/thumb/v7e-m+fp/hard/libc_nano.a
END GROUP
LOAD /usr/local/bin/../lib/gcc/arm-none-eabi/10.3.1/thumb/v7e-m+fp/hard/crtend.o
LOAD /usr/local/bin/../lib/gcc/arm-none-eabi/10.3.1/thumb/v7e-m+fp/hard/crtn.o
                0x0000000020020000                _estack = (ORIGIN (RAM) + LENGTH (RAM))
                0x0000000000000200                _Min_Heap_Size = 0x200
                0x0000000000000400                _Min_Stack_Size = 0x400

.isr_vector     0x0000000008000000      0x198
                0x0000000008000000                . = ALIGN (0x4)
 *(.isr_vector)
 .isr_vector    0x0000000008000000      0x198 build/startup_stm32f411xe.o
                0x0000000008000000                g_pfnVectors
                0x0000000008000198                . = ALIGN (0x4)

.text           0x00000000080001a0     0x6f30
                0x00000000080001a0                . = ALIGN (0x4)
 *(.text)
 .text          0x00000000080001a0       0x40 /usr/local/bin/../lib/gcc/arm-none-eabi/10.3.1/thumb/v7e-m+fp/hard/crtbegin.o
 .text          0x00000000080001e0       0xa0 /usr/local/bin/../lib/gcc/arm-none-eabi/10.3.1/../../../../arm-none-eabi/lib/thumb/v7e-m+fp/hard/libc_nano.a(lib_a-memchr.o)
                0x00000000080001e0                memchr
 .text          0x0000000008000280      0x378 /usr/local/bin/../lib/gcc/arm-none-eabi/10.3.1/thumb/v7e-m+fp/hard/libgcc.a(_arm_addsubdf3.o)
                0x0000000008000280                __aeabi_drsub
                0x0000000008000288                __aeabi_dsub
                0x0000000008000288                __subdf3
                0x000000000800028c                __adddf3
                0x000000000800028c                __aeabi_dadd
                0x0000000008000504                __aeabi_ui2d
                0x0000000008000504                __floatunsidf
                0x0000000008000524                __floatsidf
                0x0000000008000524                __aeabi_i2d
                0x0000000008000548                __extendsfdf2
                0x0000000008000548                __aeabi_f2d
                0x000000000800058c                __aeabi_ul2d
                0x000000000800058c                __floatundidf
                0x000000000800059c                __floatdidf
                0x000000000800059c                __aeabi_l2d
 .text          0x00000000080005f8      0x424 /usr/local/bin/../lib/gcc/arm-none-eabi/10.3.1/thumb/v7e-m+fp/hard/libgcc.a(_arm_muldivdf3.o)
                0x00000000080005f8                __aeabi_dmul
                0x00000000080005f8                __muldf3
                0x000000000800084c                __aeabi_ddiv
                0x000000000800084c                __divdf3
 .text          0x0000000008000a1c      0x110 /usr/local/bin/../lib/gcc/arm-none-eabi/10.3.1/thumb/v7e-m+fp/hard/libgcc.a(_arm_cmpdf2.o)
                0x0000000008000a1c                __gtdf2
                0x0000000008000a1c                __gedf2
                0x0000000008000a24                __ltdf2
                0x0000000008000a24                __ledf2
                0x0000000008000a2c                __cmpdf2
                0x0000000008000a2c                __eqdf2
                0x0000000008000a2c                __nedf2
                0x0000000008000aa8                __aeabi_cdrcmple
                0x0000000008000ab8                __aeabi_cdcmple
                0x0000000008000ab8                __aeabi_cdcmpeq
                0x0000000008000ac8                __aeabi_dcmpeq
                0x0000000008000adc                __aeabi_dcmplt
                0x0000000008000af0                __aeabi_dcmple
                0x0000000008000b04                __aeabi_dcmpge
                0x0000000008000b18                __aeabi_dcmpgt
 .text          0x0000000008000b2c       0x2c /usr/local/bin/../lib/gcc/arm-none-eabi/10.3.1/thumb/v7e-m+fp/hard/libgcc.a(_arm_unorddf2.o)
                0x0000000008000b2c                __aeabi_dcmpun
                0x0000000008000b2c                __unorddf2
 .text          0x0000000008000b58       0x50 /usr/local/bin/../lib/gcc/arm-none-eabi/10.3.1/thumb/v7e-m+fp/hard/libgcc.a(_arm_fixdfsi.o)
                0x0000000008000b58                __fixdfsi
                0x0000000008000b58                __aeabi_d2iz
 .text          0x0000000008000ba8       0xa0 /usr/local/bin/../lib/gcc/arm-none-eabi/10.3.1/thumb/v7e-m+fp/hard/libgcc.a(_arm_truncdfsf2.o)
                0x0000000008000ba8                __aeabi_d2f
                0x0000000008000ba8                __truncdfsf2
 .text          0x0000000008000c48       0x30 /usr/local/bin/../lib/gcc/arm-none-eabi/10.3.1/thumb/v7e-m+fp/hard/libgcc.a(_aeabi_uldivmod.o)
                0x0000000008000c48                __aeabi_uldivmod
 .text          0x0000000008000c78      0x2d0 /usr/local/bin/../lib/gcc/arm-none-eabi/10.3.1/thumb/v7e-m+fp/hard/libgcc.a(_udivmoddi4.o)
                0x0000000008000c78                __udivmoddi4
 .text          0x0000000008000f48        0x4 /usr/local/bin/../lib/gcc/arm-none-eabi/10.3.1/thumb/v7e-m+fp/hard/libgcc.a(_dvmd_tls.o)
                0x0000000008000f48                __aeabi_ldiv0
                0x0000000008000f48                __aeabi_idiv0
 *(.text*)
 .text.MX_GPIO_Init
                0x0000000008000f4c       0xa8 build/main.o
 .text.Robot_Arm_Movement
                0x0000000008000ff4       0x68 build/main.o
                0x0000000008000ff4                Robot_Arm_Movement
 .text.TaskAdd  0x000000000800105c       0x40 build/main.o
                0x000000000800105c                TaskAdd
 .text.KillTask
                0x000000000800109c       0x24 build/main.o
                0x000000000800109c                KillTask
 .text.ClearScreen
                0x00000000080010c0       0x1c build/main.o
                0x00000000080010c0                ClearScreen
 .text.ButtonPressed_Fn
                0x00000000080010dc       0x20 build/main.o
                0x00000000080010dc                ButtonPressed_Fn
 .text.__io_putchar
                0x00000000080010fc       0x20 build/main.o
                0x00000000080010fc                __io_putchar
 .text.Error_Handler
                0x000000000800111c        0x4 build/main.o
                0x000000000800111c                Error_Handler
 .text.MX_I2C2_Init
                0x0000000008001120       0x38 build/main.o
 .text.MX_I2S3_Init
                0x0000000008001158       0x38 build/main.o
 .text.MX_SPI2_Init
                0x0000000008001190       0x40 build/main.o
 .text.MX_TIM3_Init
                0x00000000080011d0       0xdc build/main.o
 .text.MX_TIM4_Init
                0x00000000080012ac       0xb4 build/main.o
 .text.MX_USART2_UART_Init
                0x0000000008001360       0x34 build/main.o
 .text.SystemClock_Config
                0x0000000008001394       0xa0 build/main.o
                0x0000000008001394                SystemClock_Config
 .text.main     0x0000000008001434       0x88 build/main.o
                0x0000000008001434                main
 .text.angle_to_pwm
                0x00000000080014bc       0x6c build/robot_servos.o
                0x00000000080014bc                angle_to_pwm
 .text.servos_movement_cal
                0x0000000008001528      0x164 build/robot_servos.o
                0x0000000008001528                servos_movement_cal
 .text.motor_run
                0x000000000800168c       0x90 build/robot_servos.o
                0x000000000800168c                motor_run
 .text.pickItem
                0x000000000800171c       0x78 build/robot_servos.o
                0x000000000800171c                pickItem
 .text.dropItem
                0x0000000008001794       0x64 build/robot_servos.o
                0x0000000008001794                dropItem
 .text.robot_PickItem
                0x00000000080017f8       0xb4 build/robot_servos.o
                0x00000000080017f8                robot_PickItem
 .text.robot_DropItem
                0x00000000080018ac       0xac build/robot_servos.o
                0x00000000080018ac                robot_DropItem
 .text.NMI_Handler
                0x0000000008001958        0x2 build/stm32f4xx_it.o
                0x0000000008001958                NMI_Handler
 .text.HardFault_Handler
                0x000000000800195a        0x2 build/stm32f4xx_it.o
                0x000000000800195a                HardFault_Handler
 .text.MemManage_Handler
                0x000000000800195c        0x2 build/stm32f4xx_it.o
                0x000000000800195c                MemManage_Handler
 .text.BusFault_Handler
                0x000000000800195e        0x2 build/stm32f4xx_it.o
                0x000000000800195e                BusFault_Handler
 .text.UsageFault_Handler
                0x0000000008001960        0x2 build/stm32f4xx_it.o
                0x0000000008001960                UsageFault_Handler
 .text.DebugMon_Handler
                0x0000000008001962        0x2 build/stm32f4xx_it.o
                0x0000000008001962                DebugMon_Handler
 .text.SysTick_Handler
                0x0000000008001964       0x16 build/stm32f4xx_it.o
                0x0000000008001964                SysTick_Handler
 *fill*         0x000000000800197a        0x2 
 .text.HAL_MspInit
                0x000000000800197c       0x44 build/stm32f4xx_hal_msp.o
                0x000000000800197c                HAL_MspInit
 .text.HAL_I2C_MspInit
                0x00000000080019c0       0x94 build/stm32f4xx_hal_msp.o
                0x00000000080019c0                HAL_I2C_MspInit
 .text.HAL_I2S_MspInit
                0x0000000008001a54      0x118 build/stm32f4xx_hal_msp.o
                0x0000000008001a54                HAL_I2S_MspInit
 .text.HAL_SPI_MspInit
                0x0000000008001b6c       0x9c build/stm32f4xx_hal_msp.o
                0x0000000008001b6c                HAL_SPI_MspInit
 .text.HAL_TIM_Base_MspInit
                0x0000000008001c08       0x54 build/stm32f4xx_hal_msp.o
                0x0000000008001c08                HAL_TIM_Base_MspInit
 .text.HAL_TIM_MspPostInit
                0x0000000008001c5c       0xb8 build/stm32f4xx_hal_msp.o
                0x0000000008001c5c                HAL_TIM_MspPostInit
 .text.HAL_UART_MspInit
                0x0000000008001d14       0x70 build/stm32f4xx_hal_msp.o
                0x0000000008001d14                HAL_UART_MspInit
 .text.HAL_RCC_OscConfig
                0x0000000008001d84      0x3f8 build/stm32f4xx_hal_rcc.o
                0x0000000008001d84                HAL_RCC_OscConfig
 .text.HAL_RCC_GetSysClockFreq
                0x000000000800217c       0xd4 build/stm32f4xx_hal_rcc.o
                0x000000000800217c                HAL_RCC_GetSysClockFreq
 .text.HAL_RCC_ClockConfig
                0x0000000008002250      0x160 build/stm32f4xx_hal_rcc.o
                0x0000000008002250                HAL_RCC_ClockConfig
 .text.HAL_RCC_GetHCLKFreq
                0x00000000080023b0        0xc build/stm32f4xx_hal_rcc.o
                0x00000000080023b0                HAL_RCC_GetHCLKFreq
 .text.HAL_RCC_GetPCLK1Freq
                0x00000000080023bc       0x20 build/stm32f4xx_hal_rcc.o
                0x00000000080023bc                HAL_RCC_GetPCLK1Freq
 .text.HAL_RCC_GetPCLK2Freq
                0x00000000080023dc       0x20 build/stm32f4xx_hal_rcc.o
                0x00000000080023dc                HAL_RCC_GetPCLK2Freq
 .text.HAL_RCCEx_PeriphCLKConfig
                0x00000000080023fc      0x170 build/stm32f4xx_hal_rcc_ex.o
                0x00000000080023fc                HAL_RCCEx_PeriphCLKConfig
 .text.HAL_RCCEx_GetPeriphCLKFreq
                0x000000000800256c       0x74 build/stm32f4xx_hal_rcc_ex.o
                0x000000000800256c                HAL_RCCEx_GetPeriphCLKFreq
 .text.HAL_GPIO_Init
                0x00000000080025e0      0x1c0 build/stm32f4xx_hal_gpio.o
                0x00000000080025e0                HAL_GPIO_Init
 .text.HAL_GPIO_ReadPin
                0x00000000080027a0        0xe build/stm32f4xx_hal_gpio.o
                0x00000000080027a0                HAL_GPIO_ReadPin
 .text.HAL_GPIO_WritePin
                0x00000000080027ae        0xc build/stm32f4xx_hal_gpio.o
                0x00000000080027ae                HAL_GPIO_WritePin
 *fill*         0x00000000080027ba        0x2 
 .text.HAL_NVIC_SetPriorityGrouping
                0x00000000080027bc       0x24 build/stm32f4xx_hal_cortex.o
                0x00000000080027bc                HAL_NVIC_SetPriorityGrouping
 .text.HAL_NVIC_SetPriority
                0x00000000080027e0       0x70 build/stm32f4xx_hal_cortex.o
                0x00000000080027e0                HAL_NVIC_SetPriority
 .text.HAL_SYSTICK_Config
                0x0000000008002850       0x28 build/stm32f4xx_hal_cortex.o
                0x0000000008002850                HAL_SYSTICK_Config
 .text.HAL_InitTick
                0x0000000008002878       0x4c build/stm32f4xx_hal.o
                0x0000000008002878                HAL_InitTick
 .text.HAL_Init
                0x00000000080028c4       0x34 build/stm32f4xx_hal.o
                0x00000000080028c4                HAL_Init
 .text.HAL_IncTick
                0x00000000080028f8       0x18 build/stm32f4xx_hal.o
                0x00000000080028f8                HAL_IncTick
 .text.HAL_GetTick
                0x0000000008002910        0xc build/stm32f4xx_hal.o
                0x0000000008002910                HAL_GetTick
 .text.HAL_Delay
                0x000000000800291c       0x28 build/stm32f4xx_hal.o
                0x000000000800291c                HAL_Delay
 .text.HAL_I2C_Init
                0x0000000008002944      0x1bc build/stm32f4xx_hal_i2c.o
                0x0000000008002944                HAL_I2C_Init
 .text.HAL_I2S_Init
                0x0000000008002b00      0x19c build/stm32f4xx_hal_i2s.o
                0x0000000008002b00                HAL_I2S_Init
 .text.HAL_I2S_TxCpltCallback
                0x0000000008002c9c        0x2 build/stm32f4xx_hal_i2s.o
                0x0000000008002c9c                HAL_I2S_TxCpltCallback
 .text.I2S_Transmit_IT
                0x0000000008002c9e       0x38 build/stm32f4xx_hal_i2s.o
 .text.HAL_I2S_RxCpltCallback
                0x0000000008002cd6        0x2 build/stm32f4xx_hal_i2s.o
                0x0000000008002cd6                HAL_I2S_RxCpltCallback
 .text.I2S_Receive_IT
                0x0000000008002cd8       0x38 build/stm32f4xx_hal_i2s.o
 .text.HAL_I2S_ErrorCallback
                0x0000000008002d10        0x2 build/stm32f4xx_hal_i2s.o
                0x0000000008002d10                HAL_I2S_ErrorCallback
 .text.I2S_IRQHandler
                0x0000000008002d12       0xd0 build/stm32f4xx_hal_i2s.o
 .text.HAL_I2SEx_TxRxCpltCallback
                0x0000000008002de2        0x2 build/stm32f4xx_hal_i2s_ex.o
                0x0000000008002de2                HAL_I2SEx_TxRxCpltCallback
 .text.I2SEx_TxISR_I2S
                0x0000000008002de4       0x3c build/stm32f4xx_hal_i2s_ex.o
 .text.I2SEx_RxISR_I2SExt
                0x0000000008002e20       0x64 build/stm32f4xx_hal_i2s_ex.o
 .text.I2SEx_TxISR_I2SExt
                0x0000000008002e84       0x64 build/stm32f4xx_hal_i2s_ex.o
 .text.I2SEx_RxISR_I2S
                0x0000000008002ee8       0x3c build/stm32f4xx_hal_i2s_ex.o
 .text.HAL_I2SEx_FullDuplex_IRQHandler
                0x0000000008002f24      0x1d8 build/stm32f4xx_hal_i2s_ex.o
                0x0000000008002f24                HAL_I2SEx_FullDuplex_IRQHandler
 .text.HAL_SPI_Init
                0x00000000080030fc       0xbe build/stm32f4xx_hal_spi.o
                0x00000000080030fc                HAL_SPI_Init
 *fill*         0x00000000080031ba        0x2 
 .text.TIM_OC1_SetConfig
                0x00000000080031bc       0x5c build/stm32f4xx_hal_tim.o
 .text.TIM_OC3_SetConfig
                0x0000000008003218       0x64 build/stm32f4xx_hal_tim.o
 .text.TIM_OC4_SetConfig
                0x000000000800327c       0x48 build/stm32f4xx_hal_tim.o
 .text.TIM_TI1_ConfigInputStage
                0x00000000080032c4       0x26 build/stm32f4xx_hal_tim.o
 .text.TIM_TI2_ConfigInputStage
                0x00000000080032ea       0x28 build/stm32f4xx_hal_tim.o
 .text.TIM_ITRx_SetConfig
                0x0000000008003312       0x10 build/stm32f4xx_hal_tim.o
 .text.HAL_TIM_PWM_MspInit
                0x0000000008003322        0x2 build/stm32f4xx_hal_tim.o
                0x0000000008003322                HAL_TIM_PWM_MspInit
 .text.TIM_Base_SetConfig
                0x0000000008003324       0xac build/stm32f4xx_hal_tim.o
                0x0000000008003324                TIM_Base_SetConfig
 .text.HAL_TIM_Base_Init
                0x00000000080033d0       0x58 build/stm32f4xx_hal_tim.o
                0x00000000080033d0                HAL_TIM_Base_Init
 .text.HAL_TIM_PWM_Init
                0x0000000008003428       0x58 build/stm32f4xx_hal_tim.o
                0x0000000008003428                HAL_TIM_PWM_Init
 .text.TIM_OC2_SetConfig
                0x0000000008003480       0x64 build/stm32f4xx_hal_tim.o
                0x0000000008003480                TIM_OC2_SetConfig
 .text.HAL_TIM_PWM_ConfigChannel
                0x00000000080034e4       0xdc build/stm32f4xx_hal_tim.o
                0x00000000080034e4                HAL_TIM_PWM_ConfigChannel
 .text.TIM_ETR_SetConfig
                0x00000000080035c0       0x1a build/stm32f4xx_hal_tim.o
                0x00000000080035c0                TIM_ETR_SetConfig
 .text.HAL_TIM_ConfigClockSource
                0x00000000080035da       0xfe build/stm32f4xx_hal_tim.o
                0x00000000080035da                HAL_TIM_ConfigClockSource
 .text.TIM_CCxChannelCmd
                0x00000000080036d8       0x1e build/stm32f4xx_hal_tim.o
                0x00000000080036d8                TIM_CCxChannelCmd
 *fill*         0x00000000080036f6        0x2 
 .text.HAL_TIM_PWM_Start
                0x00000000080036f8       0xf0 build/stm32f4xx_hal_tim.o
                0x00000000080036f8                HAL_TIM_PWM_Start
 .text.HAL_TIMEx_MasterConfigSynchronization
                0x00000000080037e8       0x7c build/stm32f4xx_hal_tim_ex.o
                0x00000000080037e8                HAL_TIMEx_MasterConfigSynchronization
 .text.UART_EndRxTransfer
                0x0000000008003864       0x5c build/stm32f4xx_hal_uart.o
 .text.UART_SetConfig
                0x00000000080038c0      0x110 build/stm32f4xx_hal_uart.o
 .text.UART_WaitOnFlagUntilTimeout
                0x00000000080039d0       0x8a build/stm32f4xx_hal_uart.o
 .text.HAL_UART_Init
                0x0000000008003a5a       0x60 build/stm32f4xx_hal_uart.o
                0x0000000008003a5a                HAL_UART_Init
 .text.HAL_UART_Transmit
                0x0000000008003aba       0xcc build/stm32f4xx_hal_uart.o
                0x0000000008003aba                HAL_UART_Transmit
 *fill*         0x0000000008003b86        0x2 
 .text.SystemInit
                0x0000000008003b88       0x14 build/system_stm32f4xx.o
                0x0000000008003b88                SystemInit
 .text.vListInitialise
                0x0000000008003b9c       0x16 build/list.o
                0x0000000008003b9c                vListInitialise
 .text.vListInitialiseItem
                0x0000000008003bb2        0x6 build/list.o
                0x0000000008003bb2                vListInitialiseItem
 .text.vListInsertEnd
                0x0000000008003bb8       0x16 build/list.o
                0x0000000008003bb8                vListInsertEnd
 .text.vListInsert
                0x0000000008003bce       0x32 build/list.o
                0x0000000008003bce                vListInsert
 .text.uxListRemove
                0x0000000008003c00       0x26 build/list.o
                0x0000000008003c00                uxListRemove
 .text.prvIsQueueFull
                0x0000000008003c26       0x1e build/queue.o
 .text.prvIsQueueEmpty
                0x0000000008003c44       0x1a build/queue.o
 .text.prvCopyDataToQueue
                0x0000000008003c5e       0x76 build/queue.o
 .text.prvCopyDataFromQueue
                0x0000000008003cd4       0x24 build/queue.o
 .text.prvUnlockQueue
                0x0000000008003cf8       0x6e build/queue.o
 .text.xQueueGenericReset
                0x0000000008003d66       0x84 build/queue.o
                0x0000000008003d66                xQueueGenericReset
 .text.prvInitialiseNewQueue
                0x0000000008003dea       0x22 build/queue.o
 .text.xQueueGenericCreateStatic
                0x0000000008003e0c       0x94 build/queue.o
                0x0000000008003e0c                xQueueGenericCreateStatic
 .text.xQueueGenericSend
                0x0000000008003ea0      0x188 build/queue.o
                0x0000000008003ea0                xQueueGenericSend
 .text.xQueueGenericSendFromISR
                0x0000000008004028       0xce build/queue.o
                0x0000000008004028                xQueueGenericSendFromISR
 .text.xQueueReceive
                0x00000000080040f6      0x15e build/queue.o
                0x00000000080040f6                xQueueReceive
 .text.vQueueAddToRegistry
                0x0000000008004254       0x28 build/queue.o
                0x0000000008004254                vQueueAddToRegistry
 .text.vQueueWaitForMessageRestricted
                0x000000000800427c       0x52 build/queue.o
                0x000000000800427c                vQueueWaitForMessageRestricted
 *fill*         0x00000000080042ce        0x2 
 .text.prvResetNextTaskUnblockTime
                0x00000000080042d0       0x2c build/tasks.o
 .text.prvInitialiseNewTask
                0x00000000080042fc       0xa6 build/tasks.o
 *fill*         0x00000000080043a2        0x2 
 .text.prvInitialiseTaskLists
                0x00000000080043a4       0x68 build/tasks.o
 .text.prvAddNewTaskToReadyList
                0x000000000800440c       0xac build/tasks.o
 .text.prvDeleteTCB
                0x00000000080044b8       0x38 build/tasks.o
 .text.prvCheckTasksWaitingTermination
                0x00000000080044f0       0x4c build/tasks.o
 .text.prvIdleTask
                0x000000000800453c       0x28 build/tasks.o
 .text.prvAddCurrentTaskToDelayedList
                0x0000000008004564       0x7c build/tasks.o
 .text.xTaskCreateStatic
                0x00000000080045e0       0x76 build/tasks.o
                0x00000000080045e0                xTaskCreateStatic
 .text.xTaskCreate
                0x0000000008004656       0x68 build/tasks.o
                0x0000000008004656                xTaskCreate
 *fill*         0x00000000080046be        0x2 
 .text.vTaskDelete
                0x00000000080046c0       0xb8 build/tasks.o
                0x00000000080046c0                vTaskDelete
 .text.vTaskStartScheduler
                0x0000000008004778       0x9c build/tasks.o
                0x0000000008004778                vTaskStartScheduler
 .text.vTaskSuspendAll
                0x0000000008004814       0x10 build/tasks.o
                0x0000000008004814                vTaskSuspendAll
 .text.xTaskGetTickCount
                0x0000000008004824        0xc build/tasks.o
                0x0000000008004824                xTaskGetTickCount
 .text.pcTaskGetName
                0x0000000008004830       0x28 build/tasks.o
                0x0000000008004830                pcTaskGetName
 .text.xTaskIncrementTick
                0x0000000008004858      0x118 build/tasks.o
                0x0000000008004858                xTaskIncrementTick
 .text.xTaskResumeAll
                0x0000000008004970       0xf8 build/tasks.o
                0x0000000008004970                xTaskResumeAll
 .text.vTaskDelay
                0x0000000008004a68       0x4c build/tasks.o
                0x0000000008004a68                vTaskDelay
 .text.vTaskSwitchContext
                0x0000000008004ab4       0x94 build/tasks.o
                0x0000000008004ab4                vTaskSwitchContext
 .text.vTaskPlaceOnEventList
                0x0000000008004b48       0x30 build/tasks.o
                0x0000000008004b48                vTaskPlaceOnEventList
 .text.vTaskPlaceOnEventListRestricted
                0x0000000008004b78       0x38 build/tasks.o
                0x0000000008004b78                vTaskPlaceOnEventListRestricted
 .text.xTaskRemoveFromEventList
                0x0000000008004bb0       0x8c build/tasks.o
                0x0000000008004bb0                xTaskRemoveFromEventList
 .text.vTaskInternalSetTimeOutState
                0x0000000008004c3c       0x18 build/tasks.o
                0x0000000008004c3c                vTaskInternalSetTimeOutState
 .text.xTaskCheckForTimeOut
                0x0000000008004c54       0x84 build/tasks.o
                0x0000000008004c54                xTaskCheckForTimeOut
 .text.vTaskMissedYield
                0x0000000008004cd8        0xc build/tasks.o
                0x0000000008004cd8                vTaskMissedYield
 .text.xTaskGetSchedulerState
                0x0000000008004ce4       0x20 build/tasks.o
                0x0000000008004ce4                xTaskGetSchedulerState
 .text.xTaskPriorityDisinherit
                0x0000000008004d04       0x90 build/tasks.o
                0x0000000008004d04                xTaskPriorityDisinherit
 .text.prvGetNextExpireTime
                0x0000000008004d94       0x20 build/timers.o
 .text.prvInsertTimerInActiveList
                0x0000000008004db4       0x48 build/timers.o
 .text.prvCheckForValidListAndQueue
                0x0000000008004dfc       0x70 build/timers.o
 .text.xTimerCreateTimerTask
                0x0000000008004e6c       0x64 build/timers.o
                0x0000000008004e6c                xTimerCreateTimerTask
 .text.xTimerGenericCommand
                0x0000000008004ed0       0x6c build/timers.o
                0x0000000008004ed0                xTimerGenericCommand
 .text.prvSwitchTimerLists
                0x0000000008004f3c       0x7c build/timers.o
 .text.prvSampleTimeNow
                0x0000000008004fb8       0x2c build/timers.o
 .text.prvProcessExpiredTimer
                0x0000000008004fe4       0x6c build/timers.o
 .text.prvProcessTimerOrBlockTask
                0x0000000008005050       0x74 build/timers.o
 .text.prvProcessReceivedCommands
                0x00000000080050c4      0x10c build/timers.o
 .text.prvTimerTask
                0x00000000080051d0       0x16 build/timers.o
 *fill*         0x00000000080051e6        0x2 
 .text.vApplicationGetIdleTaskMemory
                0x00000000080051e8       0x18 build/cmsis_os2.o
                0x00000000080051e8                vApplicationGetIdleTaskMemory
 .text.vApplicationGetTimerTaskMemory
                0x0000000008005200       0x18 build/cmsis_os2.o
                0x0000000008005200                vApplicationGetTimerTaskMemory
 .text.prvHeapInit
                0x0000000008005218       0x64 build/heap_4.o
 .text.prvInsertBlockIntoFreeList
                0x000000000800527c       0x64 build/heap_4.o
 .text.pvPortMalloc
                0x00000000080052e0       0xfc build/heap_4.o
                0x00000000080052e0                pvPortMalloc
 .text.vPortFree
                0x00000000080053dc       0x7c build/heap_4.o
                0x00000000080053dc                vPortFree
 .text.prvTaskExitError
                0x0000000008005458       0x40 build/port.o
 .text.prvPortStartFirstTask
                0x0000000008005498       0x28 build/port.o
 .text.vPortEnableVFP
                0x00000000080054c0       0x14 build/port.o
 .text.pxPortInitialiseStack
                0x00000000080054d4       0x2c build/port.o
                0x00000000080054d4                pxPortInitialiseStack
 .text.SVC_Handler
                0x0000000008005500       0x24 build/port.o
                0x0000000008005500                SVC_Handler
 .text.vPortEnterCritical
                0x0000000008005524       0x44 build/port.o
                0x0000000008005524                vPortEnterCritical
 .text.vPortExitCritical
                0x0000000008005568       0x2c build/port.o
                0x0000000008005568                vPortExitCritical
 *fill*         0x0000000008005594        0xc 
 .text.PendSV_Handler
                0x00000000080055a0       0x64 build/port.o
                0x00000000080055a0                PendSV_Handler
 .text.xPortSysTickHandler
                0x0000000008005604       0x2c build/port.o
                0x0000000008005604                xPortSysTickHandler
 .text.vPortSetupTimerInterrupt
                0x0000000008005630       0x28 build/port.o
                0x0000000008005630                vPortSetupTimerInterrupt
 .text.xPortStartScheduler
                0x0000000008005658      0x118 build/port.o
                0x0000000008005658                xPortStartScheduler
 .text.vPortValidateInterruptPriority
                0x0000000008005770       0x5c build/port.o
                0x0000000008005770                vPortValidateInterruptPriority
 .text._sbrk    0x00000000080057cc       0x48 build/sysmem.o
                0x00000000080057cc                _sbrk
 .text._read    0x0000000008005814       0x20 build/syscalls.o
                0x0000000008005814                _read
 .text._write   0x0000000008005834       0x1c build/syscalls.o
                0x0000000008005834                _write
 .text._close   0x0000000008005850        0x6 build/syscalls.o
                0x0000000008005850                _close
 .text._fstat   0x0000000008005856        0xa build/syscalls.o
                0x0000000008005856                _fstat
 .text._isatty  0x0000000008005860        0x4 build/syscalls.o
                0x0000000008005860                _isatty
 .text._lseek   0x0000000008005864        0x4 build/syscalls.o
                0x0000000008005864                _lseek
 .text.Reset_Handler
                0x0000000008005868       0x50 build/startup_stm32f411xe.o
                0x0000000008005868                Reset_Handler
 .text.Default_Handler
                0x00000000080058b8        0x2 build/startup_stm32f411xe.o
                0x00000000080058b8                RTC_Alarm_IRQHandler
                0x00000000080058b8                EXTI2_IRQHandler
                0x00000000080058b8                SPI4_IRQHandler
                0x00000000080058b8                TIM1_CC_IRQHandler
                0x00000000080058b8                DMA2_Stream5_IRQHandler
                0x00000000080058b8                DMA1_Stream5_IRQHandler
                0x00000000080058b8                PVD_IRQHandler
                0x00000000080058b8                SDIO_IRQHandler
                0x00000000080058b8                TAMP_STAMP_IRQHandler
                0x00000000080058b8                EXTI3_IRQHandler
                0x00000000080058b8                TIM1_UP_TIM10_IRQHandler
                0x00000000080058b8                I2C3_ER_IRQHandler
                0x00000000080058b8                EXTI0_IRQHandler
                0x00000000080058b8                I2C2_EV_IRQHandler
                0x00000000080058b8                DMA1_Stream2_IRQHandler
                0x00000000080058b8                FPU_IRQHandler
                0x00000000080058b8                DMA2_Stream2_IRQHandler
                0x00000000080058b8                SPI1_IRQHandler
                0x00000000080058b8                TIM1_BRK_TIM9_IRQHandler
                0x00000000080058b8                DMA2_Stream3_IRQHandler
                0x00000000080058b8                USART6_IRQHandler
                0x00000000080058b8                DMA2_Stream0_IRQHandler
                0x00000000080058b8                TIM4_IRQHandler
                0x00000000080058b8                I2C1_EV_IRQHandler
                0x00000000080058b8                DMA1_Stream6_IRQHandler
                0x00000000080058b8                DMA1_Stream1_IRQHandler
                0x00000000080058b8                TIM3_IRQHandler
                0x00000000080058b8                RCC_IRQHandler
                0x00000000080058b8                Default_Handler
                0x00000000080058b8                EXTI15_10_IRQHandler
                0x00000000080058b8                ADC_IRQHandler
                0x00000000080058b8                DMA1_Stream7_IRQHandler
                0x00000000080058b8                SPI5_IRQHandler
                0x00000000080058b8                TIM5_IRQHandler
                0x00000000080058b8                DMA2_Stream7_IRQHandler
                0x00000000080058b8                I2C3_EV_IRQHandler
                0x00000000080058b8                EXTI9_5_IRQHandler
                0x00000000080058b8                RTC_WKUP_IRQHandler
                0x00000000080058b8                SPI2_IRQHandler
                0x00000000080058b8                DMA1_Stream0_IRQHandler
                0x00000000080058b8                EXTI4_IRQHandler
                0x00000000080058b8                WWDG_IRQHandler
                0x00000000080058b8                TIM2_IRQHandler
                0x00000000080058b8                OTG_FS_WKUP_IRQHandler
                0x00000000080058b8                TIM1_TRG_COM_TIM11_IRQHandler
                0x00000000080058b8                EXTI1_IRQHandler
                0x00000000080058b8                USART2_IRQHandler
                0x00000000080058b8                I2C2_ER_IRQHandler
                0x00000000080058b8                DMA2_Stream1_IRQHandler
                0x00000000080058b8                FLASH_IRQHandler
                0x00000000080058b8                DMA2_Stream4_IRQHandler
                0x00000000080058b8                USART1_IRQHandler
                0x00000000080058b8                OTG_FS_IRQHandler
                0x00000000080058b8                SPI3_IRQHandler
                0x00000000080058b8                DMA1_Stream4_IRQHandler
                0x00000000080058b8                I2C1_ER_IRQHandler
                0x00000000080058b8                DMA2_Stream6_IRQHandler
                0x00000000080058b8                DMA1_Stream3_IRQHandler
 *fill*         0x00000000080058ba        0x2 
 .text.__errno  0x00000000080058bc        0xc /usr/local/bin/../lib/gcc/arm-none-eabi/10.3.1/../../../../arm-none-eabi/lib/thumb/v7e-m+fp/hard/libc_nano.a(lib_a-errno.o)
                0x00000000080058bc                __errno
 .text.__libc_init_array
                0x00000000080058c8       0x48 /usr/local/bin/../lib/gcc/arm-none-eabi/10.3.1/../../../../arm-none-eabi/lib/thumb/v7e-m+fp/hard/libc_nano.a(lib_a-init.o)
                0x00000000080058c8                __libc_init_array
 .text.memcpy   0x0000000008005910       0x1c /usr/local/bin/../lib/gcc/arm-none-eabi/10.3.1/../../../../arm-none-eabi/lib/thumb/v7e-m+fp/hard/libc_nano.a(lib_a-memcpy-stub.o)
                0x0000000008005910                memcpy
 .text.memset   0x000000000800592c       0x10 /usr/local/bin/../lib/gcc/arm-none-eabi/10.3.1/../../../../arm-none-eabi/lib/thumb/v7e-m+fp/hard/libc_nano.a(lib_a-memset.o)
                0x000000000800592c                memset
 .text.printf   0x000000000800593c       0x30 /usr/local/bin/../lib/gcc/arm-none-eabi/10.3.1/../../../../arm-none-eabi/lib/thumb/v7e-m+fp/hard/libc_nano.a(lib_a-printf.o)
                0x000000000800593c                printf
                0x000000000800593c                iprintf
 .text._puts_r  0x000000000800596c       0xdc /usr/local/bin/../lib/gcc/arm-none-eabi/10.3.1/../../../../arm-none-eabi/lib/thumb/v7e-m+fp/hard/libc_nano.a(lib_a-puts.o)
                0x000000000800596c                _puts_r
 .text.puts     0x0000000008005a48       0x10 /usr/local/bin/../lib/gcc/arm-none-eabi/10.3.1/../../../../arm-none-eabi/lib/thumb/v7e-m+fp/hard/libc_nano.a(lib_a-puts.o)
                0x0000000008005a48                puts
 .text.__swbuf_r
                0x0000000008005a58       0xa4 /usr/local/bin/../lib/gcc/arm-none-eabi/10.3.1/../../../../arm-none-eabi/lib/thumb/v7e-m+fp/hard/libc_nano.a(lib_a-wbuf.o)
                0x0000000008005a58                __swbuf_r
 .text.__swsetup_r
                0x0000000008005afc       0xdc /usr/local/bin/../lib/gcc/arm-none-eabi/10.3.1/../../../../arm-none-eabi/lib/thumb/v7e-m+fp/hard/libc_nano.a(lib_a-wsetup.o)
                0x0000000008005afc                __swsetup_r
 .text.__sflush_r
                0x0000000008005bd8      0x10c /usr/local/bin/../lib/gcc/arm-none-eabi/10.3.1/../../../../arm-none-eabi/lib/thumb/v7e-m+fp/hard/libc_nano.a(lib_a-fflush.o)
                0x0000000008005bd8                __sflush_r
 .text._fflush_r
                0x0000000008005ce4       0x78 /usr/local/bin/../lib/gcc/arm-none-eabi/10.3.1/../../../../arm-none-eabi/lib/thumb/v7e-m+fp/hard/libc_nano.a(lib_a-fflush.o)
                0x0000000008005ce4                _fflush_r
 .text.std      0x0000000008005d5c       0x48 /usr/local/bin/../lib/gcc/arm-none-eabi/10.3.1/../../../../arm-none-eabi/lib/thumb/v7e-m+fp/hard/libc_nano.a(lib_a-findfp.o)
 .text._cleanup_r
                0x0000000008005da4        0xc /usr/local/bin/../lib/gcc/arm-none-eabi/10.3.1/../../../../arm-none-eabi/lib/thumb/v7e-m+fp/hard/libc_nano.a(lib_a-findfp.o)
                0x0000000008005da4                _cleanup_r
 .text.__sfmoreglue
                0x0000000008005db0       0x2c /usr/local/bin/../lib/gcc/arm-none-eabi/10.3.1/../../../../arm-none-eabi/lib/thumb/v7e-m+fp/hard/libc_nano.a(lib_a-findfp.o)
                0x0000000008005db0                __sfmoreglue
 .text.__sfp_lock_acquire
                0x0000000008005ddc        0xc /usr/local/bin/../lib/gcc/arm-none-eabi/10.3.1/../../../../arm-none-eabi/lib/thumb/v7e-m+fp/hard/libc_nano.a(lib_a-findfp.o)
                0x0000000008005ddc                __sfp_lock_acquire
 .text.__sfp_lock_release
                0x0000000008005de8        0xc /usr/local/bin/../lib/gcc/arm-none-eabi/10.3.1/../../../../arm-none-eabi/lib/thumb/v7e-m+fp/hard/libc_nano.a(lib_a-findfp.o)
                0x0000000008005de8                __sfp_lock_release
 .text.__sinit_lock_acquire
                0x0000000008005df4        0xc /usr/local/bin/../lib/gcc/arm-none-eabi/10.3.1/../../../../arm-none-eabi/lib/thumb/v7e-m+fp/hard/libc_nano.a(lib_a-findfp.o)
                0x0000000008005df4                __sinit_lock_acquire
 .text.__sinit_lock_release
                0x0000000008005e00        0xc /usr/local/bin/../lib/gcc/arm-none-eabi/10.3.1/../../../../arm-none-eabi/lib/thumb/v7e-m+fp/hard/libc_nano.a(lib_a-findfp.o)
                0x0000000008005e00                __sinit_lock_release
 .text.__sinit  0x0000000008005e0c       0x70 /usr/local/bin/../lib/gcc/arm-none-eabi/10.3.1/../../../../arm-none-eabi/lib/thumb/v7e-m+fp/hard/libc_nano.a(lib_a-findfp.o)
                0x0000000008005e0c                __sinit
 .text.__sfp    0x0000000008005e7c       0x8c /usr/local/bin/../lib/gcc/arm-none-eabi/10.3.1/../../../../arm-none-eabi/lib/thumb/v7e-m+fp/hard/libc_nano.a(lib_a-findfp.o)
                0x0000000008005e7c                __sfp
 .text._fwalk_reent
                0x0000000008005f08       0x3e /usr/local/bin/../lib/gcc/arm-none-eabi/10.3.1/../../../../arm-none-eabi/lib/thumb/v7e-m+fp/hard/libc_nano.a(lib_a-fwalk.o)
                0x0000000008005f08                _fwalk_reent
 .text.__retarget_lock_init_recursive
                0x0000000008005f46        0x2 /usr/local/bin/../lib/gcc/arm-none-eabi/10.3.1/../../../../arm-none-eabi/lib/thumb/v7e-m+fp/hard/libc_nano.a(lib_a-lock.o)
                0x0000000008005f46                __retarget_lock_init_recursive
 .text.__retarget_lock_acquire_recursive
                0x0000000008005f48        0x2 /usr/local/bin/../lib/gcc/arm-none-eabi/10.3.1/../../../../arm-none-eabi/lib/thumb/v7e-m+fp/hard/libc_nano.a(lib_a-lock.o)
                0x0000000008005f48                __retarget_lock_acquire_recursive
 .text.__retarget_lock_release_recursive
                0x0000000008005f4a        0x2 /usr/local/bin/../lib/gcc/arm-none-eabi/10.3.1/../../../../arm-none-eabi/lib/thumb/v7e-m+fp/hard/libc_nano.a(lib_a-lock.o)
                0x0000000008005f4a                __retarget_lock_release_recursive
 .text.__swhatbuf_r
                0x0000000008005f4c       0x4a /usr/local/bin/../lib/gcc/arm-none-eabi/10.3.1/../../../../arm-none-eabi/lib/thumb/v7e-m+fp/hard/libc_nano.a(lib_a-makebuf.o)
                0x0000000008005f4c                __swhatbuf_r
 *fill*         0x0000000008005f96        0x2 
 .text.__smakebuf_r
                0x0000000008005f98       0x80 /usr/local/bin/../lib/gcc/arm-none-eabi/10.3.1/../../../../arm-none-eabi/lib/thumb/v7e-m+fp/hard/libc_nano.a(lib_a-makebuf.o)
                0x0000000008005f98                __smakebuf_r
 .text._free_r  0x0000000008006018       0x98 /usr/local/bin/../lib/gcc/arm-none-eabi/10.3.1/../../../../arm-none-eabi/lib/thumb/v7e-m+fp/hard/libc_nano.a(lib_a-nano-freer.o)
                0x0000000008006018                _free_r
 .text.sbrk_aligned
                0x00000000080060b0       0x40 /usr/local/bin/../lib/gcc/arm-none-eabi/10.3.1/../../../../arm-none-eabi/lib/thumb/v7e-m+fp/hard/libc_nano.a(lib_a-nano-mallocr.o)
 .text._malloc_r
                0x00000000080060f0       0xe8 /usr/local/bin/../lib/gcc/arm-none-eabi/10.3.1/../../../../arm-none-eabi/lib/thumb/v7e-m+fp/hard/libc_nano.a(lib_a-nano-mallocr.o)
                0x00000000080060f0                _malloc_r
 .text.__sfputc_r
                0x00000000080061d8       0x2e /usr/local/bin/../lib/gcc/arm-none-eabi/10.3.1/../../../../arm-none-eabi/lib/thumb/v7e-m+fp/hard/libc_nano.a(lib_a-nano-vfprintf.o)
 .text.__sfputs_r
                0x0000000008006206       0x24 /usr/local/bin/../lib/gcc/arm-none-eabi/10.3.1/../../../../arm-none-eabi/lib/thumb/v7e-m+fp/hard/libc_nano.a(lib_a-nano-vfprintf.o)
                0x0000000008006206                __sfputs_r
 *fill*         0x000000000800622a        0x2 
 .text._vfprintf_r
                0x000000000800622c      0x260 /usr/local/bin/../lib/gcc/arm-none-eabi/10.3.1/../../../../arm-none-eabi/lib/thumb/v7e-m+fp/hard/libc_nano.a(lib_a-nano-vfprintf.o)
                0x000000000800622c                _vfiprintf_r
                0x000000000800622c                _vfprintf_r
 .text._printf_common
                0x000000000800648c       0xda /usr/local/bin/../lib/gcc/arm-none-eabi/10.3.1/../../../../arm-none-eabi/lib/thumb/v7e-m+fp/hard/libc_nano.a(lib_a-nano-vfprintf_i.o)
                0x000000000800648c                _printf_common
 *fill*         0x0000000008006566        0x2 
 .text._printf_i
                0x0000000008006568      0x24c /usr/local/bin/../lib/gcc/arm-none-eabi/10.3.1/../../../../arm-none-eabi/lib/thumb/v7e-m+fp/hard/libc_nano.a(lib_a-nano-vfprintf_i.o)
                0x0000000008006568                _printf_i
 .text._sbrk_r  0x00000000080067b4       0x20 /usr/local/bin/../lib/gcc/arm-none-eabi/10.3.1/../../../../arm-none-eabi/lib/thumb/v7e-m+fp/hard/libc_nano.a(lib_a-sbrkr.o)
                0x00000000080067b4                _sbrk_r
 .text.__sread  0x00000000080067d4       0x22 /usr/local/bin/../lib/gcc/arm-none-eabi/10.3.1/../../../../arm-none-eabi/lib/thumb/v7e-m+fp/hard/libc_nano.a(lib_a-stdio.o)
                0x00000000080067d4                __sread
 .text.__swrite
                0x00000000080067f6       0x38 /usr/local/bin/../lib/gcc/arm-none-eabi/10.3.1/../../../../arm-none-eabi/lib/thumb/v7e-m+fp/hard/libc_nano.a(lib_a-stdio.o)
                0x00000000080067f6                __swrite
 .text.__sseek  0x000000000800682e       0x24 /usr/local/bin/../lib/gcc/arm-none-eabi/10.3.1/../../../../arm-none-eabi/lib/thumb/v7e-m+fp/hard/libc_nano.a(lib_a-stdio.o)
                0x000000000800682e                __sseek
 .text.__sclose
                0x0000000008006852        0x8 /usr/local/bin/../lib/gcc/arm-none-eabi/10.3.1/../../../../arm-none-eabi/lib/thumb/v7e-m+fp/hard/libc_nano.a(lib_a-stdio.o)
                0x0000000008006852                __sclose
 *fill*         0x000000000800685a        0x2 
 .text._write_r
                0x000000000800685c       0x24 /usr/local/bin/../lib/gcc/arm-none-eabi/10.3.1/../../../../arm-none-eabi/lib/thumb/v7e-m+fp/hard/libc_nano.a(lib_a-writer.o)
                0x000000000800685c                _write_r
 .text._close_r
                0x0000000008006880       0x20 /usr/local/bin/../lib/gcc/arm-none-eabi/10.3.1/../../../../arm-none-eabi/lib/thumb/v7e-m+fp/hard/libc_nano.a(lib_a-closer.o)
                0x0000000008006880                _close_r
 .text._fstat_r
                0x00000000080068a0       0x24 /usr/local/bin/../lib/gcc/arm-none-eabi/10.3.1/../../../../arm-none-eabi/lib/thumb/v7e-m+fp/hard/libc_nano.a(lib_a-fstatr.o)
                0x00000000080068a0                _fstat_r
 .text._isatty_r
                0x00000000080068c4       0x20 /usr/local/bin/../lib/gcc/arm-none-eabi/10.3.1/../../../../arm-none-eabi/lib/thumb/v7e-m+fp/hard/libc_nano.a(lib_a-isattyr.o)
                0x00000000080068c4                _isatty_r
 .text._lseek_r
                0x00000000080068e4       0x24 /usr/local/bin/../lib/gcc/arm-none-eabi/10.3.1/../../../../arm-none-eabi/lib/thumb/v7e-m+fp/hard/libc_nano.a(lib_a-lseekr.o)
                0x00000000080068e4                _lseek_r
 .text.__malloc_lock
                0x0000000008006908        0xc /usr/local/bin/../lib/gcc/arm-none-eabi/10.3.1/../../../../arm-none-eabi/lib/thumb/v7e-m+fp/hard/libc_nano.a(lib_a-mlock.o)
                0x0000000008006908                __malloc_lock
 .text.__malloc_unlock
                0x0000000008006914        0xc /usr/local/bin/../lib/gcc/arm-none-eabi/10.3.1/../../../../arm-none-eabi/lib/thumb/v7e-m+fp/hard/libc_nano.a(lib_a-mlock.o)
                0x0000000008006914                __malloc_unlock
 .text._read_r  0x0000000008006920       0x24 /usr/local/bin/../lib/gcc/arm-none-eabi/10.3.1/../../../../arm-none-eabi/lib/thumb/v7e-m+fp/hard/libc_nano.a(lib_a-readr.o)
                0x0000000008006920                _read_r
 .text.acos     0x0000000008006944       0x68 /usr/local/bin/../lib/gcc/arm-none-eabi/10.3.1/../../../../arm-none-eabi/lib/thumb/v7e-m+fp/hard/libm.a(lib_a-w_acos.o)
                0x0000000008006944                acos
 .text.sqrt     0x00000000080069ac       0x68 /usr/local/bin/../lib/gcc/arm-none-eabi/10.3.1/../../../../arm-none-eabi/lib/thumb/v7e-m+fp/hard/libm.a(lib_a-w_sqrt.o)
                0x00000000080069ac                sqrt
 *fill*         0x0000000008006a14        0x4 
 .text.__ieee754_acos
                0x0000000008006a18      0x4e0 /usr/local/bin/../lib/gcc/arm-none-eabi/10.3.1/../../../../arm-none-eabi/lib/thumb/v7e-m+fp/hard/libm.a(lib_a-e_acos.o)
                0x0000000008006a18                __ieee754_acos
 .text.__ieee754_sqrt
                0x0000000008006ef8      0x198 /usr/local/bin/../lib/gcc/arm-none-eabi/10.3.1/../../../../arm-none-eabi/lib/thumb/v7e-m+fp/hard/libm.a(lib_a-e_sqrt.o)
                0x0000000008006ef8                __ieee754_sqrt
 .text.fabs     0x0000000008007090       0x14 /usr/local/bin/../lib/gcc/arm-none-eabi/10.3.1/../../../../arm-none-eabi/lib/thumb/v7e-m+fp/hard/libm.a(lib_a-s_fabs.o)
                0x0000000008007090                fabs
 *fill*         0x00000000080070a4        0x4 
 .text.nan      0x00000000080070a8       0x10 /usr/local/bin/../lib/gcc/arm-none-eabi/10.3.1/../../../../arm-none-eabi/lib/thumb/v7e-m+fp/hard/libm.a(lib_a-s_nan.o)
                0x00000000080070a8                nan
 *(.glue_7)
 .glue_7        0x00000000080070b8        0x0 linker stubs
 *(.glue_7t)
 .glue_7t       0x00000000080070b8        0x0 linker stubs
 *(.eh_frame)
 .eh_frame      0x00000000080070b8        0x0 /usr/local/bin/../lib/gcc/arm-none-eabi/10.3.1/thumb/v7e-m+fp/hard/crtbegin.o
 *(.init)
 .init          0x00000000080070b8        0x4 /usr/local/bin/../lib/gcc/arm-none-eabi/10.3.1/thumb/v7e-m+fp/hard/crti.o
                0x00000000080070b8                _init
 .init          0x00000000080070bc        0x8 /usr/local/bin/../lib/gcc/arm-none-eabi/10.3.1/thumb/v7e-m+fp/hard/crtn.o
 *(.fini)
 .fini          0x00000000080070c4        0x4 /usr/local/bin/../lib/gcc/arm-none-eabi/10.3.1/thumb/v7e-m+fp/hard/crti.o
                0x00000000080070c4                _fini
 .fini          0x00000000080070c8        0x8 /usr/local/bin/../lib/gcc/arm-none-eabi/10.3.1/thumb/v7e-m+fp/hard/crtn.o
                0x00000000080070d0                . = ALIGN (0x4)
                0x00000000080070d0                _etext = .

.vfp11_veneer   0x00000000080070d0        0x0
 .vfp11_veneer  0x00000000080070d0        0x0 linker stubs

.v4_bx          0x00000000080070d0        0x0
 .v4_bx         0x00000000080070d0        0x0 linker stubs

.iplt           0x00000000080070d0        0x0
 .iplt          0x00000000080070d0        0x0 /usr/local/bin/../lib/gcc/arm-none-eabi/10.3.1/thumb/v7e-m+fp/hard/crtbegin.o

.rodata         0x00000000080070d0      0x1e4
                0x00000000080070d0                . = ALIGN (0x4)
 *(.rodata)
 *(.rodata*)
 .rodata.TaskAdd.str1.4
                0x00000000080070d0       0x28 build/main.o
 .rodata.KillTask.str1.4
                0x00000000080070f8       0x11 build/main.o
 *fill*         0x0000000008007109        0x3 
 .rodata.ClearScreen.str1.4
                0x000000000800710c        0x8 build/main.o
 .rodata.main.str1.4
                0x0000000008007114       0x3d build/main.o
 *fill*         0x0000000008007151        0x3 
 .rodata.angle_to_pwm.str1.4
                0x0000000008007154       0x6d build/robot_servos.o
 *fill*         0x00000000080071c1        0x3 
 .rodata.motor_run.str1.4
                0x00000000080071c4       0x16 build/robot_servos.o
 *fill*         0x00000000080071da        0x2 
 .rodata.robot_PickItem.str1.4
                0x00000000080071dc        0x7 build/robot_servos.o
 *fill*         0x00000000080071e3        0x1 
 .rodata.robot_DropItem.str1.4
                0x00000000080071e4        0x7 build/robot_servos.o
 *fill*         0x00000000080071eb        0x1 
 .rodata.AHBPrescTable
                0x00000000080071ec       0x10 build/system_stm32f4xx.o
                0x00000000080071ec                AHBPrescTable
 .rodata.APBPrescTable
                0x00000000080071fc        0x8 build/system_stm32f4xx.o
                0x00000000080071fc                APBPrescTable
 .rodata.vTaskStartScheduler.str1.4
                0x0000000008007204        0x5 build/tasks.o
 *fill*         0x0000000008007209        0x3 
 .rodata.prvCheckForValidListAndQueue.str1.4
                0x000000000800720c        0x5 build/timers.o
 *fill*         0x0000000008007211        0x3 
 .rodata.xTimerCreateTimerTask.str1.4
                0x0000000008007214        0x8 build/timers.o
 .rodata._global_impure_ptr
                0x000000000800721c        0x4 /usr/local/bin/../lib/gcc/arm-none-eabi/10.3.1/../../../../arm-none-eabi/lib/thumb/v7e-m+fp/hard/libc_nano.a(lib_a-impure.o)
                0x000000000800721c                _global_impure_ptr
 .rodata.__sf_fake_stderr
                0x0000000008007220       0x20 /usr/local/bin/../lib/gcc/arm-none-eabi/10.3.1/../../../../arm-none-eabi/lib/thumb/v7e-m+fp/hard/libc_nano.a(lib_a-findfp.o)
                0x0000000008007220                __sf_fake_stderr
 .rodata.__sf_fake_stdin
                0x0000000008007240       0x20 /usr/local/bin/../lib/gcc/arm-none-eabi/10.3.1/../../../../arm-none-eabi/lib/thumb/v7e-m+fp/hard/libc_nano.a(lib_a-findfp.o)
                0x0000000008007240                __sf_fake_stdin
 .rodata.__sf_fake_stdout
                0x0000000008007260       0x20 /usr/local/bin/../lib/gcc/arm-none-eabi/10.3.1/../../../../arm-none-eabi/lib/thumb/v7e-m+fp/hard/libc_nano.a(lib_a-findfp.o)
                0x0000000008007260                __sf_fake_stdout
 .rodata._vfprintf_r.str1.1
                0x0000000008007280       0x11 /usr/local/bin/../lib/gcc/arm-none-eabi/10.3.1/../../../../arm-none-eabi/lib/thumb/v7e-m+fp/hard/libc_nano.a(lib_a-nano-vfprintf.o)
 .rodata._printf_i.str1.1
                0x0000000008007291       0x22 /usr/local/bin/../lib/gcc/arm-none-eabi/10.3.1/../../../../arm-none-eabi/lib/thumb/v7e-m+fp/hard/libc_nano.a(lib_a-nano-vfprintf_i.o)
 .rodata.acos.str1.4
                0x00000000080072b3        0x8 /usr/local/bin/../lib/gcc/arm-none-eabi/10.3.1/../../../../arm-none-eabi/lib/thumb/v7e-m+fp/hard/libm.a(lib_a-w_acos.o)
                                          0x1 (size before relaxing)
                0x00000000080072bc                . = ALIGN (0x4)
 *fill*         0x00000000080072b3        0x1 

.ARM.extab
 *(.ARM.extab* .gnu.linkonce.armextab.*)

.ARM            0x00000000080072b4        0x8
                0x00000000080072b4                __exidx_start = .
 *(.ARM.exidx*)
 .ARM.exidx     0x00000000080072b4        0x8 /usr/local/bin/../lib/gcc/arm-none-eabi/10.3.1/thumb/v7e-m+fp/hard/libgcc.a(_udivmoddi4.o)
                0x00000000080072bc                __exidx_end = .

.rel.dyn        0x00000000080072bc        0x0
 .rel.iplt      0x00000000080072bc        0x0 /usr/local/bin/../lib/gcc/arm-none-eabi/10.3.1/thumb/v7e-m+fp/hard/crtbegin.o

.preinit_array  0x00000000080072bc        0x0
                0x00000000080072bc                PROVIDE (__preinit_array_start = .)
 *(.preinit_array*)
                0x00000000080072bc                PROVIDE (__preinit_array_end = .)

.init_array     0x00000000080072bc        0x4
                0x00000000080072bc                PROVIDE (__init_array_start = .)
 *(SORT_BY_NAME(.init_array.*))
 *(.init_array*)
 .init_array    0x00000000080072bc        0x4 /usr/local/bin/../lib/gcc/arm-none-eabi/10.3.1/thumb/v7e-m+fp/hard/crtbegin.o
                0x00000000080072c0                PROVIDE (__init_array_end = .)

.fini_array     0x00000000080072c0        0x4
                [!provide]                        PROVIDE (__fini_array_start = .)
 *(SORT_BY_NAME(.fini_array.*))
 *(.fini_array*)
 .fini_array    0x00000000080072c0        0x4 /usr/local/bin/../lib/gcc/arm-none-eabi/10.3.1/thumb/v7e-m+fp/hard/crtbegin.o
                [!provide]                        PROVIDE (__fini_array_end = .)
                0x00000000080072c4                _sidata = LOADADDR (.data)

.data           0x0000000020000000       0x74 load address 0x00000000080072c4
                0x0000000020000000                . = ALIGN (0x4)
                0x0000000020000000                _sdata = .
 *(.data)
 *(.data*)
 .data.uwTickFreq
                0x0000000020000000        0x1 build/stm32f4xx_hal.o
                0x0000000020000000                uwTickFreq
 *fill*         0x0000000020000001        0x3 
 .data.uwTickPrio
                0x0000000020000004        0x4 build/stm32f4xx_hal.o
                0x0000000020000004                uwTickPrio
 .data.SystemCoreClock
                0x0000000020000008        0x4 build/system_stm32f4xx.o
                0x0000000020000008                SystemCoreClock
 .data.uxCriticalNesting
                0x000000002000000c        0x4 build/port.o
 .data._impure_ptr
                0x0000000020000010        0x4 /usr/local/bin/../lib/gcc/arm-none-eabi/10.3.1/../../../../arm-none-eabi/lib/thumb/v7e-m+fp/hard/libc_nano.a(lib_a-impure.o)
                0x0000000020000010                _impure_ptr
 .data.impure_data
                0x0000000020000014       0x60 /usr/local/bin/../lib/gcc/arm-none-eabi/10.3.1/../../../../arm-none-eabi/lib/thumb/v7e-m+fp/hard/libc_nano.a(lib_a-impure.o)
                0x0000000020000074                . = ALIGN (0x4)
                0x0000000020000074                _edata = .

.igot.plt       0x0000000020000074        0x0 load address 0x0000000008007338
 .igot.plt      0x0000000020000074        0x0 /usr/local/bin/../lib/gcc/arm-none-eabi/10.3.1/thumb/v7e-m+fp/hard/crtbegin.o
                0x0000000020000074                . = ALIGN (0x4)

.bss            0x0000000020000074     0x4b70 load address 0x0000000008007338
                0x0000000020000074                _sbss = .
                0x0000000020000074                __bss_start__ = _sbss
 *(.bss)
 .bss           0x0000000020000074       0x1c /usr/local/bin/../lib/gcc/arm-none-eabi/10.3.1/thumb/v7e-m+fp/hard/crtbegin.o
 *(.bss*)
 .bss.ButtonPressedHandle
                0x0000000020000090        0x4 build/main.o
                0x0000000020000090                ButtonPressedHandle
 .bss.Task01Handle
                0x0000000020000094        0x4 build/main.o
                0x0000000020000094                Task01Handle
 .bss.hi2c2     0x0000000020000098       0x54 build/main.o
                0x0000000020000098                hi2c2
 .bss.hi2s3     0x00000000200000ec       0x48 build/main.o
                0x00000000200000ec                hi2s3
 .bss.hspi2     0x0000000020000134       0x58 build/main.o
                0x0000000020000134                hspi2
 .bss.htim3     0x000000002000018c       0x48 build/main.o
                0x000000002000018c                htim3
 .bss.htim4     0x00000000200001d4       0x48 build/main.o
                0x00000000200001d4                htim4
 .bss.huart2    0x000000002000021c       0x48 build/main.o
                0x000000002000021c                huart2
 .bss.dropItem_TaskHandle
                0x0000000020000264        0x4 build/robot_servos.o
                0x0000000020000264                dropItem_TaskHandle
 .bss.motor_1   0x0000000020000268        0x4 build/robot_servos.o
                0x0000000020000268                motor_1
 .bss.motor_2   0x000000002000026c        0x4 build/robot_servos.o
                0x000000002000026c                motor_2
 .bss.motor_3   0x0000000020000270        0x4 build/robot_servos.o
                0x0000000020000270                motor_3
 .bss.motor_4   0x0000000020000274        0x4 build/robot_servos.o
                0x0000000020000274                motor_4
 .bss.pickItem_TaskHandle
                0x0000000020000278        0x4 build/robot_servos.o
                0x0000000020000278                pickItem_TaskHandle
 .bss.pulse_value
                0x000000002000027c        0x4 build/robot_servos.o
                0x000000002000027c                pulse_value
 .bss.uwTick    0x0000000020000280        0x4 build/stm32f4xx_hal.o
                0x0000000020000280                uwTick
 .bss.xQueueRegistry
                0x0000000020000284       0x40 build/queue.o
                0x0000000020000284                xQueueRegistry
 .bss.pxCurrentTCB
                0x00000000200002c4        0x4 build/tasks.o
                0x00000000200002c4                pxCurrentTCB
 .bss.pxDelayedTaskList
                0x00000000200002c8        0x4 build/tasks.o
 .bss.pxOverflowDelayedTaskList
                0x00000000200002cc        0x4 build/tasks.o
 .bss.pxReadyTasksLists
                0x00000000200002d0      0x460 build/tasks.o
 .bss.uxCurrentNumberOfTasks
                0x0000000020000730        0x4 build/tasks.o
 .bss.uxDeletedTasksWaitingCleanUp
                0x0000000020000734        0x4 build/tasks.o
 .bss.uxSchedulerSuspended
                0x0000000020000738        0x4 build/tasks.o
 .bss.uxTaskNumber
                0x000000002000073c        0x4 build/tasks.o
 .bss.uxTopReadyPriority
                0x0000000020000740        0x4 build/tasks.o
 .bss.xDelayedTaskList1
                0x0000000020000744       0x14 build/tasks.o
 .bss.xDelayedTaskList2
                0x0000000020000758       0x14 build/tasks.o
 .bss.xIdleTaskHandle
                0x000000002000076c        0x4 build/tasks.o
 .bss.xNextTaskUnblockTime
                0x0000000020000770        0x4 build/tasks.o
 .bss.xNumOfOverflows
                0x0000000020000774        0x4 build/tasks.o
 .bss.xPendedTicks
                0x0000000020000778        0x4 build/tasks.o
 .bss.xPendingReadyList
                0x000000002000077c       0x14 build/tasks.o
 .bss.xSchedulerRunning
                0x0000000020000790        0x4 build/tasks.o
 .bss.xSuspendedTaskList
                0x0000000020000794       0x14 build/tasks.o
 .bss.xTasksWaitingTermination
                0x00000000200007a8       0x14 build/tasks.o
 .bss.xTickCount
                0x00000000200007bc        0x4 build/tasks.o
 .bss.xYieldPending
                0x00000000200007c0        0x4 build/tasks.o
 .bss.pxCurrentTimerList
                0x00000000200007c4        0x4 build/timers.o
 .bss.pxOverflowTimerList
                0x00000000200007c8        0x4 build/timers.o
 .bss.ucStaticTimerQueueStorage.1
                0x00000000200007cc       0xa0 build/timers.o
 .bss.xActiveTimerList1
                0x000000002000086c       0x14 build/timers.o
 .bss.xActiveTimerList2
                0x0000000020000880       0x14 build/timers.o
 .bss.xLastTime.2
                0x0000000020000894        0x4 build/timers.o
 .bss.xStaticTimerQueue.0
                0x0000000020000898       0x50 build/timers.o
 .bss.xTimerQueue
                0x00000000200008e8        0x4 build/timers.o
 .bss.xTimerTaskHandle
                0x00000000200008ec        0x4 build/timers.o
 .bss.Idle_Stack.2
                0x00000000200008f0      0x200 build/cmsis_os2.o
 .bss.Idle_TCB.3
                0x0000000020000af0       0x5c build/cmsis_os2.o
 .bss.Timer_Stack.0
                0x0000000020000b4c      0x400 build/cmsis_os2.o
 .bss.Timer_TCB.1
                0x0000000020000f4c       0x5c build/cmsis_os2.o
 .bss.pxEnd     0x0000000020000fa8        0x4 build/heap_4.o
 .bss.ucHeap    0x0000000020000fac     0x3c00 build/heap_4.o
 .bss.xBlockAllocatedBit
                0x0000000020004bac        0x4 build/heap_4.o
 .bss.xFreeBytesRemaining
                0x0000000020004bb0        0x4 build/heap_4.o
 .bss.xMinimumEverFreeBytesRemaining
                0x0000000020004bb4        0x4 build/heap_4.o
 .bss.xNumberOfSuccessfulAllocations
                0x0000000020004bb8        0x4 build/heap_4.o
 .bss.xNumberOfSuccessfulFrees
                0x0000000020004bbc        0x4 build/heap_4.o
 .bss.xStart    0x0000000020004bc0        0x8 build/heap_4.o
 .bss.ucMaxSysCallPriority
                0x0000000020004bc8        0x1 build/port.o
 *fill*         0x0000000020004bc9        0x3 
 .bss.ulMaxPRIGROUPValue
                0x0000000020004bcc        0x4 build/port.o
 .bss.__sbrk_heap_end
                0x0000000020004bd0        0x4 build/sysmem.o
 .bss.__lock___malloc_recursive_mutex
                0x0000000020004bd4        0x1 /usr/local/bin/../lib/gcc/arm-none-eabi/10.3.1/../../../../arm-none-eabi/lib/thumb/v7e-m+fp/hard/libc_nano.a(lib_a-lock.o)
                0x0000000020004bd4                __lock___malloc_recursive_mutex
 .bss.__lock___sfp_recursive_mutex
                0x0000000020004bd5        0x1 /usr/local/bin/../lib/gcc/arm-none-eabi/10.3.1/../../../../arm-none-eabi/lib/thumb/v7e-m+fp/hard/libc_nano.a(lib_a-lock.o)
                0x0000000020004bd5                __lock___sfp_recursive_mutex
 .bss.__lock___sinit_recursive_mutex
                0x0000000020004bd6        0x1 /usr/local/bin/../lib/gcc/arm-none-eabi/10.3.1/../../../../arm-none-eabi/lib/thumb/v7e-m+fp/hard/libc_nano.a(lib_a-lock.o)
                0x0000000020004bd6                __lock___sinit_recursive_mutex
 *fill*         0x0000000020004bd7        0x1 
 .bss.__malloc_free_list
                0x0000000020004bd8        0x4 /usr/local/bin/../lib/gcc/arm-none-eabi/10.3.1/../../../../arm-none-eabi/lib/thumb/v7e-m+fp/hard/libc_nano.a(lib_a-nano-mallocr.o)
                0x0000000020004bd8                __malloc_free_list
 .bss.__malloc_sbrk_start
                0x0000000020004bdc        0x4 /usr/local/bin/../lib/gcc/arm-none-eabi/10.3.1/../../../../arm-none-eabi/lib/thumb/v7e-m+fp/hard/libc_nano.a(lib_a-nano-mallocr.o)
                0x0000000020004bdc                __malloc_sbrk_start
 .bss.errno     0x0000000020004be0        0x4 /usr/local/bin/../lib/gcc/arm-none-eabi/10.3.1/../../../../arm-none-eabi/lib/thumb/v7e-m+fp/hard/libc_nano.a(lib_a-reent.o)
                0x0000000020004be0                errno
 *(COMMON)
                0x0000000020004be4                . = ALIGN (0x4)
                0x0000000020004be4                _ebss = .
                0x0000000020004be4                __bss_end__ = _ebss

._user_heap_stack
                0x0000000020004be4      0x604 load address 0x0000000008007338
                0x0000000020004be8                . = ALIGN (0x8)
 *fill*         0x0000000020004be4        0x4 
                [!provide]                        PROVIDE (end = .)
                0x0000000020004be8                PROVIDE (_end = .)
                0x0000000020004de8                . = (. + _Min_Heap_Size)
 *fill*         0x0000000020004be8      0x200 
                0x00000000200051e8                . = (. + _Min_Stack_Size)
 *fill*         0x0000000020004de8      0x400 
                0x00000000200051e8                . = ALIGN (0x8)

/DISCARD/
 libc.a(*)
 libm.a(*)
 libgcc.a(*)

.ARM.attributes
                0x0000000000000000       0x30
 *(.ARM.attributes)
 .ARM.attributes
                0x0000000000000000       0x1e /usr/local/bin/../lib/gcc/arm-none-eabi/10.3.1/thumb/v7e-m+fp/hard/crti.o
 .ARM.attributes
                0x000000000000001e       0x34 /usr/local/bin/../lib/gcc/arm-none-eabi/10.3.1/thumb/v7e-m+fp/hard/crtbegin.o
 .ARM.attributes
                0x0000000000000052       0x34 build/main.o
 .ARM.attributes
                0x0000000000000086       0x34 build/robot_servos.o
 .ARM.attributes
                0x00000000000000ba       0x34 build/stm32f4xx_it.o
 .ARM.attributes
                0x00000000000000ee       0x34 build/stm32f4xx_hal_msp.o
 .ARM.attributes
                0x0000000000000122       0x34 build/stm32f4xx_hal_rcc.o
 .ARM.attributes
                0x0000000000000156       0x34 build/stm32f4xx_hal_rcc_ex.o
 .ARM.attributes
                0x000000000000018a       0x34 build/stm32f4xx_hal_gpio.o
 .ARM.attributes
                0x00000000000001be       0x34 build/stm32f4xx_hal_cortex.o
 .ARM.attributes
                0x00000000000001f2       0x34 build/stm32f4xx_hal.o
 .ARM.attributes
                0x0000000000000226       0x34 build/stm32f4xx_hal_i2c.o
 .ARM.attributes
                0x000000000000025a       0x34 build/stm32f4xx_hal_i2s.o
 .ARM.attributes
                0x000000000000028e       0x34 build/stm32f4xx_hal_i2s_ex.o
 .ARM.attributes
                0x00000000000002c2       0x34 build/stm32f4xx_hal_spi.o
 .ARM.attributes
                0x00000000000002f6       0x34 build/stm32f4xx_hal_tim.o
 .ARM.attributes
                0x000000000000032a       0x34 build/stm32f4xx_hal_tim_ex.o
 .ARM.attributes
                0x000000000000035e       0x34 build/stm32f4xx_hal_uart.o
 .ARM.attributes
                0x0000000000000392       0x34 build/system_stm32f4xx.o
 .ARM.attributes
                0x00000000000003c6       0x34 build/list.o
 .ARM.attributes
                0x00000000000003fa       0x34 build/queue.o
 .ARM.attributes
                0x000000000000042e       0x34 build/tasks.o
 .ARM.attributes
                0x0000000000000462       0x34 build/timers.o
 .ARM.attributes
                0x0000000000000496       0x34 build/cmsis_os2.o
 .ARM.attributes
                0x00000000000004ca       0x34 build/heap_4.o
 .ARM.attributes
                0x00000000000004fe       0x34 build/port.o
 .ARM.attributes
                0x0000000000000532       0x34 build/sysmem.o
 .ARM.attributes
                0x0000000000000566       0x34 build/syscalls.o
 .ARM.attributes
                0x000000000000059a       0x21 build/startup_stm32f411xe.o
 .ARM.attributes
                0x00000000000005bb       0x34 /usr/local/bin/../lib/gcc/arm-none-eabi/10.3.1/../../../../arm-none-eabi/lib/thumb/v7e-m+fp/hard/libc_nano.a(lib_a-errno.o)
 .ARM.attributes
                0x00000000000005ef       0x34 /usr/local/bin/../lib/gcc/arm-none-eabi/10.3.1/../../../../arm-none-eabi/lib/thumb/v7e-m+fp/hard/libc_nano.a(lib_a-impure.o)
 .ARM.attributes
                0x0000000000000623       0x34 /usr/local/bin/../lib/gcc/arm-none-eabi/10.3.1/../../../../arm-none-eabi/lib/thumb/v7e-m+fp/hard/libc_nano.a(lib_a-init.o)
 .ARM.attributes
                0x0000000000000657       0x34 /usr/local/bin/../lib/gcc/arm-none-eabi/10.3.1/../../../../arm-none-eabi/lib/thumb/v7e-m+fp/hard/libc_nano.a(lib_a-memcpy-stub.o)
 .ARM.attributes
                0x000000000000068b       0x34 /usr/local/bin/../lib/gcc/arm-none-eabi/10.3.1/../../../../arm-none-eabi/lib/thumb/v7e-m+fp/hard/libc_nano.a(lib_a-memset.o)
 .ARM.attributes
                0x00000000000006bf       0x34 /usr/local/bin/../lib/gcc/arm-none-eabi/10.3.1/../../../../arm-none-eabi/lib/thumb/v7e-m+fp/hard/libc_nano.a(lib_a-printf.o)
 .ARM.attributes
                0x00000000000006f3       0x34 /usr/local/bin/../lib/gcc/arm-none-eabi/10.3.1/../../../../arm-none-eabi/lib/thumb/v7e-m+fp/hard/libc_nano.a(lib_a-puts.o)
 .ARM.attributes
                0x0000000000000727       0x34 /usr/local/bin/../lib/gcc/arm-none-eabi/10.3.1/../../../../arm-none-eabi/lib/thumb/v7e-m+fp/hard/libc_nano.a(lib_a-wbuf.o)
 .ARM.attributes
                0x000000000000075b       0x34 /usr/local/bin/../lib/gcc/arm-none-eabi/10.3.1/../../../../arm-none-eabi/lib/thumb/v7e-m+fp/hard/libc_nano.a(lib_a-wsetup.o)
 .ARM.attributes
                0x000000000000078f       0x34 /usr/local/bin/../lib/gcc/arm-none-eabi/10.3.1/../../../../arm-none-eabi/lib/thumb/v7e-m+fp/hard/libc_nano.a(lib_a-fflush.o)
 .ARM.attributes
                0x00000000000007c3       0x34 /usr/local/bin/../lib/gcc/arm-none-eabi/10.3.1/../../../../arm-none-eabi/lib/thumb/v7e-m+fp/hard/libc_nano.a(lib_a-findfp.o)
 .ARM.attributes
                0x00000000000007f7       0x34 /usr/local/bin/../lib/gcc/arm-none-eabi/10.3.1/../../../../arm-none-eabi/lib/thumb/v7e-m+fp/hard/libc_nano.a(lib_a-fwalk.o)
 .ARM.attributes
                0x000000000000082b       0x34 /usr/local/bin/../lib/gcc/arm-none-eabi/10.3.1/../../../../arm-none-eabi/lib/thumb/v7e-m+fp/hard/libc_nano.a(lib_a-lock.o)
 .ARM.attributes
                0x000000000000085f       0x34 /usr/local/bin/../lib/gcc/arm-none-eabi/10.3.1/../../../../arm-none-eabi/lib/thumb/v7e-m+fp/hard/libc_nano.a(lib_a-makebuf.o)
 .ARM.attributes
                0x0000000000000893       0x34 /usr/local/bin/../lib/gcc/arm-none-eabi/10.3.1/../../../../arm-none-eabi/lib/thumb/v7e-m+fp/hard/libc_nano.a(lib_a-nano-freer.o)
 .ARM.attributes
                0x00000000000008c7       0x34 /usr/local/bin/../lib/gcc/arm-none-eabi/10.3.1/../../../../arm-none-eabi/lib/thumb/v7e-m+fp/hard/libc_nano.a(lib_a-nano-mallocr.o)
 .ARM.attributes
                0x00000000000008fb       0x34 /usr/local/bin/../lib/gcc/arm-none-eabi/10.3.1/../../../../arm-none-eabi/lib/thumb/v7e-m+fp/hard/libc_nano.a(lib_a-nano-vfprintf.o)
 .ARM.attributes
                0x000000000000092f       0x34 /usr/local/bin/../lib/gcc/arm-none-eabi/10.3.1/../../../../arm-none-eabi/lib/thumb/v7e-m+fp/hard/libc_nano.a(lib_a-nano-vfprintf_i.o)
 .ARM.attributes
                0x0000000000000963       0x34 /usr/local/bin/../lib/gcc/arm-none-eabi/10.3.1/../../../../arm-none-eabi/lib/thumb/v7e-m+fp/hard/libc_nano.a(lib_a-sbrkr.o)
 .ARM.attributes
                0x0000000000000997       0x34 /usr/local/bin/../lib/gcc/arm-none-eabi/10.3.1/../../../../arm-none-eabi/lib/thumb/v7e-m+fp/hard/libc_nano.a(lib_a-stdio.o)
 .ARM.attributes
                0x00000000000009cb       0x34 /usr/local/bin/../lib/gcc/arm-none-eabi/10.3.1/../../../../arm-none-eabi/lib/thumb/v7e-m+fp/hard/libc_nano.a(lib_a-writer.o)
 .ARM.attributes
                0x00000000000009ff       0x34 /usr/local/bin/../lib/gcc/arm-none-eabi/10.3.1/../../../../arm-none-eabi/lib/thumb/v7e-m+fp/hard/libc_nano.a(lib_a-closer.o)
 .ARM.attributes
                0x0000000000000a33       0x34 /usr/local/bin/../lib/gcc/arm-none-eabi/10.3.1/../../../../arm-none-eabi/lib/thumb/v7e-m+fp/hard/libc_nano.a(lib_a-fstatr.o)
 .ARM.attributes
                0x0000000000000a67       0x34 /usr/local/bin/../lib/gcc/arm-none-eabi/10.3.1/../../../../arm-none-eabi/lib/thumb/v7e-m+fp/hard/libc_nano.a(lib_a-isattyr.o)
 .ARM.attributes
                0x0000000000000a9b       0x34 /usr/local/bin/../lib/gcc/arm-none-eabi/10.3.1/../../../../arm-none-eabi/lib/thumb/v7e-m+fp/hard/libc_nano.a(lib_a-lseekr.o)
 .ARM.attributes
                0x0000000000000acf       0x1c /usr/local/bin/../lib/gcc/arm-none-eabi/10.3.1/../../../../arm-none-eabi/lib/thumb/v7e-m+fp/hard/libc_nano.a(lib_a-memchr.o)
 .ARM.attributes
                0x0000000000000aeb       0x34 /usr/local/bin/../lib/gcc/arm-none-eabi/10.3.1/../../../../arm-none-eabi/lib/thumb/v7e-m+fp/hard/libc_nano.a(lib_a-mlock.o)
 .ARM.attributes
                0x0000000000000b1f       0x34 /usr/local/bin/../lib/gcc/arm-none-eabi/10.3.1/../../../../arm-none-eabi/lib/thumb/v7e-m+fp/hard/libc_nano.a(lib_a-readr.o)
 .ARM.attributes
                0x0000000000000b53       0x34 /usr/local/bin/../lib/gcc/arm-none-eabi/10.3.1/../../../../arm-none-eabi/lib/thumb/v7e-m+fp/hard/libc_nano.a(lib_a-reent.o)
 .ARM.attributes
                0x0000000000000b87       0x34 /usr/local/bin/../lib/gcc/arm-none-eabi/10.3.1/../../../../arm-none-eabi/lib/thumb/v7e-m+fp/hard/libm.a(lib_a-w_acos.o)
 .ARM.attributes
                0x0000000000000bbb       0x34 /usr/local/bin/../lib/gcc/arm-none-eabi/10.3.1/../../../../arm-none-eabi/lib/thumb/v7e-m+fp/hard/libm.a(lib_a-w_sqrt.o)
 .ARM.attributes
                0x0000000000000bef       0x34 /usr/local/bin/../lib/gcc/arm-none-eabi/10.3.1/../../../../arm-none-eabi/lib/thumb/v7e-m+fp/hard/libm.a(lib_a-e_acos.o)
 .ARM.attributes
                0x0000000000000c23       0x34 /usr/local/bin/../lib/gcc/arm-none-eabi/10.3.1/../../../../arm-none-eabi/lib/thumb/v7e-m+fp/hard/libm.a(lib_a-e_sqrt.o)
 .ARM.attributes
                0x0000000000000c57       0x34 /usr/local/bin/../lib/gcc/arm-none-eabi/10.3.1/../../../../arm-none-eabi/lib/thumb/v7e-m+fp/hard/libm.a(lib_a-s_fabs.o)
 .ARM.attributes
                0x0000000000000c8b       0x34 /usr/local/bin/../lib/gcc/arm-none-eabi/10.3.1/../../../../arm-none-eabi/lib/thumb/v7e-m+fp/hard/libm.a(lib_a-s_nan.o)
 .ARM.attributes
                0x0000000000000cbf       0x1e /usr/local/bin/../lib/gcc/arm-none-eabi/10.3.1/thumb/v7e-m+fp/hard/libgcc.a(_arm_addsubdf3.o)
 .ARM.attributes
                0x0000000000000cdd       0x1e /usr/local/bin/../lib/gcc/arm-none-eabi/10.3.1/thumb/v7e-m+fp/hard/libgcc.a(_arm_muldivdf3.o)
 .ARM.attributes
                0x0000000000000cfb       0x1e /usr/local/bin/../lib/gcc/arm-none-eabi/10.3.1/thumb/v7e-m+fp/hard/libgcc.a(_arm_cmpdf2.o)
 .ARM.attributes
                0x0000000000000d19       0x1e /usr/local/bin/../lib/gcc/arm-none-eabi/10.3.1/thumb/v7e-m+fp/hard/libgcc.a(_arm_unorddf2.o)
 .ARM.attributes
                0x0000000000000d37       0x1e /usr/local/bin/../lib/gcc/arm-none-eabi/10.3.1/thumb/v7e-m+fp/hard/libgcc.a(_arm_fixdfsi.o)
 .ARM.attributes
                0x0000000000000d55       0x1e /usr/local/bin/../lib/gcc/arm-none-eabi/10.3.1/thumb/v7e-m+fp/hard/libgcc.a(_arm_truncdfsf2.o)
 .ARM.attributes
                0x0000000000000d73       0x1e /usr/local/bin/../lib/gcc/arm-none-eabi/10.3.1/thumb/v7e-m+fp/hard/libgcc.a(_aeabi_uldivmod.o)
 .ARM.attributes
                0x0000000000000d91       0x34 /usr/local/bin/../lib/gcc/arm-none-eabi/10.3.1/thumb/v7e-m+fp/hard/libgcc.a(_udivmoddi4.o)
 .ARM.attributes
                0x0000000000000dc5       0x1e /usr/local/bin/../lib/gcc/arm-none-eabi/10.3.1/thumb/v7e-m+fp/hard/libgcc.a(_dvmd_tls.o)
 .ARM.attributes
                0x0000000000000de3       0x1e /usr/local/bin/../lib/gcc/arm-none-eabi/10.3.1/thumb/v7e-m+fp/hard/crtn.o
OUTPUT(build/CapStoneProject_RTOS_File.elf elf32-littlearm)
LOAD linker stubs
LOAD /usr/local/bin/../lib/gcc/arm-none-eabi/10.3.1/../../../../arm-none-eabi/lib/thumb/v7e-m+fp/hard/libc.a
LOAD /usr/local/bin/../lib/gcc/arm-none-eabi/10.3.1/../../../../arm-none-eabi/lib/thumb/v7e-m+fp/hard/libm.a
LOAD /usr/local/bin/../lib/gcc/arm-none-eabi/10.3.1/thumb/v7e-m+fp/hard/libgcc.a

.debug_info     0x0000000000000000    0x28f48
 .debug_info    0x0000000000000000     0x24ec build/main.o
 .debug_info    0x00000000000024ec     0x1228 build/robot_servos.o
 .debug_info    0x0000000000003714      0x170 build/stm32f4xx_it.o
 .debug_info    0x0000000000003884     0x1e5a build/stm32f4xx_hal_msp.o
 .debug_info    0x00000000000056de      0xc13 build/stm32f4xx_hal_rcc.o
 .debug_info    0x00000000000062f1      0x775 build/stm32f4xx_hal_rcc_ex.o
 .debug_info    0x0000000000006a66      0x872 build/stm32f4xx_hal_gpio.o
 .debug_info    0x00000000000072d8     0x1136 build/stm32f4xx_hal_cortex.o
 .debug_info    0x000000000000840e      0xa66 build/stm32f4xx_hal.o
 .debug_info    0x0000000000008e74     0x3b97 build/stm32f4xx_hal_i2c.o
 .debug_info    0x000000000000ca0b     0x12b3 build/stm32f4xx_hal_i2s.o
 .debug_info    0x000000000000dcbe      0xe79 build/stm32f4xx_hal_i2s_ex.o
 .debug_info    0x000000000000eb37     0x1f21 build/stm32f4xx_hal_spi.o
 .debug_info    0x0000000000010a58     0x40c4 build/stm32f4xx_hal_tim.o
 .debug_info    0x0000000000014b1c     0x1c87 build/stm32f4xx_hal_tim_ex.o
 .debug_info    0x00000000000167a3     0x4326 build/stm32f4xx_hal_uart.o
 .debug_info    0x000000000001aac9      0x5e5 build/system_stm32f4xx.o
 .debug_info    0x000000000001b0ae      0x30f build/list.o
 .debug_info    0x000000000001b3bd     0x2968 build/queue.o
 .debug_info    0x000000000001dd25     0x333f build/tasks.o
 .debug_info    0x0000000000021064     0x1bd3 build/timers.o
 .debug_info    0x0000000000022c37     0x4d53 build/cmsis_os2.o
 .debug_info    0x000000000002798a      0x61a build/heap_4.o
 .debug_info    0x0000000000027fa4      0x5c8 build/port.o
 .debug_info    0x000000000002856c      0x185 build/sysmem.o
 .debug_info    0x00000000000286f1      0x835 build/syscalls.o
 .debug_info    0x0000000000028f26       0x22 build/startup_stm32f411xe.o

.debug_abbrev   0x0000000000000000     0x420f
 .debug_abbrev  0x0000000000000000      0x2fe build/main.o
 .debug_abbrev  0x00000000000002fe      0x26a build/robot_servos.o
 .debug_abbrev  0x0000000000000568       0xa4 build/stm32f4xx_it.o
 .debug_abbrev  0x000000000000060c      0x24f build/stm32f4xx_hal_msp.o
 .debug_abbrev  0x000000000000085b      0x2aa build/stm32f4xx_hal_rcc.o
 .debug_abbrev  0x0000000000000b05      0x1a1 build/stm32f4xx_hal_rcc_ex.o
 .debug_abbrev  0x0000000000000ca6      0x22b build/stm32f4xx_hal_gpio.o
 .debug_abbrev  0x0000000000000ed1      0x379 build/stm32f4xx_hal_cortex.o
 .debug_abbrev  0x000000000000124a      0x23a build/stm32f4xx_hal.o
 .debug_abbrev  0x0000000000001484      0x304 build/stm32f4xx_hal_i2c.o
 .debug_abbrev  0x0000000000001788      0x285 build/stm32f4xx_hal_i2s.o
 .debug_abbrev  0x0000000000001a0d      0x2c2 build/stm32f4xx_hal_i2s_ex.o
 .debug_abbrev  0x0000000000001ccf      0x29e build/stm32f4xx_hal_spi.o
 .debug_abbrev  0x0000000000001f6d      0x29a build/stm32f4xx_hal_tim.o
 .debug_abbrev  0x0000000000002207      0x2b0 build/stm32f4xx_hal_tim_ex.o
 .debug_abbrev  0x00000000000024b7      0x367 build/stm32f4xx_hal_uart.o
 .debug_abbrev  0x000000000000281e      0x11b build/system_stm32f4xx.o
 .debug_abbrev  0x0000000000002939      0x124 build/list.o
 .debug_abbrev  0x0000000000002a5d      0x3c4 build/queue.o
 .debug_abbrev  0x0000000000002e21      0x387 build/tasks.o
 .debug_abbrev  0x00000000000031a8      0x366 build/timers.o
 .debug_abbrev  0x000000000000350e      0x54e build/cmsis_os2.o
 .debug_abbrev  0x0000000000003a5c      0x269 build/heap_4.o
 .debug_abbrev  0x0000000000003cc5      0x28a build/port.o
 .debug_abbrev  0x0000000000003f4f       0xea build/sysmem.o
 .debug_abbrev  0x0000000000004039      0x1c4 build/syscalls.o
 .debug_abbrev  0x00000000000041fd       0x12 build/startup_stm32f411xe.o

.debug_loc      0x0000000000000000    0x25311
 .debug_loc     0x0000000000000000      0x458 build/main.o
 .debug_loc     0x0000000000000458      0x5f8 build/robot_servos.o
 .debug_loc     0x0000000000000a50       0x20 build/stm32f4xx_it.o
 .debug_loc     0x0000000000000a70      0x498 build/stm32f4xx_hal_msp.o
 .debug_loc     0x0000000000000f08      0x6e4 build/stm32f4xx_hal_rcc.o
 .debug_loc     0x00000000000015ec      0x477 build/stm32f4xx_hal_rcc_ex.o
 .debug_loc     0x0000000000001a63      0x5e8 build/stm32f4xx_hal_gpio.o
 .debug_loc     0x000000000000204b      0x7a4 build/stm32f4xx_hal_cortex.o
 .debug_loc     0x00000000000027ef      0x1e1 build/stm32f4xx_hal.o
 .debug_loc     0x00000000000029d0     0x4e61 build/stm32f4xx_hal_i2c.o
 .debug_loc     0x0000000000007831     0x139e build/stm32f4xx_hal_i2s.o
 .debug_loc     0x0000000000008bcf      0xaff build/stm32f4xx_hal_i2s_ex.o
 .debug_loc     0x00000000000096ce     0x233a build/stm32f4xx_hal_spi.o
 .debug_loc     0x000000000000ba08     0x5cc1 build/stm32f4xx_hal_tim.o
 .debug_loc     0x00000000000116c9     0x212a build/stm32f4xx_hal_tim_ex.o
 .debug_loc     0x00000000000137f3     0x4d30 build/stm32f4xx_hal_uart.o
 .debug_loc     0x0000000000018523      0x158 build/system_stm32f4xx.o
 .debug_loc     0x000000000001867b       0xe5 build/list.o
 .debug_loc     0x0000000000018760     0x1fe4 build/queue.o
 .debug_loc     0x000000000001a744     0x2c72 build/tasks.o
 .debug_loc     0x000000000001d3b6     0x1586 build/timers.o
 .debug_loc     0x000000000001e93c     0x5d9c build/cmsis_os2.o
 .debug_loc     0x00000000000246d8      0x4e4 build/heap_4.o
 .debug_loc     0x0000000000024bbc      0x1c0 build/port.o
 .debug_loc     0x0000000000024d7c       0x84 build/sysmem.o
 .debug_loc     0x0000000000024e00      0x511 build/syscalls.o

.debug_aranges  0x0000000000000000     0x1af0
 .debug_aranges
                0x0000000000000000       0x98 build/main.o
 .debug_aranges
                0x0000000000000098       0x50 build/robot_servos.o
 .debug_aranges
                0x00000000000000e8       0x50 build/stm32f4xx_it.o
 .debug_aranges
                0x0000000000000138       0x78 build/stm32f4xx_hal_msp.o
 .debug_aranges
                0x00000000000001b0       0x88 build/stm32f4xx_hal_rcc.o
 .debug_aranges
                0x0000000000000238       0x50 build/stm32f4xx_hal_rcc_ex.o
 .debug_aranges
                0x0000000000000288       0x58 build/stm32f4xx_hal_gpio.o
 .debug_aranges
                0x00000000000002e0       0xc0 build/stm32f4xx_hal_cortex.o
 .debug_aranges
                0x00000000000003a0       0xf0 build/stm32f4xx_hal.o
 .debug_aranges
                0x0000000000000490      0x2a8 build/stm32f4xx_hal_i2c.o
 .debug_aranges
                0x0000000000000738      0x108 build/stm32f4xx_hal_i2s.o
 .debug_aranges
                0x0000000000000840       0x88 build/stm32f4xx_hal_i2s_ex.o
 .debug_aranges
                0x00000000000008c8      0x1d0 build/stm32f4xx_hal_spi.o
 .debug_aranges
                0x0000000000000a98      0x3d0 build/stm32f4xx_hal_tim.o
 .debug_aranges
                0x0000000000000e68      0x168 build/stm32f4xx_hal_tim_ex.o
 .debug_aranges
                0x0000000000000fd0      0x208 build/stm32f4xx_hal_uart.o
 .debug_aranges
                0x00000000000011d8       0x28 build/system_stm32f4xx.o
 .debug_aranges
                0x0000000000001200       0x40 build/list.o
 .debug_aranges
                0x0000000000001240      0x158 build/queue.o
 .debug_aranges
                0x0000000000001398      0x208 build/tasks.o
 .debug_aranges
                0x00000000000015a0       0xf0 build/timers.o
 .debug_aranges
                0x0000000000001690      0x298 build/cmsis_os2.o
 .debug_aranges
                0x0000000000001928       0x58 build/heap_4.o
 .debug_aranges
                0x0000000000001980       0x80 build/port.o
 .debug_aranges
                0x0000000000001a00       0x20 build/sysmem.o
 .debug_aranges
                0x0000000000001a20       0xa8 build/syscalls.o
 .debug_aranges
                0x0000000000001ac8       0x28 build/startup_stm32f411xe.o

.debug_ranges   0x0000000000000000     0x1c78
 .debug_ranges  0x0000000000000000       0x88 build/main.o
 .debug_ranges  0x0000000000000088       0x40 build/robot_servos.o
 .debug_ranges  0x00000000000000c8       0x40 build/stm32f4xx_it.o
 .debug_ranges  0x0000000000000108       0x68 build/stm32f4xx_hal_msp.o
 .debug_ranges  0x0000000000000170       0x90 build/stm32f4xx_hal_rcc.o
 .debug_ranges  0x0000000000000200       0x40 build/stm32f4xx_hal_rcc_ex.o
 .debug_ranges  0x0000000000000240       0x48 build/stm32f4xx_hal_gpio.o
 .debug_ranges  0x0000000000000288      0x110 build/stm32f4xx_hal_cortex.o
 .debug_ranges  0x0000000000000398       0xe0 build/stm32f4xx_hal.o
 .debug_ranges  0x0000000000000478      0x2b0 build/stm32f4xx_hal_i2c.o
 .debug_ranges  0x0000000000000728      0x128 build/stm32f4xx_hal_i2s.o
 .debug_ranges  0x0000000000000850       0x90 build/stm32f4xx_hal_i2s_ex.o
 .debug_ranges  0x00000000000008e0      0x1c0 build/stm32f4xx_hal_spi.o
 .debug_ranges  0x0000000000000aa0      0x3c0 build/stm32f4xx_hal_tim.o
 .debug_ranges  0x0000000000000e60      0x158 build/stm32f4xx_hal_tim_ex.o
 .debug_ranges  0x0000000000000fb8      0x210 build/stm32f4xx_hal_uart.o
 .debug_ranges  0x00000000000011c8       0x18 build/system_stm32f4xx.o
 .debug_ranges  0x00000000000011e0       0x30 build/list.o
 .debug_ranges  0x0000000000001210      0x218 build/queue.o
 .debug_ranges  0x0000000000001428      0x338 build/tasks.o
 .debug_ranges  0x0000000000001760       0xe0 build/timers.o
 .debug_ranges  0x0000000000001840      0x2a0 build/cmsis_os2.o
 .debug_ranges  0x0000000000001ae0       0x48 build/heap_4.o
 .debug_ranges  0x0000000000001b28       0x88 build/port.o
 .debug_ranges  0x0000000000001bb0       0x10 build/sysmem.o
 .debug_ranges  0x0000000000001bc0       0x98 build/syscalls.o
 .debug_ranges  0x0000000000001c58       0x20 build/startup_stm32f411xe.o

.debug_line     0x0000000000000000    0x21e7e
 .debug_line    0x0000000000000000      0x96d build/main.o
 .debug_line    0x000000000000096d      0x47f build/robot_servos.o
 .debug_line    0x0000000000000dec      0x20a build/stm32f4xx_it.o
 .debug_line    0x0000000000000ff6      0x6d7 build/stm32f4xx_hal_msp.o
 .debug_line    0x00000000000016cd      0xaf9 build/stm32f4xx_hal_rcc.o
 .debug_line    0x00000000000021c6      0x60b build/stm32f4xx_hal_rcc_ex.o
 .debug_line    0x00000000000027d1      0x673 build/stm32f4xx_hal_gpio.o
 .debug_line    0x0000000000002e44      0x75c build/stm32f4xx_hal_cortex.o
 .debug_line    0x00000000000035a0      0x515 build/stm32f4xx_hal.o
 .debug_line    0x0000000000003ab5     0x5423 build/stm32f4xx_hal_i2c.o
 .debug_line    0x0000000000008ed8     0x13f1 build/stm32f4xx_hal_i2s.o
 .debug_line    0x000000000000a2c9     0x109b build/stm32f4xx_hal_i2s_ex.o
 .debug_line    0x000000000000b364     0x263c build/stm32f4xx_hal_spi.o
 .debug_line    0x000000000000d9a0     0x499e build/stm32f4xx_hal_tim.o
 .debug_line    0x000000000001233e     0x1bfc build/stm32f4xx_hal_tim_ex.o
 .debug_line    0x0000000000013f3a     0x426b build/stm32f4xx_hal_uart.o
 .debug_line    0x00000000000181a5      0x200 build/system_stm32f4xx.o
 .debug_line    0x00000000000183a5      0x309 build/list.o
 .debug_line    0x00000000000186ae     0x1fd2 build/queue.o
 .debug_line    0x000000000001a680     0x2cfa build/tasks.o
 .debug_line    0x000000000001d37a      0xea8 build/timers.o
 .debug_line    0x000000000001e222     0x2976 build/cmsis_os2.o
 .debug_line    0x0000000000020b98      0x6ba build/heap_4.o
 .debug_line    0x0000000000021252      0x6ba build/port.o
 .debug_line    0x000000000002190c      0x14a build/sysmem.o
 .debug_line    0x0000000000021a56      0x3b2 build/syscalls.o
 .debug_line    0x0000000000021e08       0x76 build/startup_stm32f411xe.o

.debug_str      0x0000000000000000     0x8842
 .debug_str     0x0000000000000000     0x142c build/main.o
                                       0x15ca (size before relaxing)
 .debug_str     0x000000000000142c      0x1f1 build/robot_servos.o
                                        0x95e (size before relaxing)
 .debug_str     0x000000000000161d       0xc4 build/stm32f4xx_it.o
                                        0x241 (size before relaxing)
 .debug_str     0x00000000000016e1      0x566 build/stm32f4xx_hal_msp.o
                                       0x1556 (size before relaxing)
 .debug_str     0x0000000000001c47      0x246 build/stm32f4xx_hal_rcc.o
                                        0x70a (size before relaxing)
 .debug_str     0x0000000000001e8d      0x10e build/stm32f4xx_hal_rcc_ex.o
                                        0x501 (size before relaxing)
 .debug_str     0x0000000000001f9b      0x114 build/stm32f4xx_hal_gpio.o
                                        0x4e4 (size before relaxing)
 .debug_str     0x00000000000020af      0x53a build/stm32f4xx_hal_cortex.o
                                        0xb0f (size before relaxing)
 .debug_str     0x00000000000025e9      0x290 build/stm32f4xx_hal.o
                                        0xa06 (size before relaxing)
 .debug_str     0x0000000000002879      0x8cb build/stm32f4xx_hal_i2c.o
                                       0x1034 (size before relaxing)
 .debug_str     0x0000000000003144      0x264 build/stm32f4xx_hal_i2s.o
                                        0x922 (size before relaxing)
 .debug_str     0x00000000000033a8      0x1ee build/stm32f4xx_hal_i2s_ex.o
                                        0x853 (size before relaxing)
 .debug_str     0x0000000000003596      0x4eb build/stm32f4xx_hal_spi.o
                                        0xbe6 (size before relaxing)
 .debug_str     0x0000000000003a81      0xdbf build/stm32f4xx_hal_tim.o
                                       0x16bb (size before relaxing)
 .debug_str     0x0000000000004840      0x521 build/stm32f4xx_hal_tim_ex.o
                                        0xeac (size before relaxing)
 .debug_str     0x0000000000004d61      0x5f3 build/stm32f4xx_hal_uart.o
                                        0xd8d (size before relaxing)
 .debug_str     0x0000000000005354       0x47 build/system_stm32f4xx.o
                                        0x379 (size before relaxing)
 .debug_str     0x000000000000539b      0x141 build/list.o
                                        0x2f4 (size before relaxing)
 .debug_str     0x00000000000054dc      0x9eb build/queue.o
                                        0xd0a (size before relaxing)
 .debug_str     0x0000000000005ec7      0xc31 build/tasks.o
                                       0x12d9 (size before relaxing)
 .debug_str     0x0000000000006af8      0x5d8 build/timers.o
                                        0xc3a (size before relaxing)
 .debug_str     0x00000000000070d0     0x109d build/cmsis_os2.o
                                       0x1fcb (size before relaxing)
 .debug_str     0x000000000000816d      0x2bf build/heap_4.o
                                        0x502 (size before relaxing)
 .debug_str     0x000000000000842c      0x17d build/port.o
                                        0x474 (size before relaxing)
 .debug_str     0x00000000000085a9       0x7a build/sysmem.o
                                        0x217 (size before relaxing)
 .debug_str     0x0000000000008623      0x1fb build/syscalls.o
                                        0x3eb (size before relaxing)
 .debug_str     0x000000000000881e       0x24 build/startup_stm32f411xe.o
                                         0x5c (size before relaxing)

.comment        0x0000000000000000       0x49
 .comment       0x0000000000000000       0x49 build/main.o
                                         0x4a (size before relaxing)
 .comment       0x0000000000000049       0x4a build/robot_servos.o
 .comment       0x0000000000000049       0x4a build/stm32f4xx_it.o
 .comment       0x0000000000000049       0x4a build/stm32f4xx_hal_msp.o
 .comment       0x0000000000000049       0x4a build/stm32f4xx_hal_rcc.o
 .comment       0x0000000000000049       0x4a build/stm32f4xx_hal_rcc_ex.o
 .comment       0x0000000000000049       0x4a build/stm32f4xx_hal_gpio.o
 .comment       0x0000000000000049       0x4a build/stm32f4xx_hal_cortex.o
 .comment       0x0000000000000049       0x4a build/stm32f4xx_hal.o
 .comment       0x0000000000000049       0x4a build/stm32f4xx_hal_i2c.o
 .comment       0x0000000000000049       0x4a build/stm32f4xx_hal_i2s.o
 .comment       0x0000000000000049       0x4a build/stm32f4xx_hal_i2s_ex.o
 .comment       0x0000000000000049       0x4a build/stm32f4xx_hal_spi.o
 .comment       0x0000000000000049       0x4a build/stm32f4xx_hal_tim.o