Archive member included to satisfy reference by file (symbol)

/usr/local/bin/../lib/gcc/arm-none-eabi/10.3.1/../../../../arm-none-eabi/lib/thumb/v7e-m+fp/hard/libc_nano.a(lib_a-errno.o)
                              build/sysmem.o (__errno)
/usr/local/bin/../lib/gcc/arm-none-eabi/10.3.1/../../../../arm-none-eabi/lib/thumb/v7e-m+fp/hard/libc_nano.a(lib_a-exit.o)
                              /usr/local/bin/../lib/gcc/arm-none-eabi/10.3.1/../../../../arm-none-eabi/lib/thumb/v7e-m+fp/hard/crt0.o (exit)
/usr/local/bin/../lib/gcc/arm-none-eabi/10.3.1/../../../../arm-none-eabi/lib/thumb/v7e-m+fp/hard/libc_nano.a(lib_a-impure.o)
                              /usr/local/bin/../lib/gcc/arm-none-eabi/10.3.1/../../../../arm-none-eabi/lib/thumb/v7e-m+fp/hard/libc_nano.a(lib_a-exit.o) (_global_impure_ptr)
/usr/local/bin/../lib/gcc/arm-none-eabi/10.3.1/../../../../arm-none-eabi/lib/thumb/v7e-m+fp/hard/libc_nano.a(lib_a-init.o)
                              /usr/local/bin/../lib/gcc/arm-none-eabi/10.3.1/../../../../arm-none-eabi/lib/thumb/v7e-m+fp/hard/crt0.o (__libc_init_array)
/usr/local/bin/../lib/gcc/arm-none-eabi/10.3.1/../../../../arm-none-eabi/lib/thumb/v7e-m+fp/hard/libc_nano.a(lib_a-memcpy-stub.o)
                              build/queue.o (memcpy)
/usr/local/bin/../lib/gcc/arm-none-eabi/10.3.1/../../../../arm-none-eabi/lib/thumb/v7e-m+fp/hard/libc_nano.a(lib_a-memset.o)
                              /usr/local/bin/../lib/gcc/arm-none-eabi/10.3.1/../../../../arm-none-eabi/lib/thumb/v7e-m+fp/hard/crt0.o (memset)
/usr/local/bin/../lib/gcc/arm-none-eabi/10.3.1/../../../../arm-none-eabi/lib/thumb/v7e-m+fp/hard/libc_nano.a(lib_a-printf.o)
                              build/main.o (printf)
/usr/local/bin/../lib/gcc/arm-none-eabi/10.3.1/../../../../arm-none-eabi/lib/thumb/v7e-m+fp/hard/libc_nano.a(lib_a-puts.o)
                              build/main.o (puts)
/usr/local/bin/../lib/gcc/arm-none-eabi/10.3.1/../../../../arm-none-eabi/lib/thumb/v7e-m+fp/hard/libc_nano.a(lib_a-wbuf.o)
                              /usr/local/bin/../lib/gcc/arm-none-eabi/10.3.1/../../../../arm-none-eabi/lib/thumb/v7e-m+fp/hard/libc_nano.a(lib_a-puts.o) (__swbuf_r)
/usr/local/bin/../lib/gcc/arm-none-eabi/10.3.1/../../../../arm-none-eabi/lib/thumb/v7e-m+fp/hard/libc_nano.a(lib_a-wsetup.o)
                              /usr/local/bin/../lib/gcc/arm-none-eabi/10.3.1/../../../../arm-none-eabi/lib/thumb/v7e-m+fp/hard/libc_nano.a(lib_a-puts.o) (__swsetup_r)
/usr/local/bin/../lib/gcc/arm-none-eabi/10.3.1/../../../../arm-none-eabi/lib/thumb/v7e-m+fp/hard/libc_nano.a(lib_a-fflush.o)
                              /usr/local/bin/../lib/gcc/arm-none-eabi/10.3.1/../../../../arm-none-eabi/lib/thumb/v7e-m+fp/hard/libc_nano.a(lib_a-wbuf.o) (_fflush_r)
/usr/local/bin/../lib/gcc/arm-none-eabi/10.3.1/../../../../arm-none-eabi/lib/thumb/v7e-m+fp/hard/libc_nano.a(lib_a-findfp.o)
                              /usr/local/bin/../lib/gcc/arm-none-eabi/10.3.1/../../../../arm-none-eabi/lib/thumb/v7e-m+fp/hard/libc_nano.a(lib_a-printf.o) (__sinit)
/usr/local/bin/../lib/gcc/arm-none-eabi/10.3.1/../../../../arm-none-eabi/lib/thumb/v7e-m+fp/hard/libc_nano.a(lib_a-fwalk.o)
                              /usr/local/bin/../lib/gcc/arm-none-eabi/10.3.1/../../../../arm-none-eabi/lib/thumb/v7e-m+fp/hard/libc_nano.a(lib_a-findfp.o) (_fwalk)
/usr/local/bin/../lib/gcc/arm-none-eabi/10.3.1/../../../../arm-none-eabi/lib/thumb/v7e-m+fp/hard/libc_nano.a(lib_a-lock.o)
                              /usr/local/bin/../lib/gcc/arm-none-eabi/10.3.1/../../../../arm-none-eabi/lib/thumb/v7e-m+fp/hard/libc_nano.a(lib_a-findfp.o) (__retarget_lock_init_recursive)
/usr/local/bin/../lib/gcc/arm-none-eabi/10.3.1/../../../../arm-none-eabi/lib/thumb/v7e-m+fp/hard/libc_nano.a(lib_a-makebuf.o)
                              /usr/local/bin/../lib/gcc/arm-none-eabi/10.3.1/../../../../arm-none-eabi/lib/thumb/v7e-m+fp/hard/libc_nano.a(lib_a-wsetup.o) (__smakebuf_r)
/usr/local/bin/../lib/gcc/arm-none-eabi/10.3.1/../../../../arm-none-eabi/lib/thumb/v7e-m+fp/hard/libc_nano.a(lib_a-nano-freer.o)
                              /usr/local/bin/../lib/gcc/arm-none-eabi/10.3.1/../../../../arm-none-eabi/lib/thumb/v7e-m+fp/hard/libc_nano.a(lib_a-wsetup.o) (_free_r)
/usr/local/bin/../lib/gcc/arm-none-eabi/10.3.1/../../../../arm-none-eabi/lib/thumb/v7e-m+fp/hard/libc_nano.a(lib_a-nano-mallocr.o)
                              /usr/local/bin/../lib/gcc/arm-none-eabi/10.3.1/../../../../arm-none-eabi/lib/thumb/v7e-m+fp/hard/libc_nano.a(lib_a-findfp.o) (_malloc_r)
/usr/local/bin/../lib/gcc/arm-none-eabi/10.3.1/../../../../arm-none-eabi/lib/thumb/v7e-m+fp/hard/libc_nano.a(lib_a-nano-vfprintf.o)
                              /usr/local/bin/../lib/gcc/arm-none-eabi/10.3.1/../../../../arm-none-eabi/lib/thumb/v7e-m+fp/hard/libc_nano.a(lib_a-printf.o) (_vfprintf_r)
/usr/local/bin/../lib/gcc/arm-none-eabi/10.3.1/../../../../arm-none-eabi/lib/thumb/v7e-m+fp/hard/libc_nano.a(lib_a-nano-vfprintf_i.o)
[...]
Memory Configuration

Name             Origin             Length             Attributes
RAM              0x0000000020000000 0x000000000000c000 xrw
RAM2             0x0000000010000000 0x0000000000004000 xrw
FLASH            0x0000000008000000 0x0000000000040000 xr
*default*        0x0000000000000000 0xffffffffffffffff

Linker script and memory map

LOAD /usr/local/bin/../lib/gcc/arm-none-eabi/10.3.1/thumb/v7e-m+fp/hard/crti.o
LOAD /usr/local/bin/../lib/gcc/arm-none-eabi/10.3.1/thumb/v7e-m+fp/hard/crtbegin.o
LOAD /usr/local/bin/../lib/gcc/arm-none-eabi/10.3.1/../../../../arm-none-eabi/lib/thumb/v7e-m+fp/hard/crt0.o
LOAD build/main.o
LOAD build/AGV.o
LOAD build/freertos.o
LOAD build/stm32l4xx_it.o
LOAD build/stm32l4xx_hal_msp.o
LOAD build/stm32l4xx_hal_adc.o
LOAD build/stm32l4xx_hal_adc_ex.o
LOAD build/stm32l4xx_hal.o
LOAD build/stm32l4xx_hal_rcc.o
LOAD build/stm32l4xx_hal_rcc_ex.o
LOAD build/stm32l4xx_hal_flash.o
LOAD build/stm32l4xx_hal_flash_ex.o
LOAD build/stm32l4xx_hal_flash_ramfunc.o
LOAD build/stm32l4xx_hal_gpio.o
LOAD build/stm32l4xx_hal_i2c.o
LOAD build/stm32l4xx_hal_i2c_ex.o
LOAD build/stm32l4xx_hal_dma.o
LOAD build/stm32l4xx_hal_dma_ex.o
LOAD build/stm32l4xx_hal_pwr.o
LOAD build/stm32l4xx_hal_pwr_ex.o
LOAD build/stm32l4xx_hal_cortex.o
LOAD build/stm32l4xx_hal_exti.o
LOAD build/stm32l4xx_hal_spi.o
LOAD build/stm32l4xx_hal_spi_ex.o
LOAD build/stm32l4xx_hal_tim.o
LOAD build/stm32l4xx_hal_tim_ex.o
LOAD build/stm32l4xx_hal_uart.o
LOAD build/stm32l4xx_hal_uart_ex.o
LOAD build/system_stm32l4xx.o
LOAD build/croutine.o
LOAD build/event_groups.o
LOAD build/list.o
LOAD build/queue.o
LOAD build/stream_buffer.o
LOAD build/tasks.o
LOAD build/timers.o
LOAD build/cmsis_os2.o
LOAD build/heap_4.o
LOAD build/port.o
LOAD build/sysmem.o
LOAD build/syscalls.o
LOAD build/startup_stm32l432xx.o
LOAD /usr/local/bin/../lib/gcc/arm-none-eabi/10.3.1/../../../../arm-none-eabi/lib/thumb/v7e-m+fp/hard/libc_nano.a
LOAD /usr/local/bin/../lib/gcc/arm-none-eabi/10.3.1/../../../../arm-none-eabi/lib/thumb/v7e-m+fp/hard/libm.a
LOAD /usr/local/bin/../lib/gcc/arm-none-eabi/10.3.1/../../../../arm-none-eabi/lib/thumb/v7e-m+fp/hard/libnosys.a
START GROUP
LOAD /usr/local/bin/../lib/gcc/arm-none-eabi/10.3.1/thumb/v7e-m+fp/hard/libgcc.a
LOAD /usr/local/bin/../lib/gcc/arm-none-eabi/10.3.1/../../../../arm-none-eabi/lib/thumb/v7e-m+fp/hard/libc_nano.a
END GROUP
START GROUP
LOAD /usr/local/bin/../lib/gcc/arm-none-eabi/10.3.1/thumb/v7e-m+fp/hard/libgcc.a
LOAD /usr/local/bin/../lib/gcc/arm-none-eabi/10.3.1/../../../../arm-none-eabi/lib/thumb/v7e-m+fp/hard/libc_nano.a
END GROUP
LOAD /usr/local/bin/../lib/gcc/arm-none-eabi/10.3.1/thumb/v7e-m+fp/hard/crtend.o
LOAD /usr/local/bin/../lib/gcc/arm-none-eabi/10.3.1/thumb/v7e-m+fp/hard/crtn.o
                0x000000002000c000                _estack = (ORIGIN (RAM) + LENGTH (RAM))
                0x0000000000000200                _Min_Heap_Size = 0x200
                0x0000000000000400                _Min_Stack_Size = 0x400

.isr_vector     0x0000000008000000      0x190
                0x0000000008000000                . = ALIGN (0x8)
 *(.isr_vector)
 .isr_vector    0x0000000008000000      0x18c build/startup_stm32l432xx.o
                0x0000000008000000                g_pfnVectors
                0x0000000008000190                . = ALIGN (0x8)
 *fill*         0x000000000800018c        0x4 

.text           0x0000000008000190     0x6260
                0x0000000008000190                . = ALIGN (0x8)
 *(.text)
 .text          0x0000000008000190       0x40 /usr/local/bin/../lib/gcc/arm-none-eabi/10.3.1/thumb/v7e-m+fp/hard/crtbegin.o
 .text          0x00000000080001d0       0xa0 /usr/local/bin/../lib/gcc/arm-none-eabi/10.3.1/../../../../arm-none-eabi/lib/thumb/v7e-m+fp/hard/libc_nano.a(lib_a-memchr.o)
                0x00000000080001d0                memchr
 .text          0x0000000008000270      0x254 /usr/local/bin/../lib/gcc/arm-none-eabi/10.3.1/thumb/v7e-m+fp/hard/libgcc.a(_arm_muldf3.o)
                0x0000000008000270                __aeabi_dmul
                0x0000000008000270                __muldf3
 .text          0x00000000080004c4      0x378 /usr/local/bin/../lib/gcc/arm-none-eabi/10.3.1/thumb/v7e-m+fp/hard/libgcc.a(_arm_addsubdf3.o)
                0x00000000080004c4                __aeabi_drsub
                0x00000000080004cc                __aeabi_dsub
                0x00000000080004cc                __subdf3
                0x00000000080004d0                __adddf3
                0x00000000080004d0                __aeabi_dadd
                0x0000000008000748                __aeabi_ui2d
                0x0000000008000748                __floatunsidf
                0x0000000008000768                __floatsidf
                0x0000000008000768                __aeabi_i2d
                0x000000000800078c                __extendsfdf2
                0x000000000800078c                __aeabi_f2d
                0x00000000080007d0                __aeabi_ul2d
                0x00000000080007d0                __floatundidf
                0x00000000080007e0                __floatdidf
                0x00000000080007e0                __aeabi_l2d
 .text          0x000000000800083c       0x40 /usr/local/bin/../lib/gcc/arm-none-eabi/10.3.1/thumb/v7e-m+fp/hard/libgcc.a(_arm_fixunsdfsi.o)
                0x000000000800083c                __fixunsdfsi
                0x000000000800083c                __aeabi_d2uiz
 .text          0x000000000800087c       0x30 /usr/local/bin/../lib/gcc/arm-none-eabi/10.3.1/thumb/v7e-m+fp/hard/libgcc.a(_aeabi_uldivmod.o)
                0x000000000800087c                __aeabi_uldivmod
 .text          0x00000000080008ac      0x2d0 /usr/local/bin/../lib/gcc/arm-none-eabi/10.3.1/thumb/v7e-m+fp/hard/libgcc.a(_udivmoddi4.o)
                0x00000000080008ac                __udivmoddi4
 .text          0x0000000008000b7c        0x4 /usr/local/bin/../lib/gcc/arm-none-eabi/10.3.1/thumb/v7e-m+fp/hard/libgcc.a(_dvmd_tls.o)
                0x0000000008000b7c                __aeabi_ldiv0
                0x0000000008000b7c                __aeabi_idiv0
 *(.text*)
 .text.MX_GPIO_Init
                0x0000000008000b80       0xbc build/main.o
 .text.task01   0x0000000008000c3c       0x20 build/main.o
                0x0000000008000c3c                task01
 .text.task02   0x0000000008000c5c        0xa build/main.o
                0x0000000008000c5c                task02
 *fill*         0x0000000008000c66        0x2 
 .text.TaskAdd  0x0000000008000c68       0x40 build/main.o
                0x0000000008000c68                TaskAdd
 .text.__io_putchar
                0x0000000008000ca8       0x20 build/main.o
                0x0000000008000ca8                __io_putchar
 .text.Error_Handler
                0x0000000008000cc8        0x4 build/main.o
                0x0000000008000cc8                Error_Handler
 .text.MX_ADC1_Init
                0x0000000008000ccc       0x80 build/main.o
 .text.MX_SPI1_Init
                0x0000000008000d4c       0x48 build/main.o
 .text.MX_USART1_UART_Init
                0x0000000008000d94       0x38 build/main.o
 .text.MX_USART2_UART_Init
                0x0000000008000dcc       0x38 build/main.o
 .text.SystemClock_Config
                0x0000000008000e04       0x9c build/main.o
                0x0000000008000e04                SystemClock_Config
 .text.main     0x0000000008000ea0       0x7c build/main.o
                0x0000000008000ea0                main
 *fill*         0x0000000008000f1c        0x4 
 .text.Ultrasonic_GetDistance
                0x0000000008000f20       0x84 build/AGV.o
                0x0000000008000f20                Ultrasonic_GetDistance
 .text.Motor_Stop
                0x0000000008000fa4       0x38 build/AGV.o
                0x0000000008000fa4                Motor_Stop
 .text.Motor_MoveForward
                0x0000000008000fdc       0x38 build/AGV.o
                0x0000000008000fdc                Motor_MoveForward
 .text.Obstacle_CheckAndHandle
                0x0000000008001014       0x38 build/AGV.o
                0x0000000008001014                Obstacle_CheckAndHandle
 .text.Motor_TurnLeft
                0x000000000800104c       0x38 build/AGV.o
                0x000000000800104c                Motor_TurnLeft
 .text.Motor_TurnRight
                0x0000000008001084       0x38 build/AGV.o
                0x0000000008001084                Motor_TurnRight
 .text.LineFollowing
                0x00000000080010bc       0x4a build/AGV.o
                0x00000000080010bc                LineFollowing
 .text.NMI_Handler
                0x0000000008001106        0x2 build/stm32l4xx_it.o
                0x0000000008001106                NMI_Handler
 .text.HardFault_Handler
                0x0000000008001108        0x2 build/stm32l4xx_it.o
                0x0000000008001108                HardFault_Handler
 .text.MemManage_Handler
                0x000000000800110a        0x2 build/stm32l4xx_it.o
                0x000000000800110a                MemManage_Handler
 .text.BusFault_Handler
                0x000000000800110c        0x2 build/stm32l4xx_it.o
                0x000000000800110c                BusFault_Handler
 .text.UsageFault_Handler
                0x000000000800110e        0x2 build/stm32l4xx_it.o
                0x000000000800110e                UsageFault_Handler
 .text.DebugMon_Handler
                0x0000000008001110        0x2 build/stm32l4xx_it.o
                0x0000000008001110                DebugMon_Handler
 .text.SysTick_Handler
                0x0000000008001112       0x16 build/stm32l4xx_it.o
                0x0000000008001112                SysTick_Handler
 .text.USART1_IRQHandler
                0x0000000008001128       0x10 build/stm32l4xx_it.o
                0x0000000008001128                USART1_IRQHandler
 .text.HAL_MspInit
                0x0000000008001138       0x40 build/stm32l4xx_hal_msp.o
                0x0000000008001138                HAL_MspInit
 .text.HAL_ADC_MspInit
                0x0000000008001178       0xa0 build/stm32l4xx_hal_msp.o
                0x0000000008001178                HAL_ADC_MspInit
 .text.HAL_SPI_MspInit
                0x0000000008001218       0x68 build/stm32l4xx_hal_msp.o
                0x0000000008001218                HAL_SPI_MspInit
 .text.HAL_UART_MspInit
                0x0000000008001280      0x114 build/stm32l4xx_hal_msp.o
                0x0000000008001280                HAL_UART_MspInit
 .text.HAL_ADC_Init
                0x0000000008001394      0x1cc build/stm32l4xx_hal_adc.o
                0x0000000008001394                HAL_ADC_Init
 .text.HAL_ADC_ConfigChannel
                0x0000000008001560      0x49c build/stm32l4xx_hal_adc.o
                0x0000000008001560                HAL_ADC_ConfigChannel
 .text.HAL_InitTick
                0x00000000080019fc       0x50 build/stm32l4xx_hal.o
                0x00000000080019fc                HAL_InitTick
 .text.HAL_Init
                0x0000000008001a4c       0x1e build/stm32l4xx_hal.o
                0x0000000008001a4c                HAL_Init
 *fill*         0x0000000008001a6a        0x2 
 .text.HAL_IncTick
                0x0000000008001a6c       0x18 build/stm32l4xx_hal.o
                0x0000000008001a6c                HAL_IncTick
 .text.HAL_GetTick
                0x0000000008001a84        0xc build/stm32l4xx_hal.o
                0x0000000008001a84                HAL_GetTick
 .text.HAL_Delay
                0x0000000008001a90       0x28 build/stm32l4xx_hal.o
                0x0000000008001a90                HAL_Delay
 .text.RCC_SetFlashLatencyFromMSIRange
                0x0000000008001ab8       0x90 build/stm32l4xx_hal_rcc.o
 .text.HAL_RCC_GetSysClockFreq
                0x0000000008001b48       0xb4 build/stm32l4xx_hal_rcc.o
                0x0000000008001b48                HAL_RCC_GetSysClockFreq
 .text.HAL_RCC_OscConfig
                0x0000000008001bfc      0x66c build/stm32l4xx_hal_rcc.o
                0x0000000008001bfc                HAL_RCC_OscConfig
 .text.HAL_RCC_ClockConfig
                0x0000000008002268      0x188 build/stm32l4xx_hal_rcc.o
                0x0000000008002268                HAL_RCC_ClockConfig
 .text.HAL_RCC_GetHCLKFreq
                0x00000000080023f0        0xc build/stm32l4xx_hal_rcc.o
                0x00000000080023f0                HAL_RCC_GetHCLKFreq
 .text.HAL_RCC_GetPCLK1Freq
                0x00000000080023fc       0x24 build/stm32l4xx_hal_rcc.o
                0x00000000080023fc                HAL_RCC_GetPCLK1Freq
 .text.HAL_RCC_GetPCLK2Freq
                0x0000000008002420       0x24 build/stm32l4xx_hal_rcc.o
                0x0000000008002420                HAL_RCC_GetPCLK2Freq
 .text.RCCEx_PLLSAI1_Config
                0x0000000008002444      0x16c build/stm32l4xx_hal_rcc_ex.o
 .text.HAL_RCCEx_PeriphCLKConfig
                0x00000000080025b0      0x2e8 build/stm32l4xx_hal_rcc_ex.o
                0x00000000080025b0                HAL_RCCEx_PeriphCLKConfig
 .text.HAL_RCCEx_EnableMSIPLLMode
                0x0000000008002898       0x10 build/stm32l4xx_hal_rcc_ex.o
                0x0000000008002898                HAL_RCCEx_EnableMSIPLLMode
 .text.HAL_GPIO_Init
                0x00000000080028a8      0x1b0 build/stm32l4xx_hal_gpio.o
                0x00000000080028a8                HAL_GPIO_Init
 .text.HAL_GPIO_ReadPin
                0x0000000008002a58        0xe build/stm32l4xx_hal_gpio.o
                0x0000000008002a58                HAL_GPIO_ReadPin
 .text.HAL_GPIO_WritePin
                0x0000000008002a66        0xa build/stm32l4xx_hal_gpio.o
                0x0000000008002a66                HAL_GPIO_WritePin
 .text.HAL_DMA_Abort
                0x0000000008002a70       0x4a build/stm32l4xx_hal_dma.o
                0x0000000008002a70                HAL_DMA_Abort
 .text.HAL_DMA_Abort_IT
                0x0000000008002aba       0x50 build/stm32l4xx_hal_dma.o
                0x0000000008002aba                HAL_DMA_Abort_IT
 *fill*         0x0000000008002b0a        0x2 
 .text.HAL_PWR_EnableBkUpAccess
                0x0000000008002b0c       0x10 build/stm32l4xx_hal_pwr.o
                0x0000000008002b0c                HAL_PWR_EnableBkUpAccess
 .text.HAL_PWREx_GetVoltageRange
                0x0000000008002b1c       0x10 build/stm32l4xx_hal_pwr_ex.o
                0x0000000008002b1c                HAL_PWREx_GetVoltageRange
 .text.HAL_PWREx_ControlVoltageScaling
                0x0000000008002b2c       0x90 build/stm32l4xx_hal_pwr_ex.o
                0x0000000008002b2c                HAL_PWREx_ControlVoltageScaling
 .text.HAL_NVIC_SetPriorityGrouping
                0x0000000008002bbc       0x24 build/stm32l4xx_hal_cortex.o
                0x0000000008002bbc                HAL_NVIC_SetPriorityGrouping
 .text.HAL_NVIC_SetPriority
                0x0000000008002be0       0x70 build/stm32l4xx_hal_cortex.o
                0x0000000008002be0                HAL_NVIC_SetPriority
 .text.HAL_NVIC_EnableIRQ
                0x0000000008002c50       0x1c build/stm32l4xx_hal_cortex.o
                0x0000000008002c50                HAL_NVIC_EnableIRQ
 .text.HAL_SYSTICK_Config
                0x0000000008002c6c       0x28 build/stm32l4xx_hal_cortex.o
                0x0000000008002c6c                HAL_SYSTICK_Config
 .text.HAL_SPI_Init
                0x0000000008002c94       0xde build/stm32l4xx_hal_spi.o
                0x0000000008002c94                HAL_SPI_Init
 .text.UART_EndRxTransfer
                0x0000000008002d72       0x52 build/stm32l4xx_hal_uart.o
 .text.HAL_UART_TxCpltCallback
                0x0000000008002dc4        0x2 build/stm32l4xx_hal_uart.o
                0x0000000008002dc4                HAL_UART_TxCpltCallback
 .text.UART_EndTransmit_IT
                0x0000000008002dc6       0x22 build/stm32l4xx_hal_uart.o
 .text.HAL_UART_ErrorCallback
                0x0000000008002de8        0x2 build/stm32l4xx_hal_uart.o
                0x0000000008002de8                HAL_UART_ErrorCallback
 .text.UART_DMAAbortOnError
                0x0000000008002dea       0x14 build/stm32l4xx_hal_uart.o
 .text.HAL_UARTEx_RxEventCallback
                0x0000000008002dfe        0x2 build/stm32l4xx_hal_uart.o
                0x0000000008002dfe                HAL_UARTEx_RxEventCallback
 .text.HAL_UART_IRQHandler
                0x0000000008002e00      0x30c build/stm32l4xx_hal_uart.o
                0x0000000008002e00                HAL_UART_IRQHandler
 .text.UART_SetConfig
                0x000000000800310c      0x260 build/stm32l4xx_hal_uart.o
                0x000000000800310c                UART_SetConfig
 .text.UART_AdvFeatureConfig
                0x000000000800336c       0xca build/stm32l4xx_hal_uart.o
                0x000000000800336c                UART_AdvFeatureConfig
 .text.UART_WaitOnFlagUntilTimeout
                0x0000000008003436       0xa2 build/stm32l4xx_hal_uart.o
                0x0000000008003436                UART_WaitOnFlagUntilTimeout
 .text.HAL_UART_Transmit
                0x00000000080034d8       0xc8 build/stm32l4xx_hal_uart.o
                0x00000000080034d8                HAL_UART_Transmit
 .text.UART_CheckIdleState
                0x00000000080035a0       0xc6 build/stm32l4xx_hal_uart.o
                0x00000000080035a0                UART_CheckIdleState
 .text.HAL_UART_Init
                0x0000000008003666       0x62 build/stm32l4xx_hal_uart.o
                0x0000000008003666                HAL_UART_Init
 .text.HAL_UARTEx_WakeupCallback
                0x00000000080036c8        0x2 build/stm32l4xx_hal_uart_ex.o
                0x00000000080036c8                HAL_UARTEx_WakeupCallback
 *fill*         0x00000000080036ca        0x2 
 .text.SystemInit
                0x00000000080036cc       0x14 build/system_stm32l4xx.o
                0x00000000080036cc                SystemInit
 .text.vListInitialise
                0x00000000080036e0       0x16 build/list.o
                0x00000000080036e0                vListInitialise
 .text.vListInitialiseItem
                0x00000000080036f6        0x6 build/list.o
                0x00000000080036f6                vListInitialiseItem
 .text.vListInsertEnd
                0x00000000080036fc       0x16 build/list.o
                0x00000000080036fc                vListInsertEnd
 .text.vListInsert
                0x0000000008003712       0x32 build/list.o
                0x0000000008003712                vListInsert
 .text.uxListRemove
                0x0000000008003744       0x26 build/list.o
                0x0000000008003744                uxListRemove
 .text.prvIsQueueFull
                0x000000000800376a       0x1e build/queue.o
 .text.prvIsQueueEmpty
                0x0000000008003788       0x1a build/queue.o
 .text.prvCopyDataToQueue
                0x00000000080037a2       0x76 build/queue.o
 .text.prvCopyDataFromQueue
                0x0000000008003818       0x24 build/queue.o
 .text.prvUnlockQueue
                0x000000000800383c       0x6e build/queue.o
 .text.xQueueGenericReset
                0x00000000080038aa       0x84 build/queue.o
                0x00000000080038aa                xQueueGenericReset
 .text.prvInitialiseNewQueue
                0x000000000800392e       0x22 build/queue.o
 .text.xQueueGenericCreateStatic
                0x0000000008003950       0x94 build/queue.o
                0x0000000008003950                xQueueGenericCreateStatic
 .text.xQueueGenericSend
                0x00000000080039e4      0x188 build/queue.o
                0x00000000080039e4                xQueueGenericSend
 .text.xQueueGenericSendFromISR
                0x0000000008003b6c       0xce build/queue.o
                0x0000000008003b6c                xQueueGenericSendFromISR
 .text.xQueueReceive
                0x0000000008003c3a      0x15e build/queue.o
                0x0000000008003c3a                xQueueReceive
 .text.vQueueAddToRegistry
                0x0000000008003d98       0x28 build/queue.o
                0x0000000008003d98                vQueueAddToRegistry
 .text.vQueueWaitForMessageRestricted
                0x0000000008003dc0       0x52 build/queue.o
                0x0000000008003dc0                vQueueWaitForMessageRestricted
 *fill*         0x0000000008003e12        0x2 
 .text.prvResetNextTaskUnblockTime
                0x0000000008003e14       0x2c build/tasks.o
 .text.prvInitialiseNewTask
                0x0000000008003e40       0xa6 build/tasks.o
 *fill*         0x0000000008003ee6        0x2 
 .text.prvInitialiseTaskLists
                0x0000000008003ee8       0x68 build/tasks.o
 .text.prvAddNewTaskToReadyList
                0x0000000008003f50       0xac build/tasks.o
 .text.prvDeleteTCB
                0x0000000008003ffc       0x38 build/tasks.o
 .text.prvCheckTasksWaitingTermination
                0x0000000008004034       0x4c build/tasks.o
 .text.prvIdleTask
                0x0000000008004080       0x28 build/tasks.o
 .text.prvAddCurrentTaskToDelayedList
                0x00000000080040a8       0x7c build/tasks.o
 .text.xTaskCreateStatic
                0x0000000008004124       0x76 build/tasks.o
                0x0000000008004124                xTaskCreateStatic
 .text.xTaskCreate
                0x000000000800419a       0x68 build/tasks.o
                0x000000000800419a                xTaskCreate
 *fill*         0x0000000008004202        0x2 
 .text.vTaskStartScheduler
                0x0000000008004204       0x9c build/tasks.o
                0x0000000008004204                vTaskStartScheduler
 .text.vTaskSuspendAll
                0x00000000080042a0       0x10 build/tasks.o
                0x00000000080042a0                vTaskSuspendAll
 .text.xTaskGetTickCount
                0x00000000080042b0        0xc build/tasks.o
                0x00000000080042b0                xTaskGetTickCount
 .text.pcTaskGetName
                0x00000000080042bc       0x28 build/tasks.o
                0x00000000080042bc                pcTaskGetName
 .text.xTaskIncrementTick
                0x00000000080042e4      0x118 build/tasks.o
                0x00000000080042e4                xTaskIncrementTick
 .text.xTaskResumeAll
                0x00000000080043fc       0xf8 build/tasks.o
                0x00000000080043fc                xTaskResumeAll
 .text.vTaskDelay
                0x00000000080044f4       0x4c build/tasks.o
                0x00000000080044f4                vTaskDelay
 .text.vTaskSwitchContext
                0x0000000008004540       0x94 build/tasks.o
                0x0000000008004540                vTaskSwitchContext
 .text.vTaskPlaceOnEventList
                0x00000000080045d4       0x30 build/tasks.o
                0x00000000080045d4                vTaskPlaceOnEventList
 .text.vTaskPlaceOnEventListRestricted
                0x0000000008004604       0x38 build/tasks.o
                0x0000000008004604                vTaskPlaceOnEventListRestricted
 .text.xTaskRemoveFromEventList
                0x000000000800463c       0x8c build/tasks.o
                0x000000000800463c                xTaskRemoveFromEventList
 .text.vTaskInternalSetTimeOutState
                0x00000000080046c8       0x18 build/tasks.o
                0x00000000080046c8                vTaskInternalSetTimeOutState
 .text.xTaskCheckForTimeOut
                0x00000000080046e0       0x84 build/tasks.o
                0x00000000080046e0                xTaskCheckForTimeOut
 .text.vTaskMissedYield
                0x0000000008004764        0xc build/tasks.o
                0x0000000008004764                vTaskMissedYield
 .text.xTaskGetSchedulerState
                0x0000000008004770       0x20 build/tasks.o
                0x0000000008004770                xTaskGetSchedulerState
 .text.xTaskPriorityDisinherit
                0x0000000008004790       0x90 build/tasks.o
                0x0000000008004790                xTaskPriorityDisinherit
 .text.prvGetNextExpireTime
                0x0000000008004820       0x20 build/timers.o
 .text.prvInsertTimerInActiveList
                0x0000000008004840       0x48 build/timers.o
 .text.prvCheckForValidListAndQueue
                0x0000000008004888       0x70 build/timers.o
 .text.xTimerCreateTimerTask
                0x00000000080048f8       0x64 build/timers.o
                0x00000000080048f8                xTimerCreateTimerTask
 .text.xTimerGenericCommand
                0x000000000800495c       0x6c build/timers.o
                0x000000000800495c                xTimerGenericCommand
 .text.prvSwitchTimerLists
                0x00000000080049c8       0x7c build/timers.o
 .text.prvSampleTimeNow
                0x0000000008004a44       0x2c build/timers.o
 .text.prvProcessExpiredTimer
                0x0000000008004a70       0x6c build/timers.o
 .text.prvProcessTimerOrBlockTask
                0x0000000008004adc       0x74 build/timers.o
 .text.prvProcessReceivedCommands
                0x0000000008004b50      0x10c build/timers.o
 .text.prvTimerTask
                0x0000000008004c5c       0x16 build/timers.o
 *fill*         0x0000000008004c72        0x2 
 .text.vApplicationGetIdleTaskMemory
                0x0000000008004c74       0x18 build/cmsis_os2.o
                0x0000000008004c74                vApplicationGetIdleTaskMemory
 .text.vApplicationGetTimerTaskMemory
                0x0000000008004c8c       0x18 build/cmsis_os2.o
                0x0000000008004c8c                vApplicationGetTimerTaskMemory
 .text.prvHeapInit
                0x0000000008004ca4       0x68 build/heap_4.o
 .text.prvInsertBlockIntoFreeList
                0x0000000008004d0c       0x64 build/heap_4.o
 .text.pvPortMalloc
                0x0000000008004d70       0xfc build/heap_4.o
                0x0000000008004d70                pvPortMalloc
 .text.vPortFree
                0x0000000008004e6c       0x7c build/heap_4.o
                0x0000000008004e6c                vPortFree
 .text.prvTaskExitError
                0x0000000008004ee8       0x40 build/port.o
 .text.prvPortStartFirstTask
                0x0000000008004f28       0x28 build/port.o
 .text.vPortEnableVFP
                0x0000000008004f50       0x14 build/port.o
 .text.pxPortInitialiseStack
                0x0000000008004f64       0x2c build/port.o
                0x0000000008004f64                pxPortInitialiseStack
 .text.SVC_Handler
                0x0000000008004f90       0x24 build/port.o
                0x0000000008004f90                SVC_Handler
 .text.vPortEnterCritical
                0x0000000008004fb4       0x44 build/port.o
                0x0000000008004fb4                vPortEnterCritical
 .text.vPortExitCritical
                0x0000000008004ff8       0x2c build/port.o
                0x0000000008004ff8                vPortExitCritical
 *fill*         0x0000000008005024        0xc 
 .text.PendSV_Handler
                0x0000000008005030       0x64 build/port.o
                0x0000000008005030                PendSV_Handler
 .text.xPortSysTickHandler
                0x0000000008005094       0x2c build/port.o
                0x0000000008005094                xPortSysTickHandler
 .text.vPortSetupTimerInterrupt
                0x00000000080050c0       0x28 build/port.o
                0x00000000080050c0                vPortSetupTimerInterrupt
 .text.xPortStartScheduler
                0x00000000080050e8      0x118 build/port.o
                0x00000000080050e8                xPortStartScheduler
 .text.vPortValidateInterruptPriority
                0x0000000008005200       0x5c build/port.o
                0x0000000008005200                vPortValidateInterruptPriority
 .text._sbrk    0x000000000800525c       0x48 build/sysmem.o
                0x000000000800525c                _sbrk
 .text._read    0x00000000080052a4       0x20 build/syscalls.o
                0x00000000080052a4                _read
 .text._write   0x00000000080052c4       0x1c build/syscalls.o
                0x00000000080052c4                _write
 .text._close   0x00000000080052e0        0x6 build/syscalls.o
                0x00000000080052e0                _close
 .text._fstat   0x00000000080052e6        0xa build/syscalls.o
                0x00000000080052e6                _fstat
 .text._isatty  0x00000000080052f0        0x4 build/syscalls.o
                0x00000000080052f0                _isatty
 .text._lseek   0x00000000080052f4        0x4 build/syscalls.o
                0x00000000080052f4                _lseek
 .text.Reset_Handler
                0x00000000080052f8       0x50 build/startup_stm32l432xx.o
                0x00000000080052f8                Reset_Handler
 .text.Default_Handler
                0x0000000008005348        0x2 build/startup_stm32l432xx.o
                0x0000000008005348                RTC_Alarm_IRQHandler
                0x0000000008005348                EXTI2_IRQHandler
                0x0000000008005348                TIM1_CC_IRQHandler
                0x0000000008005348                TSC_IRQHandler
                0x0000000008005348                TAMP_STAMP_IRQHandler
                0x0000000008005348                EXTI3_IRQHandler
                0x0000000008005348                LPTIM2_IRQHandler
                0x0000000008005348                I2C3_ER_IRQHandler
                0x0000000008005348                EXTI0_IRQHandler
                0x0000000008005348                CAN1_RX0_IRQHandler
                0x0000000008005348                FPU_IRQHandler
                0x0000000008005348                TIM1_UP_TIM16_IRQHandler
                0x0000000008005348                SPI1_IRQHandler
                0x0000000008005348                TIM6_DAC_IRQHandler
                0x0000000008005348                DMA2_Channel2_IRQHandler
                0x0000000008005348                DMA1_Channel4_IRQHandler
                0x0000000008005348                ADC1_IRQHandler
                0x0000000008005348                DMA1_Channel7_IRQHandler
                0x0000000008005348                CAN1_RX1_IRQHandler
                0x0000000008005348                DMA2_Channel1_IRQHandler
                0x0000000008005348                QUADSPI_IRQHandler
                0x0000000008005348                I2C1_EV_IRQHandler
                0x0000000008005348                DMA1_Channel6_IRQHandler
                0x0000000008005348                DMA2_Channel4_IRQHandler
                0x0000000008005348                RCC_IRQHandler
                0x0000000008005348                TIM1_TRG_COM_IRQHandler
                0x0000000008005348                DMA1_Channel1_IRQHandler
                0x0000000008005348                Default_Handler
                0x0000000008005348                DMA2_Channel7_IRQHandler
                0x0000000008005348                EXTI15_10_IRQHandler
                0x0000000008005348                TIM7_IRQHandler
                0x0000000008005348                I2C3_EV_IRQHandler
                0x0000000008005348                USB_IRQHandler
                0x0000000008005348                EXTI9_5_IRQHandler
                0x0000000008005348                RTC_WKUP_IRQHandler
                0x0000000008005348                PVD_PVM_IRQHandler
                0x0000000008005348                CAN1_TX_IRQHandler
                0x0000000008005348                DMA2_Channel5_IRQHandler
                0x0000000008005348                CRS_IRQHandler
                0x0000000008005348                DMA1_Channel5_IRQHandler
                0x0000000008005348                EXTI4_IRQHandler
                0x0000000008005348                RNG_IRQHandler
                0x0000000008005348                DMA1_Channel3_IRQHandler
                0x0000000008005348                COMP_IRQHandler
                0x0000000008005348                WWDG_IRQHandler
                0x0000000008005348                LPUART1_IRQHandler
                0x0000000008005348                DMA2_Channel6_IRQHandler
                0x0000000008005348                TIM2_IRQHandler
                0x0000000008005348                EXTI1_IRQHandler
                0x0000000008005348                USART2_IRQHandler
                0x0000000008005348                DMA1_Channel2_IRQHandler
                0x0000000008005348                CAN1_SCE_IRQHandler
                0x0000000008005348                FLASH_IRQHandler
                0x0000000008005348                SPI3_IRQHandler
                0x0000000008005348                I2C1_ER_IRQHandler
                0x0000000008005348                SWPMI1_IRQHandler
                0x0000000008005348                LPTIM1_IRQHandler
                0x0000000008005348                SAI1_IRQHandler
                0x0000000008005348                DMA2_Channel3_IRQHandler
                0x0000000008005348                TIM1_BRK_TIM15_IRQHandler
 *fill*         0x000000000800534a        0x2 
 .text.__errno  0x000000000800534c        0xc /usr/local/bin/../lib/gcc/arm-none-eabi/10.3.1/../../../../arm-none-eabi/lib/thumb/v7e-m+fp/hard/libc_nano.a(lib_a-errno.o)
                0x000000000800534c                __errno
 .text.__libc_init_array
                0x0000000008005358       0x48 /usr/local/bin/../lib/gcc/arm-none-eabi/10.3.1/../../../../arm-none-eabi/lib/thumb/v7e-m+fp/hard/libc_nano.a(lib_a-init.o)
                0x0000000008005358                __libc_init_array
 .text.memcpy   0x00000000080053a0       0x1c /usr/local/bin/../lib/gcc/arm-none-eabi/10.3.1/../../../../arm-none-eabi/lib/thumb/v7e-m+fp/hard/libc_nano.a(lib_a-memcpy-stub.o)
                0x00000000080053a0                memcpy
 .text.memset   0x00000000080053bc       0x10 /usr/local/bin/../lib/gcc/arm-none-eabi/10.3.1/../../../../arm-none-eabi/lib/thumb/v7e-m+fp/hard/libc_nano.a(lib_a-memset.o)
                0x00000000080053bc                memset
 .text.printf   0x00000000080053cc       0x30 /usr/local/bin/../lib/gcc/arm-none-eabi/10.3.1/../../../../arm-none-eabi/lib/thumb/v7e-m+fp/hard/libc_nano.a(lib_a-printf.o)
                0x00000000080053cc                printf
                0x00000000080053cc                iprintf
 .text._puts_r  0x00000000080053fc       0xdc /usr/local/bin/../lib/gcc/arm-none-eabi/10.3.1/../../../../arm-none-eabi/lib/thumb/v7e-m+fp/hard/libc_nano.a(lib_a-puts.o)
                0x00000000080053fc                _puts_r
 .text.puts     0x00000000080054d8       0x10 /usr/local/bin/../lib/gcc/arm-none-eabi/10.3.1/../../../../arm-none-eabi/lib/thumb/v7e-m+fp/hard/libc_nano.a(lib_a-puts.o)
                0x00000000080054d8                puts
 .text.__swbuf_r
                0x00000000080054e8       0xa4 /usr/local/bin/../lib/gcc/arm-none-eabi/10.3.1/../../../../arm-none-eabi/lib/thumb/v7e-m+fp/hard/libc_nano.a(lib_a-wbuf.o)
                0x00000000080054e8                __swbuf_r
 .text.__swsetup_r
                0x000000000800558c       0xdc /usr/local/bin/../lib/gcc/arm-none-eabi/10.3.1/../../../../arm-none-eabi/lib/thumb/v7e-m+fp/hard/libc_nano.a(lib_a-wsetup.o)
                0x000000000800558c                __swsetup_r
 .text.__sflush_r
                0x0000000008005668      0x10c /usr/local/bin/../lib/gcc/arm-none-eabi/10.3.1/../../../../arm-none-eabi/lib/thumb/v7e-m+fp/hard/libc_nano.a(lib_a-fflush.o)
                0x0000000008005668                __sflush_r
 .text._fflush_r
                0x0000000008005774       0x78 /usr/local/bin/../lib/gcc/arm-none-eabi/10.3.1/../../../../arm-none-eabi/lib/thumb/v7e-m+fp/hard/libc_nano.a(lib_a-fflush.o)
                0x0000000008005774                _fflush_r
 .text.std      0x00000000080057ec       0x48 /usr/local/bin/../lib/gcc/arm-none-eabi/10.3.1/../../../../arm-none-eabi/lib/thumb/v7e-m+fp/hard/libc_nano.a(lib_a-findfp.o)
 .text._cleanup_r
                0x0000000008005834        0xc /usr/local/bin/../lib/gcc/arm-none-eabi/10.3.1/../../../../arm-none-eabi/lib/thumb/v7e-m+fp/hard/libc_nano.a(lib_a-findfp.o)
                0x0000000008005834                _cleanup_r
 .text.__sfmoreglue
                0x0000000008005840       0x2c /usr/local/bin/../lib/gcc/arm-none-eabi/10.3.1/../../../../arm-none-eabi/lib/thumb/v7e-m+fp/hard/libc_nano.a(lib_a-findfp.o)
                0x0000000008005840                __sfmoreglue
 .text.__sfp_lock_acquire
                0x000000000800586c        0xc /usr/local/bin/../lib/gcc/arm-none-eabi/10.3.1/../../../../arm-none-eabi/lib/thumb/v7e-m+fp/hard/libc_nano.a(lib_a-findfp.o)
                0x000000000800586c                __sfp_lock_acquire
 .text.__sfp_lock_release
                0x0000000008005878        0xc /usr/local/bin/../lib/gcc/arm-none-eabi/10.3.1/../../../../arm-none-eabi/lib/thumb/v7e-m+fp/hard/libc_nano.a(lib_a-findfp.o)
                0x0000000008005878                __sfp_lock_release
 .text.__sinit_lock_acquire
                0x0000000008005884        0xc /usr/local/bin/../lib/gcc/arm-none-eabi/10.3.1/../../../../arm-none-eabi/lib/thumb/v7e-m+fp/hard/libc_nano.a(lib_a-findfp.o)
                0x0000000008005884                __sinit_lock_acquire
 .text.__sinit_lock_release
                0x0000000008005890        0xc /usr/local/bin/../lib/gcc/arm-none-eabi/10.3.1/../../../../arm-none-eabi/lib/thumb/v7e-m+fp/hard/libc_nano.a(lib_a-findfp.o)
                0x0000000008005890                __sinit_lock_release
 .text.__sinit  0x000000000800589c       0x70 /usr/local/bin/../lib/gcc/arm-none-eabi/10.3.1/../../../../arm-none-eabi/lib/thumb/v7e-m+fp/hard/libc_nano.a(lib_a-findfp.o)
                0x000000000800589c                __sinit
 .text.__sfp    0x000000000800590c       0x8c /usr/local/bin/../lib/gcc/arm-none-eabi/10.3.1/../../../../arm-none-eabi/lib/thumb/v7e-m+fp/hard/libc_nano.a(lib_a-findfp.o)
                0x000000000800590c                __sfp
 .text._fwalk_reent
                0x0000000008005998       0x3e /usr/local/bin/../lib/gcc/arm-none-eabi/10.3.1/../../../../arm-none-eabi/lib/thumb/v7e-m+fp/hard/libc_nano.a(lib_a-fwalk.o)
                0x0000000008005998                _fwalk_reent
 .text.__retarget_lock_init_recursive
                0x00000000080059d6        0x2 /usr/local/bin/../lib/gcc/arm-none-eabi/10.3.1/../../../../arm-none-eabi/lib/thumb/v7e-m+fp/hard/libc_nano.a(lib_a-lock.o)
                0x00000000080059d6                __retarget_lock_init_recursive
 .text.__retarget_lock_acquire_recursive
                0x00000000080059d8        0x2 /usr/local/bin/../lib/gcc/arm-none-eabi/10.3.1/../../../../arm-none-eabi/lib/thumb/v7e-m+fp/hard/libc_nano.a(lib_a-lock.o)
                0x00000000080059d8                __retarget_lock_acquire_recursive
 .text.__retarget_lock_release_recursive
                0x00000000080059da        0x2 /usr/local/bin/../lib/gcc/arm-none-eabi/10.3.1/../../../../arm-none-eabi/lib/thumb/v7e-m+fp/hard/libc_nano.a(lib_a-lock.o)
                0x00000000080059da                __retarget_lock_release_recursive
 .text.__swhatbuf_r
                0x00000000080059dc       0x4a /usr/local/bin/../lib/gcc/arm-none-eabi/10.3.1/../../../../arm-none-eabi/lib/thumb/v7e-m+fp/hard/libc_nano.a(lib_a-makebuf.o)
                0x00000000080059dc                __swhatbuf_r
 *fill*         0x0000000008005a26        0x2 
 .text.__smakebuf_r
                0x0000000008005a28       0x80 /usr/local/bin/../lib/gcc/arm-none-eabi/10.3.1/../../../../arm-none-eabi/lib/thumb/v7e-m+fp/hard/libc_nano.a(lib_a-makebuf.o)
                0x0000000008005a28                __smakebuf_r
 .text._free_r  0x0000000008005aa8       0x98 /usr/local/bin/../lib/gcc/arm-none-eabi/10.3.1/../../../../arm-none-eabi/lib/thumb/v7e-m+fp/hard/libc_nano.a(lib_a-nano-freer.o)
                0x0000000008005aa8                _free_r
 .text.sbrk_aligned
                0x0000000008005b40       0x40 /usr/local/bin/../lib/gcc/arm-none-eabi/10.3.1/../../../../arm-none-eabi/lib/thumb/v7e-m+fp/hard/libc_nano.a(lib_a-nano-mallocr.o)
 .text._malloc_r
                0x0000000008005b80       0xe8 /usr/local/bin/../lib/gcc/arm-none-eabi/10.3.1/../../../../arm-none-eabi/lib/thumb/v7e-m+fp/hard/libc_nano.a(lib_a-nano-mallocr.o)
                0x0000000008005b80                _malloc_r
 .text.__sfputc_r
                0x0000000008005c68       0x2e /usr/local/bin/../lib/gcc/arm-none-eabi/10.3.1/../../../../arm-none-eabi/lib/thumb/v7e-m+fp/hard/libc_nano.a(lib_a-nano-vfprintf.o)
 .text.__sfputs_r
                0x0000000008005c96       0x24 /usr/local/bin/../lib/gcc/arm-none-eabi/10.3.1/../../../../arm-none-eabi/lib/thumb/v7e-m+fp/hard/libc_nano.a(lib_a-nano-vfprintf.o)
                0x0000000008005c96                __sfputs_r
 *fill*         0x0000000008005cba        0x2 
 .text._vfprintf_r
                0x0000000008005cbc      0x260 /usr/local/bin/../lib/gcc/arm-none-eabi/10.3.1/../../../../arm-none-eabi/lib/thumb/v7e-m+fp/hard/libc_nano.a(lib_a-nano-vfprintf.o)
                0x0000000008005cbc                _vfiprintf_r
                0x0000000008005cbc                _vfprintf_r
 .text._printf_common
                0x0000000008005f1c       0xda /usr/local/bin/../lib/gcc/arm-none-eabi/10.3.1/../../../../arm-none-eabi/lib/thumb/v7e-m+fp/hard/libc_nano.a(lib_a-nano-vfprintf_i.o)
                0x0000000008005f1c                _printf_common
 *fill*         0x0000000008005ff6        0x2 
 .text._printf_i
                0x0000000008005ff8      0x24c /usr/local/bin/../lib/gcc/arm-none-eabi/10.3.1/../../../../arm-none-eabi/lib/thumb/v7e-m+fp/hard/libc_nano.a(lib_a-nano-vfprintf_i.o)
                0x0000000008005ff8                _printf_i
 .text._sbrk_r  0x0000000008006244       0x20 /usr/local/bin/../lib/gcc/arm-none-eabi/10.3.1/../../../../arm-none-eabi/lib/thumb/v7e-m+fp/hard/libc_nano.a(lib_a-sbrkr.o)
                0x0000000008006244                _sbrk_r
 .text.__sread  0x0000000008006264       0x22 /usr/local/bin/../lib/gcc/arm-none-eabi/10.3.1/../../../../arm-none-eabi/lib/thumb/v7e-m+fp/hard/libc_nano.a(lib_a-stdio.o)
                0x0000000008006264                __sread
 .text.__swrite
                0x0000000008006286       0x38 /usr/local/bin/../lib/gcc/arm-none-eabi/10.3.1/../../../../arm-none-eabi/lib/thumb/v7e-m+fp/hard/libc_nano.a(lib_a-stdio.o)
                0x0000000008006286                __swrite
 .text.__sseek  0x00000000080062be       0x24 /usr/local/bin/../lib/gcc/arm-none-eabi/10.3.1/../../../../arm-none-eabi/lib/thumb/v7e-m+fp/hard/libc_nano.a(lib_a-stdio.o)
                0x00000000080062be                __sseek
 .text.__sclose
                0x00000000080062e2        0x8 /usr/local/bin/../lib/gcc/arm-none-eabi/10.3.1/../../../../arm-none-eabi/lib/thumb/v7e-m+fp/hard/libc_nano.a(lib_a-stdio.o)
                0x00000000080062e2                __sclose
 *fill*         0x00000000080062ea        0x2 
 .text._write_r
                0x00000000080062ec       0x24 /usr/local/bin/../lib/gcc/arm-none-eabi/10.3.1/../../../../arm-none-eabi/lib/thumb/v7e-m+fp/hard/libc_nano.a(lib_a-writer.o)
                0x00000000080062ec                _write_r
 .text._close_r
                0x0000000008006310       0x20 /usr/local/bin/../lib/gcc/arm-none-eabi/10.3.1/../../../../arm-none-eabi/lib/thumb/v7e-m+fp/hard/libc_nano.a(lib_a-closer.o)
                0x0000000008006310                _close_r
 .text._fstat_r
                0x0000000008006330       0x24 /usr/local/bin/../lib/gcc/arm-none-eabi/10.3.1/../../../../arm-none-eabi/lib/thumb/v7e-m+fp/hard/libc_nano.a(lib_a-fstatr.o)
                0x0000000008006330                _fstat_r
 .text._isatty_r
                0x0000000008006354       0x20 /usr/local/bin/../lib/gcc/arm-none-eabi/10.3.1/../../../../arm-none-eabi/lib/thumb/v7e-m+fp/hard/libc_nano.a(lib_a-isattyr.o)
                0x0000000008006354                _isatty_r
 .text._lseek_r
                0x0000000008006374       0x24 /usr/local/bin/../lib/gcc/arm-none-eabi/10.3.1/../../../../arm-none-eabi/lib/thumb/v7e-m+fp/hard/libc_nano.a(lib_a-lseekr.o)
                0x0000000008006374                _lseek_r
 .text.__malloc_lock
                0x0000000008006398        0xc /usr/local/bin/../lib/gcc/arm-none-eabi/10.3.1/../../../../arm-none-eabi/lib/thumb/v7e-m+fp/hard/libc_nano.a(lib_a-mlock.o)
                0x0000000008006398                __malloc_lock
 .text.__malloc_unlock
                0x00000000080063a4        0xc /usr/local/bin/../lib/gcc/arm-none-eabi/10.3.1/../../../../arm-none-eabi/lib/thumb/v7e-m+fp/hard/libc_nano.a(lib_a-mlock.o)
                0x00000000080063a4                __malloc_unlock
 .text._read_r  0x00000000080063b0       0x24 /usr/local/bin/../lib/gcc/arm-none-eabi/10.3.1/../../../../arm-none-eabi/lib/thumb/v7e-m+fp/hard/libc_nano.a(lib_a-readr.o)
                0x00000000080063b0                _read_r
 *(.glue_7)
 .glue_7        0x00000000080063d4        0x0 linker stubs
 *(.glue_7t)
 .glue_7t       0x00000000080063d4        0x0 linker stubs
 *(.eh_frame)
 .eh_frame      0x00000000080063d4        0x0 /usr/local/bin/../lib/gcc/arm-none-eabi/10.3.1/thumb/v7e-m+fp/hard/crtbegin.o
 *(.init)
 .init          0x00000000080063d4        0x4 /usr/local/bin/../lib/gcc/arm-none-eabi/10.3.1/thumb/v7e-m+fp/hard/crti.o
                0x00000000080063d4                _init
 .init          0x00000000080063d8        0x8 /usr/local/bin/../lib/gcc/arm-none-eabi/10.3.1/thumb/v7e-m+fp/hard/crtn.o
 *(.fini)
 .fini          0x00000000080063e0        0x4 /usr/local/bin/../lib/gcc/arm-none-eabi/10.3.1/thumb/v7e-m+fp/hard/crti.o
                0x00000000080063e0                _fini
 .fini          0x00000000080063e4        0x8 /usr/local/bin/../lib/gcc/arm-none-eabi/10.3.1/thumb/v7e-m+fp/hard/crtn.o
                0x00000000080063f0                . = ALIGN (0x8)
 *fill*         0x00000000080063ec        0x4 
                0x00000000080063f0                _etext = .

.vfp11_veneer   0x00000000080063f0        0x0
 .vfp11_veneer  0x00000000080063f0        0x0 linker stubs

.v4_bx          0x00000000080063f0        0x0
 .v4_bx         0x00000000080063f0        0x0 linker stubs

.iplt           0x00000000080063f0        0x0
 .iplt          0x00000000080063f0        0x0 /usr/local/bin/../lib/gcc/arm-none-eabi/10.3.1/thumb/v7e-m+fp/hard/crtbegin.o

.rodata         0x00000000080063f0      0x158
                0x00000000080063f0                . = ALIGN (0x8)
 *(.rodata)
 *(.rodata*)
 .rodata.TaskAdd.str1.4
                0x00000000080063f0       0x28 build/main.o
 .rodata.main.str1.4
                0x0000000008006418       0x35 build/main.o
 *fill*         0x000000000800644d        0x3 
 .rodata.AHBPrescTable
                0x0000000008006450       0x10 build/system_stm32l4xx.o
                0x0000000008006450                AHBPrescTable
 .rodata.APBPrescTable
                0x0000000008006460        0x8 build/system_stm32l4xx.o
                0x0000000008006460                APBPrescTable
 .rodata.MSIRangeTable
                0x0000000008006468       0x30 build/system_stm32l4xx.o
                0x0000000008006468                MSIRangeTable
 .rodata.vTaskStartScheduler.str1.4
                0x0000000008006498        0x5 build/tasks.o
 *fill*         0x000000000800649d        0x3 
 .rodata.prvCheckForValidListAndQueue.str1.4
                0x00000000080064a0        0x5 build/timers.o
 *fill*         0x00000000080064a5        0x3 
 .rodata.xTimerCreateTimerTask.str1.4
                0x00000000080064a8        0x8 build/timers.o
 .rodata._global_impure_ptr
                0x00000000080064b0        0x4 /usr/local/bin/../lib/gcc/arm-none-eabi/10.3.1/../../../../arm-none-eabi/lib/thumb/v7e-m+fp/hard/libc_nano.a(lib_a-impure.o)
                0x00000000080064b0                _global_impure_ptr
 .rodata.__sf_fake_stderr
                0x00000000080064b4       0x20 /usr/local/bin/../lib/gcc/arm-none-eabi/10.3.1/../../../../arm-none-eabi/lib/thumb/v7e-m+fp/hard/libc_nano.a(lib_a-findfp.o)
                0x00000000080064b4                __sf_fake_stderr
 .rodata.__sf_fake_stdin
                0x00000000080064d4       0x20 /usr/local/bin/../lib/gcc/arm-none-eabi/10.3.1/../../../../arm-none-eabi/lib/thumb/v7e-m+fp/hard/libc_nano.a(lib_a-findfp.o)
                0x00000000080064d4                __sf_fake_stdin
 .rodata.__sf_fake_stdout
                0x00000000080064f4       0x20 /usr/local/bin/../lib/gcc/arm-none-eabi/10.3.1/../../../../arm-none-eabi/lib/thumb/v7e-m+fp/hard/libc_nano.a(lib_a-findfp.o)
                0x00000000080064f4                __sf_fake_stdout
 .rodata._vfprintf_r.str1.1
                0x0000000008006514       0x11 /usr/local/bin/../lib/gcc/arm-none-eabi/10.3.1/../../../../arm-none-eabi/lib/thumb/v7e-m+fp/hard/libc_nano.a(lib_a-nano-vfprintf.o)
 .rodata._printf_i.str1.1
                0x0000000008006525       0x22 /usr/local/bin/../lib/gcc/arm-none-eabi/10.3.1/../../../../arm-none-eabi/lib/thumb/v7e-m+fp/hard/libc_nano.a(lib_a-nano-vfprintf_i.o)
                0x0000000008006548                . = ALIGN (0x8)
 *fill*         0x0000000008006547        0x1 

.ARM.extab      0x0000000008006548        0x0
                0x0000000008006548                . = ALIGN (0x8)
 *(.ARM.extab* .gnu.linkonce.armextab.*)
                0x0000000008006548                . = ALIGN (0x8)

.ARM            0x0000000008006548        0x8
                0x0000000008006548                . = ALIGN (0x8)
                0x0000000008006548                __exidx_start = .
 *(.ARM.exidx*)
 .ARM.exidx     0x0000000008006548        0x8 /usr/local/bin/../lib/gcc/arm-none-eabi/10.3.1/thumb/v7e-m+fp/hard/libgcc.a(_udivmoddi4.o)
                0x0000000008006550                __exidx_end = .
                0x0000000008006550                . = ALIGN (0x8)

.rel.dyn        0x0000000008006550        0x0
 .rel.iplt      0x0000000008006550        0x0 /usr/local/bin/../lib/gcc/arm-none-eabi/10.3.1/thumb/v7e-m+fp/hard/crtbegin.o

.preinit_array  0x0000000008006550        0x0
                0x0000000008006550                . = ALIGN (0x8)
                0x0000000008006550                PROVIDE (__preinit_array_start = .)
 *(.preinit_array*)
                0x0000000008006550                PROVIDE (__preinit_array_end = .)
                0x0000000008006550                . = ALIGN (0x8)

.init_array     0x0000000008006550        0x8
                0x0000000008006550                . = ALIGN (0x8)
                0x0000000008006550                PROVIDE (__init_array_start = .)
 *(SORT_BY_NAME(.init_array.*))
 *(.init_array*)
 .init_array    0x0000000008006550        0x4 /usr/local/bin/../lib/gcc/arm-none-eabi/10.3.1/thumb/v7e-m+fp/hard/crtbegin.o
                0x0000000008006554                PROVIDE (__init_array_end = .)
                0x0000000008006558                . = ALIGN (0x8)
 *fill*         0x0000000008006554        0x4 

.fini_array     0x0000000008006558        0x8
                0x0000000008006558                . = ALIGN (0x8)
                [!provide]                        PROVIDE (__fini_array_start = .)
 *(SORT_BY_NAME(.fini_array.*))
 *(.fini_array*)
 .fini_array    0x0000000008006558        0x4 /usr/local/bin/../lib/gcc/arm-none-eabi/10.3.1/thumb/v7e-m+fp/hard/crtbegin.o
                [!provide]                        PROVIDE (__fini_array_end = .)
                0x0000000008006560                . = ALIGN (0x8)
 *fill*         0x000000000800655c        0x4 
                0x0000000008006560                _sidata = LOADADDR (.data)

.data           0x0000000020000000       0x78 load address 0x0000000008006560
                0x0000000020000000                . = ALIGN (0x8)
                0x0000000020000000                _sdata = .
 *(.data)
 *(.data*)
 .data.uwTickFreq
                0x0000000020000000        0x1 build/stm32l4xx_hal.o
                0x0000000020000000                uwTickFreq
 *fill*         0x0000000020000001        0x3 
 .data.uwTickPrio
                0x0000000020000004        0x4 build/stm32l4xx_hal.o
                0x0000000020000004                uwTickPrio
 .data.SystemCoreClock
                0x0000000020000008        0x4 build/system_stm32l4xx.o
                0x0000000020000008                SystemCoreClock
 .data.uxCriticalNesting
                0x000000002000000c        0x4 build/port.o
 .data._impure_ptr
                0x0000000020000010        0x4 /usr/local/bin/../lib/gcc/arm-none-eabi/10.3.1/../../../../arm-none-eabi/lib/thumb/v7e-m+fp/hard/libc_nano.a(lib_a-impure.o)
                0x0000000020000010                _impure_ptr
 .data.impure_data
                0x0000000020000014       0x60 /usr/local/bin/../lib/gcc/arm-none-eabi/10.3.1/../../../../arm-none-eabi/lib/thumb/v7e-m+fp/hard/libc_nano.a(lib_a-impure.o)
                0x0000000020000078                . = ALIGN (0x8)
 *fill*         0x0000000020000074        0x4 
                0x0000000020000078                _edata = .

.igot.plt       0x0000000020000078        0x0 load address 0x00000000080065d8
 .igot.plt      0x0000000020000078        0x0 /usr/local/bin/../lib/gcc/arm-none-eabi/10.3.1/thumb/v7e-m+fp/hard/crtbegin.o

.bss            0x0000000020000078     0x1b1c load address 0x00000000080065d8
                0x0000000020000078                _sbss = .
                0x0000000020000078                __bss_start__ = _sbss
 *(.bss)
 .bss           0x0000000020000078       0x1c /usr/local/bin/../lib/gcc/arm-none-eabi/10.3.1/thumb/v7e-m+fp/hard/crtbegin.o
 *(.bss*)
 .bss.hadc1     0x0000000020000094       0x64 build/main.o
                0x0000000020000094                hadc1
 .bss.hspi1     0x00000000200000f8       0x64 build/main.o
                0x00000000200000f8                hspi1
 .bss.huart1    0x000000002000015c       0x88 build/main.o
                0x000000002000015c                huart1
 .bss.huart2    0x00000000200001e4       0x88 build/main.o
                0x00000000200001e4                huart2
 .bss.task01_HANDLE
                0x000000002000026c        0x4 build/main.o
                0x000000002000026c                task01_HANDLE
 .bss.task02_HANDLE
                0x0000000020000270        0x4 build/main.o
                0x0000000020000270                task02_HANDLE
 .bss.car_moving
                0x0000000020000274        0x1 build/AGV.o
                0x0000000020000274                car_moving
 *fill*         0x0000000020000275        0x3 
 .bss.uwTick    0x0000000020000278        0x4 build/stm32l4xx_hal.o
                0x0000000020000278                uwTick
 .bss.xQueueRegistry
                0x000000002000027c       0x40 build/queue.o
                0x000000002000027c                xQueueRegistry
 .bss.pxCurrentTCB
                0x00000000200002bc        0x4 build/tasks.o
                0x00000000200002bc                pxCurrentTCB
 .bss.pxDelayedTaskList
                0x00000000200002c0        0x4 build/tasks.o
 .bss.pxOverflowDelayedTaskList
                0x00000000200002c4        0x4 build/tasks.o
 .bss.pxReadyTasksLists
                0x00000000200002c8      0x460 build/tasks.o
 .bss.uxCurrentNumberOfTasks
                0x0000000020000728        0x4 build/tasks.o
 .bss.uxDeletedTasksWaitingCleanUp
                0x000000002000072c        0x4 build/tasks.o
 .bss.uxSchedulerSuspended
                0x0000000020000730        0x4 build/tasks.o
 .bss.uxTaskNumber
                0x0000000020000734        0x4 build/tasks.o
 .bss.uxTopReadyPriority
                0x0000000020000738        0x4 build/tasks.o
 .bss.xDelayedTaskList1
                0x000000002000073c       0x14 build/tasks.o
 .bss.xDelayedTaskList2
                0x0000000020000750       0x14 build/tasks.o
 .bss.xIdleTaskHandle
                0x0000000020000764        0x4 build/tasks.o
 .bss.xNextTaskUnblockTime
                0x0000000020000768        0x4 build/tasks.o
 .bss.xNumOfOverflows
                0x000000002000076c        0x4 build/tasks.o
 .bss.xPendedTicks
                0x0000000020000770        0x4 build/tasks.o
 .bss.xPendingReadyList
                0x0000000020000774       0x14 build/tasks.o
 .bss.xSchedulerRunning
                0x0000000020000788        0x4 build/tasks.o
 .bss.xSuspendedTaskList
                0x000000002000078c       0x14 build/tasks.o
 .bss.xTasksWaitingTermination
                0x00000000200007a0       0x14 build/tasks.o
 .bss.xTickCount
                0x00000000200007b4        0x4 build/tasks.o
 .bss.xYieldPending
                0x00000000200007b8        0x4 build/tasks.o
 .bss.pxCurrentTimerList
                0x00000000200007bc        0x4 build/timers.o
 .bss.pxOverflowTimerList
                0x00000000200007c0        0x4 build/timers.o
 .bss.ucStaticTimerQueueStorage.1
                0x00000000200007c4       0xa0 build/timers.o
 .bss.xActiveTimerList1
                0x0000000020000864       0x14 build/timers.o
 .bss.xActiveTimerList2
                0x0000000020000878       0x14 build/timers.o
 .bss.xLastTime.2
                0x000000002000088c        0x4 build/timers.o
 .bss.xStaticTimerQueue.0
                0x0000000020000890       0x50 build/timers.o
 .bss.xTimerQueue
                0x00000000200008e0        0x4 build/timers.o
 .bss.xTimerTaskHandle
                0x00000000200008e4        0x4 build/timers.o
 .bss.Idle_Stack.2
                0x00000000200008e8      0x200 build/cmsis_os2.o
 .bss.Idle_TCB.3
                0x0000000020000ae8       0x5c build/cmsis_os2.o
 .bss.Timer_Stack.0
                0x0000000020000b44      0x400 build/cmsis_os2.o
 .bss.Timer_TCB.1
                0x0000000020000f44       0x5c build/cmsis_os2.o
 .bss.pxEnd     0x0000000020000fa0        0x4 build/heap_4.o
 .bss.ucHeap    0x0000000020000fa4      0xbb8 build/heap_4.o
 .bss.xBlockAllocatedBit
                0x0000000020001b5c        0x4 build/heap_4.o
 .bss.xFreeBytesRemaining
                0x0000000020001b60        0x4 build/heap_4.o
 .bss.xMinimumEverFreeBytesRemaining
                0x0000000020001b64        0x4 build/heap_4.o
 .bss.xNumberOfSuccessfulAllocations
                0x0000000020001b68        0x4 build/heap_4.o
 .bss.xNumberOfSuccessfulFrees
                0x0000000020001b6c        0x4 build/heap_4.o
 .bss.xStart    0x0000000020001b70        0x8 build/heap_4.o
 .bss.ucMaxSysCallPriority
                0x0000000020001b78        0x1 build/port.o
 *fill*         0x0000000020001b79        0x3 
 .bss.ulMaxPRIGROUPValue
                0x0000000020001b7c        0x4 build/port.o
 .bss.__sbrk_heap_end
                0x0000000020001b80        0x4 build/sysmem.o
 .bss.__lock___malloc_recursive_mutex
                0x0000000020001b84        0x1 /usr/local/bin/../lib/gcc/arm-none-eabi/10.3.1/../../../../arm-none-eabi/lib/thumb/v7e-m+fp/hard/libc_nano.a(lib_a-lock.o)
                0x0000000020001b84                __lock___malloc_recursive_mutex
 .bss.__lock___sfp_recursive_mutex
                0x0000000020001b85        0x1 /usr/local/bin/../lib/gcc/arm-none-eabi/10.3.1/../../../../arm-none-eabi/lib/thumb/v7e-m+fp/hard/libc_nano.a(lib_a-lock.o)
                0x0000000020001b85                __lock___sfp_recursive_mutex
 .bss.__lock___sinit_recursive_mutex
                0x0000000020001b86        0x1 /usr/local/bin/../lib/gcc/arm-none-eabi/10.3.1/../../../../arm-none-eabi/lib/thumb/v7e-m+fp/hard/libc_nano.a(lib_a-lock.o)
                0x0000000020001b86                __lock___sinit_recursive_mutex
 *fill*         0x0000000020001b87        0x1 
 .bss.__malloc_free_list
                0x0000000020001b88        0x4 /usr/local/bin/../lib/gcc/arm-none-eabi/10.3.1/../../../../arm-none-eabi/lib/thumb/v7e-m+fp/hard/libc_nano.a(lib_a-nano-mallocr.o)
                0x0000000020001b88                __malloc_free_list
 .bss.__malloc_sbrk_start
                0x0000000020001b8c        0x4 /usr/local/bin/../lib/gcc/arm-none-eabi/10.3.1/../../../../arm-none-eabi/lib/thumb/v7e-m+fp/hard/libc_nano.a(lib_a-nano-mallocr.o)
                0x0000000020001b8c                __malloc_sbrk_start
 .bss.errno     0x0000000020001b90        0x4 /usr/local/bin/../lib/gcc/arm-none-eabi/10.3.1/../../../../arm-none-eabi/lib/thumb/v7e-m+fp/hard/libc_nano.a(lib_a-reent.o)
                0x0000000020001b90                errno
 *(COMMON)
                0x0000000020001b94                . = ALIGN (0x4)
                0x0000000020001b94                _ebss = .
                0x0000000020001b94                __bss_end__ = _ebss

._user_heap_stack
                0x0000000020001b94      0x604 load address 0x00000000080065d8
                0x0000000020001b98                . = ALIGN (0x8)
 *fill*         0x0000000020001b94        0x4 
                [!provide]                        PROVIDE (end = .)
                0x0000000020001b98                PROVIDE (_end = .)
                0x0000000020001d98                . = (. + _Min_Heap_Size)
 *fill*         0x0000000020001b98      0x200 
                0x0000000020002198                . = (. + _Min_Stack_Size)
 *fill*         0x0000000020001d98      0x400 
                0x0000000020002198                . = ALIGN (0x8)

/DISCARD/
 *libc.a:*(.text .data .bss)
 *libm.a:*(.text .data .bss)
 *libgcc.a:*(.text .data .bss)
OUTPUT(build/STM32L432KC.elf elf32-littlearm)
LOAD linker stubs

.ARM.attributes
                0x0000000000000000       0x30
 .ARM.attributes
                0x0000000000000000       0x1e /usr/local/bin/../lib/gcc/arm-none-eabi/10.3.1/thumb/v7e-m+fp/hard/crti.o
 .ARM.attributes
                0x000000000000001e       0x34 /usr/local/bin/../lib/gcc/arm-none-eabi/10.3.1/thumb/v7e-m+fp/hard/crtbegin.o
 .ARM.attributes
                0x0000000000000052       0x34 build/main.o
 .ARM.attributes
                0x0000000000000086       0x34 build/AGV.o
 .ARM.attributes
                0x00000000000000ba       0x34 build/stm32l4xx_it.o
 .ARM.attributes
                0x00000000000000ee       0x34 build/stm32l4xx_hal_msp.o
 .ARM.attributes
                0x0000000000000122       0x34 build/stm32l4xx_hal_adc.o
 .ARM.attributes
                0x0000000000000156       0x34 build/stm32l4xx_hal.o
 .ARM.attributes
                0x000000000000018a       0x34 build/stm32l4xx_hal_rcc.o
 .ARM.attributes
                0x00000000000001be       0x34 build/stm32l4xx_hal_rcc_ex.o
 .ARM.attributes
                0x00000000000001f2       0x34 build/stm32l4xx_hal_gpio.o
 .ARM.attributes
                0x0000000000000226       0x34 build/stm32l4xx_hal_dma.o
 .ARM.attributes
                0x000000000000025a       0x34 build/stm32l4xx_hal_pwr.o
 .ARM.attributes
                0x000000000000028e       0x34 build/stm32l4xx_hal_pwr_ex.o
 .ARM.attributes
                0x00000000000002c2       0x34 build/stm32l4xx_hal_cortex.o
 .ARM.attributes
                0x00000000000002f6       0x34 build/stm32l4xx_hal_spi.o
 .ARM.attributes
                0x000000000000032a       0x34 build/stm32l4xx_hal_uart.o
 .ARM.attributes
                0x000000000000035e       0x34 build/stm32l4xx_hal_uart_ex.o
 .ARM.attributes
                0x0000000000000392       0x34 build/system_stm32l4xx.o
 .ARM.attributes
                0x00000000000003c6       0x34 build/list.o
 .ARM.attributes
                0x00000000000003fa       0x34 build/queue.o
 .ARM.attributes
                0x000000000000042e       0x34 build/tasks.o
 .ARM.attributes
                0x0000000000000462       0x34 build/timers.o
 .ARM.attributes
                0x0000000000000496       0x34 build/cmsis_os2.o
 .ARM.attributes
                0x00000000000004ca       0x34 build/heap_4.o
 .ARM.attributes
                0x00000000000004fe       0x34 build/port.o
 .ARM.attributes
                0x0000000000000532       0x34 build/sysmem.o
 .ARM.attributes
                0x0000000000000566       0x34 build/syscalls.o
 .ARM.attributes
                0x000000000000059a       0x21 build/startup_stm32l432xx.o
 .ARM.attributes
                0x00000000000005bb       0x34 /usr/local/bin/../lib/gcc/arm-none-eabi/10.3.1/../../../../arm-none-eabi/lib/thumb/v7e-m+fp/hard/libc_nano.a(lib_a-errno.o)
 .ARM.attributes
                0x00000000000005ef       0x34 /usr/local/bin/../lib/gcc/arm-none-eabi/10.3.1/../../../../arm-none-eabi/lib/thumb/v7e-m+fp/hard/libc_nano.a(lib_a-impure.o)
 .ARM.attributes
                0x0000000000000623       0x34 /usr/local/bin/../lib/gcc/arm-none-eabi/10.3.1/../../../../arm-none-eabi/lib/thumb/v7e-m+fp/hard/libc_nano.a(lib_a-init.o)
 .ARM.attributes
                0x0000000000000657       0x34 /usr/local/bin/../lib/gcc/arm-none-eabi/10.3.1/../../../../arm-none-eabi/lib/thumb/v7e-m+fp/hard/libc_nano.a(lib_a-memcpy-stub.o)
 .ARM.attributes
                0x000000000000068b       0x34 /usr/local/bin/../lib/gcc/arm-none-eabi/10.3.1/../../../../arm-none-eabi/lib/thumb/v7e-m+fp/hard/libc_nano.a(lib_a-memset.o)
 .ARM.attributes
                0x00000000000006bf       0x34 /usr/local/bin/../lib/gcc/arm-none-eabi/10.3.1/../../../../arm-none-eabi/lib/thumb/v7e-m+fp/hard/libc_nano.a(lib_a-printf.o)
 .ARM.attributes
                0x00000000000006f3       0x34 /usr/local/bin/../lib/gcc/arm-none-eabi/10.3.1/../../../../arm-none-eabi/lib/thumb/v7e-m+fp/hard/libc_nano.a(lib_a-puts.o)
 .ARM.attributes
                0x0000000000000727       0x34 /usr/local/bin/../lib/gcc/arm-none-eabi/10.3.1/../../../../arm-none-eabi/lib/thumb/v7e-m+fp/hard/libc_nano.a(lib_a-wbuf.o)
 .ARM.attributes
                0x000000000000075b       0x34 /usr/local/bin/../lib/gcc/arm-none-eabi/10.3.1/../../../../arm-none-eabi/lib/thumb/v7e-m+fp/hard/libc_nano.a(lib_a-wsetup.o)
 .ARM.attributes
                0x000000000000078f       0x34 /usr/local/bin/../lib/gcc/arm-none-eabi/10.3.1/../../../../arm-none-eabi/lib/thumb/v7e-m+fp/hard/libc_nano.a(lib_a-fflush.o)
 .ARM.attributes
                0x00000000000007c3       0x34 /usr/local/bin/../lib/gcc/arm-none-eabi/10.3.1/../../../../arm-none-eabi/lib/thumb/v7e-m+fp/hard/libc_nano.a(lib_a-findfp.o)
 .ARM.attributes
                0x00000000000007f7       0x34 /usr/local/bin/../lib/gcc/arm-none-eabi/10.3.1/../../../../arm-none-eabi/lib/thumb/v7e-m+fp/hard/libc_nano.a(lib_a-fwalk.o)
 .ARM.attributes
                0x000000000000082b       0x34 /usr/local/bin/../lib/gcc/arm-none-eabi/10.3.1/../../../../arm-none-eabi/lib/thumb/v7e-m+fp/hard/libc_nano.a(lib_a-lock.o)
 .ARM.attributes
                0x000000000000085f       0x34 /usr/local/bin/../lib/gcc/arm-none-eabi/10.3.1/../../../../arm-none-eabi/lib/thumb/v7e-m+fp/hard/libc_nano.a(lib_a-makebuf.o)
 .ARM.attributes
                0x0000000000000893       0x34 /usr/local/bin/../lib/gcc/arm-none-eabi/10.3.1/../../../../arm-none-eabi/lib/thumb/v7e-m+fp/hard/libc_nano.a(lib_a-nano-freer.o)
 .ARM.attributes
                0x00000000000008c7       0x34 /usr/local/bin/../lib/gcc/arm-none-eabi/10.3.1/../../../../arm-none-eabi/lib/thumb/v7e-m+fp/hard/libc_nano.a(lib_a-nano-mallocr.o)
 .ARM.attributes
                0x00000000000008fb       0x34 /usr/local/bin/../lib/gcc/arm-none-eabi/10.3.1/../../../../arm-none-eabi/lib/thumb/v7e-m+fp/hard/libc_nano.a(lib_a-nano-vfprintf.o)
 .ARM.attributes
                0x000000000000092f       0x34 /usr/local/bin/../lib/gcc/arm-none-eabi/10.3.1/../../../../arm-none-eabi/lib/thumb/v7e-m+fp/hard/libc_nano.a(lib_a-nano-vfprintf_i.o)
 .ARM.attributes
                0x0000000000000963       0x34 /usr/local/bin/../lib/gcc/arm-none-eabi/10.3.1/../../../../arm-none-eabi/lib/thumb/v7e-m+fp/hard/libc_nano.a(lib_a-sbrkr.o)
 .ARM.attributes
                0x0000000000000997       0x34 /usr/local/bin/../lib/gcc/arm-none-eabi/10.3.1/../../../../arm-none-eabi/lib/thumb/v7e-m+fp/hard/libc_nano.a(lib_a-stdio.o)
 .ARM.attributes
                0x00000000000009cb       0x34 /usr/local/bin/../lib/gcc/arm-none-eabi/10.3.1/../../../../arm-none-eabi/lib/thumb/v7e-m+fp/hard/libc_nano.a(lib_a-writer.o)
 .ARM.attributes
                0x00000000000009ff       0x34 /usr/local/bin/../lib/gcc/arm-none-eabi/10.3.1/../../../../arm-none-eabi/lib/thumb/v7e-m+fp/hard/libc_nano.a(lib_a-closer.o)
 .ARM.attributes
                0x0000000000000a33       0x34 /usr/local/bin/../lib/gcc/arm-none-eabi/10.3.1/../../../../arm-none-eabi/lib/thumb/v7e-m+fp/hard/libc_nano.a(lib_a-fstatr.o)
 .ARM.attributes
                0x0000000000000a67       0x34 /usr/local/bin/../lib/gcc/arm-none-eabi/10.3.1/../../../../arm-none-eabi/lib/thumb/v7e-m+fp/hard/libc_nano.a(lib_a-isattyr.o)
 .ARM.attributes
                0x0000000000000a9b       0x34 /usr/local/bin/../lib/gcc/arm-none-eabi/10.3.1/../../../../arm-none-eabi/lib/thumb/v7e-m+fp/hard/libc_nano.a(lib_a-lseekr.o)
 .ARM.attributes
                0x0000000000000acf       0x1c /usr/local/bin/../lib/gcc/arm-none-eabi/10.3.1/../../../../arm-none-eabi/lib/thumb/v7e-m+fp/hard/libc_nano.a(lib_a-memchr.o)
 .ARM.attributes
                0x0000000000000aeb       0x34 /usr/local/bin/../lib/gcc/arm-none-eabi/10.3.1/../../../../arm-none-eabi/lib/thumb/v7e-m+fp/hard/libc_nano.a(lib_a-mlock.o)
 .ARM.attributes
                0x0000000000000b1f       0x34 /usr/local/bin/../lib/gcc/arm-none-eabi/10.3.1/../../../../arm-none-eabi/lib/thumb/v7e-m+fp/hard/libc_nano.a(lib_a-readr.o)
 .ARM.attributes
                0x0000000000000b53       0x34 /usr/local/bin/../lib/gcc/arm-none-eabi/10.3.1/../../../../arm-none-eabi/lib/thumb/v7e-m+fp/hard/libc_nano.a(lib_a-reent.o)
 .ARM.attributes
                0x0000000000000b87       0x1e /usr/local/bin/../lib/gcc/arm-none-eabi/10.3.1/thumb/v7e-m+fp/hard/libgcc.a(_arm_muldf3.o)
 .ARM.attributes
                0x0000000000000ba5       0x1e /usr/local/bin/../lib/gcc/arm-none-eabi/10.3.1/thumb/v7e-m+fp/hard/libgcc.a(_arm_addsubdf3.o)
 .ARM.attributes
                0x0000000000000bc3       0x1e /usr/local/bin/../lib/gcc/arm-none-eabi/10.3.1/thumb/v7e-m+fp/hard/libgcc.a(_arm_fixunsdfsi.o)
 .ARM.attributes
                0x0000000000000be1       0x1e /usr/local/bin/../lib/gcc/arm-none-eabi/10.3.1/thumb/v7e-m+fp/hard/libgcc.a(_aeabi_uldivmod.o)
 .ARM.attributes
                0x0000000000000bff       0x34 /usr/local/bin/../lib/gcc/arm-none-eabi/10.3.1/thumb/v7e-m+fp/hard/libgcc.a(_udivmoddi4.o)
 .ARM.attributes
                0x0000000000000c33       0x1e /usr/local/bin/../lib/gcc/arm-none-eabi/10.3.1/thumb/v7e-m+fp/hard/libgcc.a(_dvmd_tls.o)
 .ARM.attributes
                0x0000000000000c51       0x1e /usr/local/bin/../lib/gcc/arm-none-eabi/10.3.1/thumb/v7e-m+fp/hard/crtn.o

.comment        0x0000000000000000       0x49
 .comment       0x0000000000000000       0x49 build/main.o
                                         0x4a (size before relaxing)
 .comment       0x0000000000000049       0x4a build/AGV.o
 .comment       0x0000000000000049       0x4a build/stm32l4xx_it.o
 .comment       0x0000000000000049       0x4a build/stm32l4xx_hal_msp.o
 .comment       0x0000000000000049       0x4a build/stm32l4xx_hal_adc.o
 .comment       0x0000000000000049       0x4a build/stm32l4xx_hal.o
 .comment       0x0000000000000049       0x4a build/stm32l4xx_hal_rcc.o
 .comment       0x0000000000000049       0x4a build/stm32l4xx_hal_rcc_ex.o
 .comment       0x0000000000000049       0x4a build/stm32l4xx_hal_gpio.o
 .comment       0x0000000000000049       0x4a build/stm32l4xx_hal_dma.o
 .comment       0x0000000000000049       0x4a build/stm32l4xx_hal_pwr.o
 .comment       0x0000000000000049       0x4a build/stm32l4xx_hal_pwr_ex.o
 .comment       0x0000000000000049       0x4a build/stm32l4xx_hal_cortex.o
 .comment       0x0000000000000049       0x4a build/stm32l4xx_hal_spi.o
 .comment       0x0000000000000049       0x4a build/stm32l4xx_hal_uart.o
 .comment       0x0000000000000049       0x4a build/stm32l4xx_hal_uart_ex.o
 .comment       0x0000000000000049       0x4a build/system_stm32l4xx.o
 .comment       0x0000000000000049       0x4a build/list.o
 .comment       0x0000000000000049       0x4a build/queue.o
 .comment       0x0000000000000049       0x4a build/tasks.o
 .comment       0x0000000000000049       0x4a build/timers.o
 .comment       0x0000000000000049       0x4a build/cmsis_os2.o
 .comment       0x0000000000000049       0x4a build/heap_4.o
 .comment       0x0000000000000049       0x4a build/port.o
 .comment       0x0000000000000049       0x4a build/sysmem.o
 .comment       0x0000000000000049       0x4a build/syscalls.o

.debug_info     0x0000000000000000    0x25111
 .debug_info    0x0000000000000000     0x1da1 build/main.o
 .debug_info    0x0000000000001da1      0x773 build/AGV.o
 .debug_info    0x0000000000002514      0x872 build/stm32l4xx_it.o
 .debug_info    0x0000000000002d86     0x1ad2 build/stm32l4xx_hal_msp.o
 .debug_info    0x0000000000004858     0x32d4 build/stm32l4xx_hal_adc.o
 .debug_info    0x0000000000007b2c      0xb5b build/stm32l4xx_hal.o
 .debug_info    0x0000000000008687     0x1051 build/stm32l4xx_hal_rcc.o
 .debug_info    0x00000000000096d8     0x1397 build/stm32l4xx_hal_rcc_ex.o
 .debug_info    0x000000000000aa6f      0x91c build/stm32l4xx_hal_gpio.o
 .debug_info    0x000000000000b38b      0x8ea build/stm32l4xx_hal_dma.o
 .debug_info    0x000000000000bc75      0xab7 build/stm32l4xx_hal_pwr.o
 .debug_info    0x000000000000c72c      0xb22 build/stm32l4xx_hal_pwr_ex.o
 .debug_info    0x000000000000d24e     0x1137 build/stm32l4xx_hal_cortex.o
 .debug_info    0x000000000000e385     0x21f9 build/stm32l4xx_hal_spi.o
 .debug_info    0x000000000001057e     0x54eb build/stm32l4xx_hal_uart.o
 .debug_info    0x0000000000015a69     0x1176 build/stm32l4xx_hal_uart_ex.o
 .debug_info    0x0000000000016bdf      0x682 build/system_stm32l4xx.o
 .debug_info    0x0000000000017261      0x30f build/list.o
 .debug_info    0x0000000000017570     0x2968 build/queue.o
 .debug_info    0x0000000000019ed8     0x333f build/tasks.o
 .debug_info    0x000000000001d217     0x1bd3 build/timers.o
 .debug_info    0x000000000001edea     0x4d69 build/cmsis_os2.o
 .debug_info    0x0000000000023b53      0x61a build/heap_4.o
 .debug_info    0x000000000002416d      0x5c8 build/port.o
 .debug_info    0x0000000000024735      0x185 build/sysmem.o
 .debug_info    0x00000000000248ba      0x835 build/syscalls.o
 .debug_info    0x00000000000250ef       0x22 build/startup_stm32l432xx.o

.debug_abbrev   0x0000000000000000     0x400b
 .debug_abbrev  0x0000000000000000      0x2a0 build/main.o
 .debug_abbrev  0x00000000000002a0      0x19d build/AGV.o
 .debug_abbrev  0x000000000000043d      0x172 build/stm32l4xx_it.o
 .debug_abbrev  0x00000000000005af      0x218 build/stm32l4xx_hal_msp.o
 .debug_abbrev  0x00000000000007c7      0x2f7 build/stm32l4xx_hal_adc.o
 .debug_abbrev  0x0000000000000abe      0x21c build/stm32l4xx_hal.o
 .debug_abbrev  0x0000000000000cda      0x28e build/stm32l4xx_hal_rcc.o
 .debug_abbrev  0x0000000000000f68      0x2b0 build/stm32l4xx_hal_rcc_ex.o
 .debug_abbrev  0x0000000000001218      0x222 build/stm32l4xx_hal_gpio.o
 .debug_abbrev  0x000000000000143a      0x23b build/stm32l4xx_hal_dma.o
 .debug_abbrev  0x0000000000001675      0x1a6 build/stm32l4xx_hal_pwr.o
 .debug_abbrev  0x000000000000181b      0x234 build/stm32l4xx_hal_pwr_ex.o
 .debug_abbrev  0x0000000000001a4f      0x379 build/stm32l4xx_hal_cortex.o
 .debug_abbrev  0x0000000000001dc8      0x270 build/stm32l4xx_hal_spi.o
 .debug_abbrev  0x0000000000002038      0x316 build/stm32l4xx_hal_uart.o
 .debug_abbrev  0x000000000000234e      0x2dd build/stm32l4xx_hal_uart_ex.o
 .debug_abbrev  0x000000000000262b      0x11b build/system_stm32l4xx.o
 .debug_abbrev  0x0000000000002746      0x124 build/list.o
 .debug_abbrev  0x000000000000286a      0x3c4 build/queue.o
 .debug_abbrev  0x0000000000002c2e      0x387 build/tasks.o
 .debug_abbrev  0x0000000000002fb5      0x366 build/timers.o
 .debug_abbrev  0x000000000000331b      0x53d build/cmsis_os2.o
 .debug_abbrev  0x0000000000003858      0x269 build/heap_4.o
 .debug_abbrev  0x0000000000003ac1      0x28a build/port.o
 .debug_abbrev  0x0000000000003d4b       0xea build/sysmem.o
 .debug_abbrev  0x0000000000003e35      0x1c4 build/syscalls.o
 .debug_abbrev  0x0000000000003ff9       0x12 build/startup_stm32l432xx.o

.debug_loc      0x0000000000000000    0x1c7a3
 .debug_loc     0x0000000000000000      0x3c4 build/main.o
 .debug_loc     0x00000000000003c4      0x230 build/AGV.o
 .debug_loc     0x00000000000005f4       0x40 build/stm32l4xx_it.o
 .debug_loc     0x0000000000000634      0x328 build/stm32l4xx_hal_msp.o
 .debug_loc     0x000000000000095c     0x2851 build/stm32l4xx_hal_adc.o
 .debug_loc     0x00000000000031ad      0x26d build/stm32l4xx_hal.o
 .debug_loc     0x000000000000341a      0x9e0 build/stm32l4xx_hal_rcc.o
 .debug_loc     0x0000000000003dfa     0x18af build/stm32l4xx_hal_rcc_ex.o
 .debug_loc     0x00000000000056a9      0x46f build/stm32l4xx_hal_gpio.o
 .debug_loc     0x0000000000005b18      0x94e build/stm32l4xx_hal_dma.o
 .debug_loc     0x0000000000006466      0x1f1 build/stm32l4xx_hal_pwr.o
 .debug_loc     0x0000000000006657      0x76f build/stm32l4xx_hal_pwr_ex.o
 .debug_loc     0x0000000000006dc6      0x7a4 build/stm32l4xx_hal_cortex.o
 .debug_loc     0x000000000000756a     0x2596 build/stm32l4xx_hal_spi.o
 .debug_loc     0x0000000000009b00     0x5189 build/stm32l4xx_hal_uart.o
 .debug_loc     0x000000000000ec89      0xd5d build/stm32l4xx_hal_uart_ex.o
 .debug_loc     0x000000000000f9e6      0x127 build/system_stm32l4xx.o
 .debug_loc     0x000000000000fb0d       0xe5 build/list.o
 .debug_loc     0x000000000000fbf2     0x1fe4 build/queue.o
 .debug_loc     0x0000000000011bd6     0x2c72 build/tasks.o
 .debug_loc     0x0000000000014848     0x1586 build/timers.o
 .debug_loc     0x0000000000015dce     0x5d9c build/cmsis_os2.o
 .debug_loc     0x000000000001bb6a      0x4e4 build/heap_4.o
 .debug_loc     0x000000000001c04e      0x1c0 build/port.o
 .debug_loc     0x000000000001c20e       0x84 build/sysmem.o
 .debug_loc     0x000000000001c292      0x511 build/syscalls.o

.debug_aranges  0x0000000000000000     0x15f0
 .debug_aranges
                0x0000000000000000       0x80 build/main.o
 .debug_aranges
                0x0000000000000080       0x60 build/AGV.o
 .debug_aranges
                0x00000000000000e0       0x58 build/stm32l4xx_it.o
 .debug_aranges
                0x0000000000000138       0x50 build/stm32l4xx_hal_msp.o
 .debug_aranges
                0x0000000000000188       0xf8 build/stm32l4xx_hal_adc.o
 .debug_aranges
                0x0000000000000280      0x108 build/stm32l4xx_hal.o
 .debug_aranges
                0x0000000000000388       0x90 build/stm32l4xx_hal_rcc.o
 .debug_aranges
                0x0000000000000418       0xf0 build/stm32l4xx_hal_rcc_ex.o
 .debug_aranges
                0x0000000000000508       0x58 build/stm32l4xx_hal_gpio.o
 .debug_aranges
                0x0000000000000560       0x80 build/stm32l4xx_hal_dma.o
 .debug_aranges
                0x00000000000005e0       0x98 build/stm32l4xx_hal_pwr.o
 .debug_aranges
                0x0000000000000678      0x128 build/stm32l4xx_hal_pwr_ex.o
 .debug_aranges
                0x00000000000007a0       0xb8 build/stm32l4xx_hal_cortex.o
 .debug_aranges
                0x0000000000000858      0x1d8 build/stm32l4xx_hal_spi.o
 .debug_aranges
                0x0000000000000a30      0x228 build/stm32l4xx_hal_uart.o
 .debug_aranges
                0x0000000000000c58       0x80 build/stm32l4xx_hal_uart_ex.o
 .debug_aranges
                0x0000000000000cd8       0x28 build/system_stm32l4xx.o
 .debug_aranges
                0x0000000000000d00       0x40 build/list.o
 .debug_aranges
                0x0000000000000d40      0x158 build/queue.o
 .debug_aranges
                0x0000000000000e98      0x208 build/tasks.o
 .debug_aranges
                0x00000000000010a0       0xf0 build/timers.o
 .debug_aranges
                0x0000000000001190      0x298 build/cmsis_os2.o
 .debug_aranges
                0x0000000000001428       0x58 build/heap_4.o
 .debug_aranges
                0x0000000000001480       0x80 build/port.o
 .debug_aranges
                0x0000000000001500       0x20 build/sysmem.o
 .debug_aranges
                0x0000000000001520       0xa8 build/syscalls.o
 .debug_aranges
                0x00000000000015c8       0x28 build/startup_stm32l432xx.o

.debug_ranges   0x0000000000000000     0x1958
 .debug_ranges  0x0000000000000000       0x70 build/main.o
 .debug_ranges  0x0000000000000070       0x50 build/AGV.o
 .debug_ranges  0x00000000000000c0       0x48 build/stm32l4xx_it.o
 .debug_ranges  0x0000000000000108       0x40 build/stm32l4xx_hal_msp.o
 .debug_ranges  0x0000000000000148      0x2f8 build/stm32l4xx_hal_adc.o
 .debug_ranges  0x0000000000000440       0xf8 build/stm32l4xx_hal.o
 .debug_ranges  0x0000000000000538       0x98 build/stm32l4xx_hal_rcc.o
 .debug_ranges  0x00000000000005d0       0xf8 build/stm32l4xx_hal_rcc_ex.o
 .debug_ranges  0x00000000000006c8       0x48 build/stm32l4xx_hal_gpio.o
 .debug_ranges  0x0000000000000710       0x70 build/stm32l4xx_hal_dma.o
 .debug_ranges  0x0000000000000780       0x88 build/stm32l4xx_hal_pwr.o
 .debug_ranges  0x0000000000000808      0x118 build/stm32l4xx_hal_pwr_ex.o
 .debug_ranges  0x0000000000000920      0x108 build/stm32l4xx_hal_cortex.o
 .debug_ranges  0x0000000000000a28      0x1c8 build/stm32l4xx_hal_spi.o
 .debug_ranges  0x0000000000000bf0      0x230 build/stm32l4xx_hal_uart.o
 .debug_ranges  0x0000000000000e20       0x88 build/stm32l4xx_hal_uart_ex.o
 .debug_ranges  0x0000000000000ea8       0x18 build/system_stm32l4xx.o
 .debug_ranges  0x0000000000000ec0       0x30 build/list.o
 .debug_ranges  0x0000000000000ef0      0x218 build/queue.o
 .debug_ranges  0x0000000000001108      0x338 build/tasks.o
 .debug_ranges  0x0000000000001440       0xe0 build/timers.o
 .debug_ranges  0x0000000000001520      0x2a0 build/cmsis_os2.o
 .debug_ranges  0x00000000000017c0       0x48 build/heap_4.o
 .debug_ranges  0x0000000000001808       0x88 build/port.o
 .debug_ranges  0x0000000000001890       0x10 build/sysmem.o
 .debug_ranges  0x00000000000018a0       0x98 build/syscalls.o
 .debug_ranges  0x0000000000001938       0x20 build/startup_stm32l432xx.o

.debug_line     0x0000000000000000    0x1a29b
 .debug_line    0x0000000000000000      0x83d build/main.o
 .debug_line    0x000000000000083d      0x323 build/AGV.o
 .debug_line    0x0000000000000b60      0x313 build/stm32l4xx_it.o
 .debug_line    0x0000000000000e73      0x4f6 build/stm32l4xx_hal_msp.o
 .debug_line    0x0000000000001369     0x212d build/stm32l4xx_hal_adc.o
 .debug_line    0x0000000000003496      0x59a build/stm32l4xx_hal.o
 .debug_line    0x0000000000003a30      0xf01 build/stm32l4xx_hal_rcc.o
 .debug_line    0x0000000000004931     0x1270 build/stm32l4xx_hal_rcc_ex.o
 .debug_line    0x0000000000005ba1      0x60e build/stm32l4xx_hal_gpio.o
 .debug_line    0x00000000000061af      0x9eb build/stm32l4xx_hal_dma.o
 .debug_line    0x0000000000006b9a      0x3c4 build/stm32l4xx_hal_pwr.o
 .debug_line    0x0000000000006f5e      0x873 build/stm32l4xx_hal_pwr_ex.o
 .debug_line    0x00000000000077d1      0x738 build/stm32l4xx_hal_cortex.o
 .debug_line    0x0000000000007f09     0x2a45 build/stm32l4xx_hal_spi.o
 .debug_line    0x000000000000a94e     0x5164 build/stm32l4xx_hal_uart.o
 .debug_line    0x000000000000fab2      0xacc build/stm32l4xx_hal_uart_ex.o
 .debug_line    0x000000000001057e      0x242 build/system_stm32l4xx.o
 .debug_line    0x00000000000107c0      0x309 build/list.o
 .debug_line    0x0000000000010ac9     0x1fd2 build/queue.o
 .debug_line    0x0000000000012a9b     0x2cfa build/tasks.o
 .debug_line    0x0000000000015795      0xea8 build/timers.o
 .debug_line    0x000000000001663d     0x2978 build/cmsis_os2.o
 .debug_line    0x0000000000018fb5      0x6ba build/heap_4.o
 .debug_line    0x000000000001966f      0x6ba build/port.o
 .debug_line    0x0000000000019d29      0x14a build/sysmem.o
 .debug_line    0x0000000000019e73      0x3b2 build/syscalls.o
 .debug_line    0x000000000001a225       0x76 build/startup_stm32l432xx.o

.debug_str      0x0000000000000000     0x7d64
 .debug_str     0x0000000000000000      0xf52 build/main.o
                                       0x1096 (size before relaxing)
 .debug_str     0x0000000000000f52      0x134 build/AGV.o
                                        0x398 (size before relaxing)
 .debug_str     0x0000000000001086      0x126 build/stm32l4xx_it.o
                                        0x6dc (size before relaxing)
 .debug_str     0x00000000000011ac      0x666 build/stm32l4xx_hal_msp.o
                                       0x123a (size before relaxing)
 .debug_str     0x0000000000001812      0x951 build/stm32l4xx_hal_adc.o
                                       0x10aa (size before relaxing)
 .debug_str     0x0000000000002163      0x3a4 build/stm32l4xx_hal.o
                                        0xafb (size before relaxing)
 .debug_str     0x0000000000002507      0x2d6 build/stm32l4xx_hal_rcc.o
                                        0x84f (size before relaxing)
 .debug_str     0x00000000000027dd      0x488 build/stm32l4xx_hal_rcc_ex.o
                                        0xb55 (size before relaxing)
 .debug_str     0x0000000000002c65       0x96 build/stm32l4xx_hal_gpio.o
                                        0x534 (size before relaxing)
 .debug_str     0x0000000000002cfb      0x245 build/stm32l4xx_hal_dma.o
                                        0x639 (size before relaxing)
 .debug_str     0x0000000000002f40      0x288 build/stm32l4xx_hal_pwr.o
                                        0x686 (size before relaxing)
 .debug_str     0x00000000000031c8      0x396 build/stm32l4xx_hal_pwr_ex.o
                                        0x795 (size before relaxing)
 .debug_str     0x000000000000355e      0x45c build/stm32l4xx_hal_cortex.o
                                        0xb32 (size before relaxing)
 .debug_str     0x00000000000039ba      0x565 build/stm32l4xx_hal_spi.o
                                        0xbd1 (size before relaxing)
 .debug_str     0x0000000000003f1f      0x767 build/stm32l4xx_hal_uart.o
                                       0x100d (size before relaxing)
 .debug_str     0x0000000000004686      0x1f4 build/stm32l4xx_hal_uart_ex.o
                                        0x948 (size before relaxing)
 .debug_str     0x000000000000487a       0x3d build/system_stm32l4xx.o
                                        0x3d2 (size before relaxing)
 .debug_str     0x00000000000048b7      0x141 build/list.o
                                        0x2f8 (size before relaxing)
 .debug_str     0x00000000000049f8      0x9eb build/queue.o
                                        0xd0e (size before relaxing)
 .debug_str     0x00000000000053e3      0xc38 build/tasks.o
                                       0x12dd (size before relaxing)
 .debug_str     0x000000000000601b      0x5d8 build/timers.o
                                        0xc3e (size before relaxing)
 .debug_str     0x00000000000065f3     0x109c build/cmsis_os2.o
                                       0x2004 (size before relaxing)
 .debug_str     0x000000000000768f      0x2bf build/heap_4.o
                                        0x506 (size before relaxing)
 .debug_str     0x000000000000794e      0x17d build/port.o
                                        0x478 (size before relaxing)
 .debug_str     0x0000000000007acb       0x7a build/sysmem.o
                                        0x21b (size before relaxing)
 .debug_str     0x0000000000007b45      0x1fb build/syscalls.o
                                        0x3ef (size before relaxing)
 .debug_str     0x0000000000007d40       0x24 build/startup_stm32l432xx.o
                                         0x88 (size before relaxing)

.debug_frame    0x0000000000000000     0x45e8
 .debug_frame   0x0000000000000000      0x16c build/main.o
 .debug_frame   0x000000000000016c       0xe8 build/AGV.o
 .debug_frame   0x0000000000000254       0xa0 build/stm32l4xx_it.o
 .debug_frame   0x00000000000002f4       0xdc build/stm32l4xx_hal_msp.o
 .debug_frame   0x00000000000003d0      0x2e0 build/stm32l4xx_hal_adc.o
 .debug_frame   0x00000000000006b0      0x21c build/stm32l4xx_hal.o
 .debug_frame   0x00000000000008cc      0x19c build/stm32l4xx_hal_rcc.o
 .debug_frame   0x0000000000000a68      0x248 build/stm32l4xx_hal_rcc_ex.o
 .debug_frame   0x0000000000000cb0       0xd0 build/stm32l4xx_hal_gpio.o
 .debug_frame   0x0000000000000d80      0x150 build/stm32l4xx_hal_dma.o
 .debug_frame   0x0000000000000ed0      0x120 build/stm32l4xx_hal_pwr.o
 .debug_frame   0x0000000000000ff0      0x248 build/stm32l4xx_hal_pwr_ex.o
 .debug_frame   0x0000000000001238      0x168 build/stm32l4xx_hal_cortex.o
 .debug_frame   0x00000000000013a0      0x5f8 build/stm32l4xx_hal_spi.o
 .debug_frame   0x0000000000001998      0x600 build/stm32l4xx_hal_uart.o
 .debug_frame   0x0000000000001f98      0x158 build/stm32l4xx_hal_uart_ex.o
 .debug_frame   0x00000000000020f0       0x30 build/system_stm32l4xx.o
 .debug_frame   0x0000000000002120       0x70 build/list.o
 .debug_frame   0x0000000000002190      0x458 build/queue.o
 .debug_frame   0x00000000000025e8      0x688 build/tasks.o
 .debug_frame   0x0000000000002c70      0x30c build/timers.o
 .debug_frame   0x0000000000002f7c      0x8e8 build/cmsis_os2.o
 .debug_frame   0x0000000000003864       0xd0 build/heap_4.o
 .debug_frame   0x0000000000003934      0x110 build/port.o
 .debug_frame   0x0000000000003a44       0x28 build/sysmem.o
 .debug_frame   0x0000000000003a6c      0x190 build/syscalls.o
 .debug_frame   0x0000000000003bfc       0x20 /usr/local/bin/../lib/gcc/arm-none-eabi/10.3.1/../../../../arm-none-eabi/lib/thumb/v7e-m+fp/hard/libc_nano.a(lib_a-errno.o)
 .debug_frame   0x0000000000003c1c       0x2c /usr/local/bin/../lib/gcc/arm-none-eabi/10.3.1/../../../../arm-none-eabi/lib/thumb/v7e-m+fp/hard/libc_nano.a(lib_a-init.o)
 .debug_frame   0x0000000000003c48       0x28 /usr/local/bin/../lib/gcc/arm-none-eabi/10.3.1/../../../../arm-none-eabi/lib/thumb/v7e-m+fp/hard/libc_nano.a(lib_a-memcpy-stub.o)
 .debug_frame   0x0000000000003c70       0x20 /usr/local/bin/../lib/gcc/arm-none-eabi/10.3.1/../../../../arm-none-eabi/lib/thumb/v7e-m+fp/hard/libc_nano.a(lib_a-memset.o)
 .debug_frame   0x0000000000003c90       0x74 /usr/local/bin/../lib/gcc/arm-none-eabi/10.3.1/../../../../arm-none-eabi/lib/thumb/v7e-m+fp/hard/libc_nano.a(lib_a-printf.o)
 .debug_frame   0x0000000000003d04       0x3c /usr/local/bin/../lib/gcc/arm-none-eabi/10.3.1/../../../../arm-none-eabi/lib/thumb/v7e-m+fp/hard/libc_nano.a(lib_a-puts.o)
 .debug_frame   0x0000000000003d40       0x40 /usr/local/bin/../lib/gcc/arm-none-eabi/10.3.1/../../../../arm-none-eabi/lib/thumb/v7e-m+fp/hard/libc_nano.a(lib_a-wbuf.o)
 .debug_frame   0x0000000000003d80       0x2c /usr/local/bin/../lib/gcc/arm-none-eabi/10.3.1/../../../../arm-none-eabi/lib/thumb/v7e-m+fp/hard/libc_nano.a(lib_a-wsetup.o)
 .debug_frame   0x0000000000003dac       0x5c /usr/local/bin/../lib/gcc/arm-none-eabi/10.3.1/../../../../arm-none-eabi/lib/thumb/v7e-m+fp/hard/libc_nano.a(lib_a-fflush.o)
 .debug_frame   0x0000000000003e08      0x14c /usr/local/bin/../lib/gcc/arm-none-eabi/10.3.1/../../../../arm-none-eabi/lib/thumb/v7e-m+fp/hard/libc_nano.a(lib_a-findfp.o)
 .debug_frame   0x0000000000003f54       0x54 /usr/local/bin/../lib/gcc/arm-none-eabi/10.3.1/../../../../arm-none-eabi/lib/thumb/v7e-m+fp/hard/libc_nano.a(lib_a-fwalk.o)
 .debug_frame   0x0000000000003fa8       0xb0 /usr/local/bin/../lib/gcc/arm-none-eabi/10.3.1/../../../../arm-none-eabi/lib/thumb/v7e-m+fp/hard/libc_nano.a(lib_a-lock.o)
 .debug_frame   0x0000000000004058       0x58 /usr/local/bin/../lib/gcc/arm-none-eabi/10.3.1/../../../../arm-none-eabi/lib/thumb/v7e-m+fp/hard/libc_nano.a(lib_a-makebuf.o)
 .debug_frame   0x00000000000040b0       0x38 /usr/local/bin/../lib/gcc/arm-none-eabi/10.3.1/../../../../arm-none-eabi/lib/thumb/v7e-m+fp/hard/libc_nano.a(lib_a-nano-freer.o)
 .debug_frame   0x00000000000040e8       0x4c /usr/local/bin/../lib/gcc/arm-none-eabi/10.3.1/../../../../arm-none-eabi/lib/thumb/v7e-m+fp/hard/libc_nano.a(lib_a-nano-mallocr.o)
 .debug_frame   0x0000000000004134       0xac /usr/local/bin/../lib/gcc/arm-none-eabi/10.3.1/../../../../arm-none-eabi/lib/thumb/v7e-m+fp/hard/libc_nano.a(lib_a-nano-vfprintf.o)
 .debug_frame   0x00000000000041e0       0x60 /usr/local/bin/../lib/gcc/arm-none-eabi/10.3.1/../../../../arm-none-eabi/lib/thumb/v7e-m+fp/hard/libc_nano.a(lib_a-nano-vfprintf_i.o)
 .debug_frame   0x0000000000004240       0x2c /usr/local/bin/../lib/gcc/arm-none-eabi/10.3.1/../../../../arm-none-eabi/lib/thumb/v7e-m+fp/hard/libc_nano.a(lib_a-sbrkr.o)
 .debug_frame   0x000000000000426c       0x88 /usr/local/bin/../lib/gcc/arm-none-eabi/10.3.1/../../../../arm-none-eabi/lib/thumb/v7e-m+fp/hard/libc_nano.a(lib_a-stdio.o)
 .debug_frame   0x00000000000042f4       0x2c /usr/local/bin/../lib/gcc/arm-none-eabi/10.3.1/../../../../arm-none-eabi/lib/thumb/v7e-m+fp/hard/libc_nano.a(lib_a-writer.o)
 .debug_frame   0x0000000000004320       0x2c /usr/local/bin/../lib/gcc/arm-none-eabi/10.3.1/../../../../arm-none-eabi/lib/thumb/v7e-m+fp/hard/libc_nano.a(lib_a-closer.o)
 .debug_frame   0x000000000000434c       0x2c /usr/local/bin/../lib/gcc/arm-none-eabi/10.3.1/../../../../arm-none-eabi/lib/thumb/v7e-m+fp/hard/libc_nano.a(lib_a-fstatr.o)
 .debug_frame   0x0000000000004378       0x2c /usr/local/bin/../lib/gcc/arm-none-eabi/10.3.1/../../../../arm-none-eabi/lib/thumb/v7e-m+fp/hard/libc_nano.a(lib_a-isattyr.o)
 .debug_frame   0x00000000000043a4       0x2c /usr/local/bin/../lib/gcc/arm-none-eabi/10.3.1/../../../../arm-none-eabi/lib/thumb/v7e-m+fp/hard/libc_nano.a(lib_a-lseekr.o)
 .debug_frame   0x00000000000043d0       0x30 /usr/local/bin/../lib/gcc/arm-none-eabi/10.3.1/../../../../arm-none-eabi/lib/thumb/v7e-m+fp/hard/libc_nano.a(lib_a-mlock.o)
 .debug_frame   0x0000000000004400       0x2c /usr/local/bin/../lib/gcc/arm-none-eabi/10.3.1/../../../../arm-none-eabi/lib/thumb/v7e-m+fp/hard/libc_nano.a(lib_a-readr.o)
 .debug_frame   0x000000000000442c       0x5c /usr/local/bin/../lib/gcc/arm-none-eabi/10.3.1/../../../../arm-none-eabi/lib/thumb/v7e-m+fp/hard/libc_nano.a(lib_a-reent.o)
 .debug_frame   0x0000000000004488       0x30 /usr/local/bin/../lib/gcc/arm-none-eabi/10.3.1/thumb/v7e-m+fp/hard/libgcc.a(_arm_muldf3.o)
 .debug_frame   0x00000000000044b8       0xac /usr/local/bin/../lib/gcc/arm-none-eabi/10.3.1/thumb/v7e-m+fp/hard/libgcc.a(_arm_addsubdf3.o)
 .debug_frame   0x0000000000004564       0x24 /usr/local/bin/../lib/gcc/arm-none-eabi/10.3.1/thumb/v7e-m+fp/hard/libgcc.a(_arm_fixunsdfsi.o)
 .debug_frame   0x0000000000004588       0x2c /usr/local/bin/../lib/gcc/arm-none-eabi/10.3.1/thumb/v7e-m+fp/hard/libgcc.a(_aeabi_uldivmod.o)
 .debug_frame   0x00000000000045b4       0x34 /usr/local/bin/../lib/gcc/arm-none-eabi/10.3.1/thumb/v7e-m+fp/hard/libgcc.a(_udivmoddi4.o)

Cross Reference Table

Symbol                                            File
ADC1_IRQHandler                                   build/startup_stm32l432xx.o
ADC_ConversionStop                                build/stm32l4xx_hal_adc.o