ARM GAS  /tmp/ccZuTHVr.s 			page 1


   1              		.cpu cortex-m4
   2              		.arch armv7e-m
   3              		.fpu fpv4-sp-d16
   4              		.eabi_attribute 27, 1
   5              		.eabi_attribute 28, 1
   6              		.eabi_attribute 20, 1
   7              		.eabi_attribute 21, 1
   8              		.eabi_attribute 23, 3
   9              		.eabi_attribute 24, 1
  10              		.eabi_attribute 25, 1
  11              		.eabi_attribute 26, 1
  12              		.eabi_attribute 30, 1
  13              		.eabi_attribute 34, 1
  14              		.eabi_attribute 18, 4
  15              		.file	"stm32l4xx_it.c"
  16              		.text
  17              	.Ltext0:
  18              		.cfi_sections	.debug_frame
  19              		.section	.text.NMI_Handler,"ax",%progbits
  20              		.align	1
  21              		.global	NMI_Handler
  22              		.syntax unified
  23              		.thumb
  24              		.thumb_func
  26              	NMI_Handler:
  27              	.LFB292:
  28              		.file 1 "Core/Src/stm32l4xx_it.c"
   1:Core/Src/stm32l4xx_it.c **** /* USER CODE BEGIN Header */
   2:Core/Src/stm32l4xx_it.c **** /**
   3:Core/Src/stm32l4xx_it.c ****   ******************************************************************************
   4:Core/Src/stm32l4xx_it.c ****   * @file    stm32l4xx_it.c
   5:Core/Src/stm32l4xx_it.c ****   * @brief   Interrupt Service Routines.
   6:Core/Src/stm32l4xx_it.c ****   ******************************************************************************
   7:Core/Src/stm32l4xx_it.c ****   * @attention
   8:Core/Src/stm32l4xx_it.c ****   *
   9:Core/Src/stm32l4xx_it.c ****   * Copyright (c) 2024 STMicroelectronics.
  10:Core/Src/stm32l4xx_it.c ****   * All rights reserved.
  11:Core/Src/stm32l4xx_it.c ****   *
  12:Core/Src/stm32l4xx_it.c ****   * This software is licensed under terms that can be found in the LICENSE file
  13:Core/Src/stm32l4xx_it.c ****   * in the root directory of this software component.
  14:Core/Src/stm32l4xx_it.c ****   * If no LICENSE file comes with this software, it is provided AS-IS.
  15:Core/Src/stm32l4xx_it.c ****   *
  16:Core/Src/stm32l4xx_it.c ****   ******************************************************************************
  17:Core/Src/stm32l4xx_it.c ****   */
  18:Core/Src/stm32l4xx_it.c **** /* USER CODE END Header */
  19:Core/Src/stm32l4xx_it.c **** 
  20:Core/Src/stm32l4xx_it.c **** /* Includes ------------------------------------------------------------------*/
  21:Core/Src/stm32l4xx_it.c **** #include "main.h"
  22:Core/Src/stm32l4xx_it.c **** #include "stm32l4xx_it.h"
  23:Core/Src/stm32l4xx_it.c **** #include "FreeRTOS.h"
  24:Core/Src/stm32l4xx_it.c **** #include "task.h"
  25:Core/Src/stm32l4xx_it.c **** /* Private includes ----------------------------------------------------------*/
  26:Core/Src/stm32l4xx_it.c **** /* USER CODE BEGIN Includes */
  27:Core/Src/stm32l4xx_it.c **** /* USER CODE END Includes */
  28:Core/Src/stm32l4xx_it.c **** 
  29:Core/Src/stm32l4xx_it.c **** /* Private typedef -----------------------------------------------------------*/
  30:Core/Src/stm32l4xx_it.c **** /* USER CODE BEGIN TD */
ARM GAS  /tmp/ccZuTHVr.s 			page 2


  31:Core/Src/stm32l4xx_it.c **** 
  32:Core/Src/stm32l4xx_it.c **** /* USER CODE END TD */
  33:Core/Src/stm32l4xx_it.c **** 
  34:Core/Src/stm32l4xx_it.c **** /* Private define ------------------------------------------------------------*/
  35:Core/Src/stm32l4xx_it.c **** /* USER CODE BEGIN PD */
  36:Core/Src/stm32l4xx_it.c **** 
  37:Core/Src/stm32l4xx_it.c **** /* USER CODE END PD */
  38:Core/Src/stm32l4xx_it.c **** 
  39:Core/Src/stm32l4xx_it.c **** /* Private macro -------------------------------------------------------------*/
  40:Core/Src/stm32l4xx_it.c **** /* USER CODE BEGIN PM */
  41:Core/Src/stm32l4xx_it.c **** 
  42:Core/Src/stm32l4xx_it.c **** /* USER CODE END PM */
  43:Core/Src/stm32l4xx_it.c **** 
  44:Core/Src/stm32l4xx_it.c **** /* Private variables ---------------------------------------------------------*/
  45:Core/Src/stm32l4xx_it.c **** /* USER CODE BEGIN PV */
  46:Core/Src/stm32l4xx_it.c **** 
  47:Core/Src/stm32l4xx_it.c **** /* USER CODE END PV */
  48:Core/Src/stm32l4xx_it.c **** 
  49:Core/Src/stm32l4xx_it.c **** /* Private function prototypes -----------------------------------------------*/
  50:Core/Src/stm32l4xx_it.c **** /* USER CODE BEGIN PFP */
  51:Core/Src/stm32l4xx_it.c **** 
  52:Core/Src/stm32l4xx_it.c **** /* USER CODE END PFP */
  53:Core/Src/stm32l4xx_it.c **** 
  54:Core/Src/stm32l4xx_it.c **** /* Private user code ---------------------------------------------------------*/
  55:Core/Src/stm32l4xx_it.c **** /* USER CODE BEGIN 0 */
  56:Core/Src/stm32l4xx_it.c **** 
  57:Core/Src/stm32l4xx_it.c **** /* USER CODE END 0 */
  58:Core/Src/stm32l4xx_it.c **** 
  59:Core/Src/stm32l4xx_it.c **** /* External variables --------------------------------------------------------*/
  60:Core/Src/stm32l4xx_it.c **** extern UART_HandleTypeDef huart1;
  61:Core/Src/stm32l4xx_it.c **** /* USER CODE BEGIN EV */
  62:Core/Src/stm32l4xx_it.c **** 
  63:Core/Src/stm32l4xx_it.c **** /* USER CODE END EV */
  64:Core/Src/stm32l4xx_it.c **** 
  65:Core/Src/stm32l4xx_it.c **** /******************************************************************************/
  66:Core/Src/stm32l4xx_it.c **** /*           Cortex-M4 Processor Interruption and Exception Handlers          */
  67:Core/Src/stm32l4xx_it.c **** /******************************************************************************/
  68:Core/Src/stm32l4xx_it.c **** /**
  69:Core/Src/stm32l4xx_it.c ****   * @brief This function handles Non maskable interrupt.
  70:Core/Src/stm32l4xx_it.c ****   */
  71:Core/Src/stm32l4xx_it.c **** void NMI_Handler(void)
  72:Core/Src/stm32l4xx_it.c **** {
  29              		.loc 1 72 1 view -0
  30              		.cfi_startproc
  31              		@ Volatile: function does not return.
  32              		@ args = 0, pretend = 0, frame = 0
  33              		@ frame_needed = 0, uses_anonymous_args = 0
  34              		@ link register save eliminated.
  35              	.L2:
  73:Core/Src/stm32l4xx_it.c ****   /* USER CODE BEGIN NonMaskableInt_IRQn 0 */
  74:Core/Src/stm32l4xx_it.c **** 
  75:Core/Src/stm32l4xx_it.c ****   /* USER CODE END NonMaskableInt_IRQn 0 */
  76:Core/Src/stm32l4xx_it.c ****   /* USER CODE BEGIN NonMaskableInt_IRQn 1 */
  77:Core/Src/stm32l4xx_it.c ****    while (1)
  36              		.loc 1 77 4 discriminator 1 view .LVU1
  78:Core/Src/stm32l4xx_it.c ****   {
  79:Core/Src/stm32l4xx_it.c ****   }
ARM GAS  /tmp/ccZuTHVr.s 			page 3


  37              		.loc 1 79 3 discriminator 1 view .LVU2
  77:Core/Src/stm32l4xx_it.c ****   {
  38              		.loc 1 77 10 discriminator 1 view .LVU3
  39 0000 FEE7     		b	.L2
  40              		.cfi_endproc
  41              	.LFE292:
  43              		.section	.text.HardFault_Handler,"ax",%progbits
  44              		.align	1
  45              		.global	HardFault_Handler
  46              		.syntax unified
  47              		.thumb
  48              		.thumb_func
  50              	HardFault_Handler:
  51              	.LFB293:
  80:Core/Src/stm32l4xx_it.c ****   /* USER CODE END NonMaskableInt_IRQn 1 */
  81:Core/Src/stm32l4xx_it.c **** }
  82:Core/Src/stm32l4xx_it.c **** 
  83:Core/Src/stm32l4xx_it.c **** /**
  84:Core/Src/stm32l4xx_it.c ****   * @brief This function handles Hard fault interrupt.
  85:Core/Src/stm32l4xx_it.c ****   */
  86:Core/Src/stm32l4xx_it.c **** void HardFault_Handler(void)
  87:Core/Src/stm32l4xx_it.c **** {
  52              		.loc 1 87 1 view -0
  53              		.cfi_startproc
  54              		@ Volatile: function does not return.
  55              		@ args = 0, pretend = 0, frame = 0
  56              		@ frame_needed = 0, uses_anonymous_args = 0
  57              		@ link register save eliminated.
  58              	.L4:
  88:Core/Src/stm32l4xx_it.c ****   /* USER CODE BEGIN HardFault_IRQn 0 */
  89:Core/Src/stm32l4xx_it.c **** 
  90:Core/Src/stm32l4xx_it.c ****   /* USER CODE END HardFault_IRQn 0 */
  91:Core/Src/stm32l4xx_it.c ****   while (1)
  59              		.loc 1 91 3 discriminator 1 view .LVU5
  92:Core/Src/stm32l4xx_it.c ****   {
  93:Core/Src/stm32l4xx_it.c ****     /* USER CODE BEGIN W1_HardFault_IRQn 0 */
  94:Core/Src/stm32l4xx_it.c ****     /* USER CODE END W1_HardFault_IRQn 0 */
  95:Core/Src/stm32l4xx_it.c ****   }
  60              		.loc 1 95 3 discriminator 1 view .LVU6
  91:Core/Src/stm32l4xx_it.c ****   {
  61              		.loc 1 91 9 discriminator 1 view .LVU7
  62 0000 FEE7     		b	.L4
  63              		.cfi_endproc
  64              	.LFE293:
  66              		.section	.text.MemManage_Handler,"ax",%progbits
  67              		.align	1
  68              		.global	MemManage_Handler
  69              		.syntax unified
  70              		.thumb
  71              		.thumb_func
  73              	MemManage_Handler:
  74              	.LFB294:
  96:Core/Src/stm32l4xx_it.c **** }
  97:Core/Src/stm32l4xx_it.c **** 
  98:Core/Src/stm32l4xx_it.c **** /**
  99:Core/Src/stm32l4xx_it.c ****   * @brief This function handles Memory management fault.
 100:Core/Src/stm32l4xx_it.c ****   */
ARM GAS  /tmp/ccZuTHVr.s 			page 4


 101:Core/Src/stm32l4xx_it.c **** void MemManage_Handler(void)
 102:Core/Src/stm32l4xx_it.c **** {
  75              		.loc 1 102 1 view -0
  76              		.cfi_startproc
  77              		@ Volatile: function does not return.
  78              		@ args = 0, pretend = 0, frame = 0
  79              		@ frame_needed = 0, uses_anonymous_args = 0
  80              		@ link register save eliminated.
  81              	.L6:
 103:Core/Src/stm32l4xx_it.c ****   /* USER CODE BEGIN MemoryManagement_IRQn 0 */
 104:Core/Src/stm32l4xx_it.c **** 
 105:Core/Src/stm32l4xx_it.c ****   /* USER CODE END MemoryManagement_IRQn 0 */
 106:Core/Src/stm32l4xx_it.c ****   while (1)
  82              		.loc 1 106 3 discriminator 1 view .LVU9
 107:Core/Src/stm32l4xx_it.c ****   {
 108:Core/Src/stm32l4xx_it.c ****     /* USER CODE BEGIN W1_MemoryManagement_IRQn 0 */
 109:Core/Src/stm32l4xx_it.c ****     /* USER CODE END W1_MemoryManagement_IRQn 0 */
 110:Core/Src/stm32l4xx_it.c ****   }
  83              		.loc 1 110 3 discriminator 1 view .LVU10
 106:Core/Src/stm32l4xx_it.c ****   {
  84              		.loc 1 106 9 discriminator 1 view .LVU11
  85 0000 FEE7     		b	.L6
  86              		.cfi_endproc
  87              	.LFE294:
  89              		.section	.text.BusFault_Handler,"ax",%progbits
  90              		.align	1
  91              		.global	BusFault_Handler
  92              		.syntax unified
  93              		.thumb
  94              		.thumb_func
  96              	BusFault_Handler:
  97              	.LFB295:
 111:Core/Src/stm32l4xx_it.c **** }
 112:Core/Src/stm32l4xx_it.c **** 
 113:Core/Src/stm32l4xx_it.c **** /**
 114:Core/Src/stm32l4xx_it.c ****   * @brief This function handles Prefetch fault, memory access fault.
 115:Core/Src/stm32l4xx_it.c ****   */
 116:Core/Src/stm32l4xx_it.c **** void BusFault_Handler(void)
 117:Core/Src/stm32l4xx_it.c **** {
  98              		.loc 1 117 1 view -0
  99              		.cfi_startproc
 100              		@ Volatile: function does not return.
 101              		@ args = 0, pretend = 0, frame = 0
 102              		@ frame_needed = 0, uses_anonymous_args = 0
 103              		@ link register save eliminated.
 104              	.L8:
 118:Core/Src/stm32l4xx_it.c ****   /* USER CODE BEGIN BusFault_IRQn 0 */
 119:Core/Src/stm32l4xx_it.c **** 
 120:Core/Src/stm32l4xx_it.c ****   /* USER CODE END BusFault_IRQn 0 */
 121:Core/Src/stm32l4xx_it.c ****   while (1)
 105              		.loc 1 121 3 discriminator 1 view .LVU13
 122:Core/Src/stm32l4xx_it.c ****   {
 123:Core/Src/stm32l4xx_it.c ****     /* USER CODE BEGIN W1_BusFault_IRQn 0 */
 124:Core/Src/stm32l4xx_it.c ****     /* USER CODE END W1_BusFault_IRQn 0 */
 125:Core/Src/stm32l4xx_it.c ****   }
 106              		.loc 1 125 3 discriminator 1 view .LVU14
 121:Core/Src/stm32l4xx_it.c ****   {
ARM GAS  /tmp/ccZuTHVr.s 			page 5


 107              		.loc 1 121 9 discriminator 1 view .LVU15
 108 0000 FEE7     		b	.L8
 109              		.cfi_endproc
 110              	.LFE295:
 112              		.section	.text.UsageFault_Handler,"ax",%progbits
 113              		.align	1
 114              		.global	UsageFault_Handler
 115              		.syntax unified
 116              		.thumb
 117              		.thumb_func
 119              	UsageFault_Handler:
 120              	.LFB296:
 126:Core/Src/stm32l4xx_it.c **** }
 127:Core/Src/stm32l4xx_it.c **** 
 128:Core/Src/stm32l4xx_it.c **** /**
 129:Core/Src/stm32l4xx_it.c ****   * @brief This function handles Undefined instruction or illegal state.
 130:Core/Src/stm32l4xx_it.c ****   */
 131:Core/Src/stm32l4xx_it.c **** void UsageFault_Handler(void)
 132:Core/Src/stm32l4xx_it.c **** {
 121              		.loc 1 132 1 view -0
 122              		.cfi_startproc
 123              		@ Volatile: function does not return.
 124              		@ args = 0, pretend = 0, frame = 0
 125              		@ frame_needed = 0, uses_anonymous_args = 0
 126              		@ link register save eliminated.
 127              	.L10:
 133:Core/Src/stm32l4xx_it.c ****   /* USER CODE BEGIN UsageFault_IRQn 0 */
 134:Core/Src/stm32l4xx_it.c **** 
 135:Core/Src/stm32l4xx_it.c ****   /* USER CODE END UsageFault_IRQn 0 */
 136:Core/Src/stm32l4xx_it.c ****   while (1)
 128              		.loc 1 136 3 discriminator 1 view .LVU17
 137:Core/Src/stm32l4xx_it.c ****   {
 138:Core/Src/stm32l4xx_it.c ****     /* USER CODE BEGIN W1_UsageFault_IRQn 0 */
 139:Core/Src/stm32l4xx_it.c ****     /* USER CODE END W1_UsageFault_IRQn 0 */
 140:Core/Src/stm32l4xx_it.c ****   }
 129              		.loc 1 140 3 discriminator 1 view .LVU18
 136:Core/Src/stm32l4xx_it.c ****   {
 130              		.loc 1 136 9 discriminator 1 view .LVU19
 131 0000 FEE7     		b	.L10
 132              		.cfi_endproc
 133              	.LFE296:
 135              		.section	.text.DebugMon_Handler,"ax",%progbits
 136              		.align	1
 137              		.global	DebugMon_Handler
 138              		.syntax unified
 139              		.thumb
 140              		.thumb_func
 142              	DebugMon_Handler:
 143              	.LFB297:
 141:Core/Src/stm32l4xx_it.c **** }
 142:Core/Src/stm32l4xx_it.c **** 
 143:Core/Src/stm32l4xx_it.c **** /**
 144:Core/Src/stm32l4xx_it.c ****   * @brief This function handles Debug monitor.
 145:Core/Src/stm32l4xx_it.c ****   */
 146:Core/Src/stm32l4xx_it.c **** void DebugMon_Handler(void)
 147:Core/Src/stm32l4xx_it.c **** {
 144              		.loc 1 147 1 view -0
ARM GAS  /tmp/ccZuTHVr.s 			page 6


 145              		.cfi_startproc
 146              		@ args = 0, pretend = 0, frame = 0
 147              		@ frame_needed = 0, uses_anonymous_args = 0
 148              		@ link register save eliminated.
 148:Core/Src/stm32l4xx_it.c ****   /* USER CODE BEGIN DebugMonitor_IRQn 0 */
 149:Core/Src/stm32l4xx_it.c **** 
 150:Core/Src/stm32l4xx_it.c ****   /* USER CODE END DebugMonitor_IRQn 0 */
 151:Core/Src/stm32l4xx_it.c ****   /* USER CODE BEGIN DebugMonitor_IRQn 1 */
 152:Core/Src/stm32l4xx_it.c **** 
 153:Core/Src/stm32l4xx_it.c ****   /* USER CODE END DebugMonitor_IRQn 1 */
 154:Core/Src/stm32l4xx_it.c **** }
 149              		.loc 1 154 1 view .LVU21
 150 0000 7047     		bx	lr
 151              		.cfi_endproc
 152              	.LFE297:
 154              		.section	.text.SysTick_Handler,"ax",%progbits
 155              		.align	1
 156              		.global	SysTick_Handler
 157              		.syntax unified
 158              		.thumb
 159              		.thumb_func
 161              	SysTick_Handler:
 162              	.LFB298:
 155:Core/Src/stm32l4xx_it.c **** 
 156:Core/Src/stm32l4xx_it.c **** /**
 157:Core/Src/stm32l4xx_it.c ****   * @brief This function handles System tick timer.
 158:Core/Src/stm32l4xx_it.c ****   */
 159:Core/Src/stm32l4xx_it.c **** void SysTick_Handler(void)
 160:Core/Src/stm32l4xx_it.c **** {
 163              		.loc 1 160 1 view -0
 164              		.cfi_startproc
 165              		@ args = 0, pretend = 0, frame = 0
 166              		@ frame_needed = 0, uses_anonymous_args = 0
 167 0000 08B5     		push	{r3, lr}
 168              	.LCFI0:
 169              		.cfi_def_cfa_offset 8
 170              		.cfi_offset 3, -8
 171              		.cfi_offset 14, -4
 161:Core/Src/stm32l4xx_it.c ****   /* USER CODE BEGIN SysTick_IRQn 0 */
 162:Core/Src/stm32l4xx_it.c **** 
 163:Core/Src/stm32l4xx_it.c ****   /* USER CODE END SysTick_IRQn 0 */
 164:Core/Src/stm32l4xx_it.c ****   HAL_IncTick();
 172              		.loc 1 164 3 view .LVU23
 173 0002 FFF7FEFF 		bl	HAL_IncTick
 174              	.LVL0:
 165:Core/Src/stm32l4xx_it.c **** #if (INCLUDE_xTaskGetSchedulerState == 1 )
 166:Core/Src/stm32l4xx_it.c ****   if (xTaskGetSchedulerState() != taskSCHEDULER_NOT_STARTED)
 175              		.loc 1 166 3 view .LVU24
 176              		.loc 1 166 7 is_stmt 0 view .LVU25
 177 0006 FFF7FEFF 		bl	xTaskGetSchedulerState
 178              	.LVL1:
 179              		.loc 1 166 6 view .LVU26
 180 000a 0128     		cmp	r0, #1
 181 000c 00D1     		bne	.L15
 182              	.L12:
 167:Core/Src/stm32l4xx_it.c ****   {
 168:Core/Src/stm32l4xx_it.c **** #endif /* INCLUDE_xTaskGetSchedulerState */
ARM GAS  /tmp/ccZuTHVr.s 			page 7


 169:Core/Src/stm32l4xx_it.c ****   xPortSysTickHandler();
 170:Core/Src/stm32l4xx_it.c **** #if (INCLUDE_xTaskGetSchedulerState == 1 )
 171:Core/Src/stm32l4xx_it.c ****   }
 172:Core/Src/stm32l4xx_it.c **** #endif /* INCLUDE_xTaskGetSchedulerState */
 173:Core/Src/stm32l4xx_it.c ****   /* USER CODE BEGIN SysTick_IRQn 1 */
 174:Core/Src/stm32l4xx_it.c **** 
 175:Core/Src/stm32l4xx_it.c ****   /* USER CODE END SysTick_IRQn 1 */
 176:Core/Src/stm32l4xx_it.c **** }
 183              		.loc 1 176 1 view .LVU27
 184 000e 08BD     		pop	{r3, pc}
 185              	.L15:
 169:Core/Src/stm32l4xx_it.c **** #if (INCLUDE_xTaskGetSchedulerState == 1 )
 186              		.loc 1 169 3 is_stmt 1 view .LVU28
 187 0010 FFF7FEFF 		bl	xPortSysTickHandler
 188              	.LVL2:
 189              		.loc 1 176 1 is_stmt 0 view .LVU29
 190 0014 FBE7     		b	.L12
 191              		.cfi_endproc
 192              	.LFE298:
 194              		.section	.text.USART1_IRQHandler,"ax",%progbits
 195              		.align	1
 196              		.global	USART1_IRQHandler
 197              		.syntax unified
 198              		.thumb
 199              		.thumb_func
 201              	USART1_IRQHandler:
 202              	.LFB299:
 177:Core/Src/stm32l4xx_it.c **** 
 178:Core/Src/stm32l4xx_it.c **** /******************************************************************************/
 179:Core/Src/stm32l4xx_it.c **** /* STM32L4xx Peripheral Interrupt Handlers                                    */
 180:Core/Src/stm32l4xx_it.c **** /* Add here the Interrupt Handlers for the used peripherals.                  */
 181:Core/Src/stm32l4xx_it.c **** /* For the available peripheral interrupt handler names,                      */
 182:Core/Src/stm32l4xx_it.c **** /* please refer to the startup file (startup_stm32l4xx.s).                    */
 183:Core/Src/stm32l4xx_it.c **** /******************************************************************************/
 184:Core/Src/stm32l4xx_it.c **** 
 185:Core/Src/stm32l4xx_it.c **** /**
 186:Core/Src/stm32l4xx_it.c ****   * @brief This function handles USART1 global interrupt.
 187:Core/Src/stm32l4xx_it.c ****   */
 188:Core/Src/stm32l4xx_it.c **** void USART1_IRQHandler(void)
 189:Core/Src/stm32l4xx_it.c **** {
 203              		.loc 1 189 1 is_stmt 1 view -0
 204              		.cfi_startproc
 205              		@ args = 0, pretend = 0, frame = 0
 206              		@ frame_needed = 0, uses_anonymous_args = 0
 207 0000 08B5     		push	{r3, lr}
 208              	.LCFI1:
 209              		.cfi_def_cfa_offset 8
 210              		.cfi_offset 3, -8
 211              		.cfi_offset 14, -4
 190:Core/Src/stm32l4xx_it.c ****   /* USER CODE BEGIN USART1_IRQn 0 */
 191:Core/Src/stm32l4xx_it.c **** 
 192:Core/Src/stm32l4xx_it.c ****   /* USER CODE END USART1_IRQn 0 */
 193:Core/Src/stm32l4xx_it.c ****   HAL_UART_IRQHandler(&huart1);
 212              		.loc 1 193 3 view .LVU31
 213 0002 0248     		ldr	r0, .L18
 214 0004 FFF7FEFF 		bl	HAL_UART_IRQHandler
 215              	.LVL3:
ARM GAS  /tmp/ccZuTHVr.s 			page 8


 194:Core/Src/stm32l4xx_it.c ****   /* USER CODE BEGIN USART1_IRQn 1 */
 195:Core/Src/stm32l4xx_it.c **** 
 196:Core/Src/stm32l4xx_it.c ****   /* USER CODE END USART1_IRQn 1 */
 197:Core/Src/stm32l4xx_it.c **** }
 216              		.loc 1 197 1 is_stmt 0 view .LVU32
 217 0008 08BD     		pop	{r3, pc}
 218              	.L19:
 219 000a 00BF     		.align	2
 220              	.L18:
 221 000c 00000000 		.word	huart1
 222              		.cfi_endproc
 223              	.LFE299:
 225              		.text
 226              	.Letext0:
 227              		.file 2 "/usr/local/arm-none-eabi/include/machine/_default_types.h"
 228              		.file 3 "/usr/local/arm-none-eabi/include/sys/_stdint.h"
 229              		.file 4 "Drivers/CMSIS/Device/ST/STM32L4xx/Include/stm32l432xx.h"
 230              		.file 5 "Drivers/STM32L4xx_HAL_Driver/Inc/stm32l4xx_hal_def.h"
 231              		.file 6 "Drivers/STM32L4xx_HAL_Driver/Inc/stm32l4xx_hal_dma.h"
 232              		.file 7 "Drivers/STM32L4xx_HAL_Driver/Inc/stm32l4xx_hal_uart.h"
 233              		.file 8 "Middlewares/Third_Party/FreeRTOS/Source/portable/GCC/ARM_CM4F/portmacro.h"
 234              		.file 9 "Drivers/STM32L4xx_HAL_Driver/Inc/stm32l4xx_hal.h"
 235              		.file 10 "Middlewares/Third_Party/FreeRTOS/Source/include/task.h"
 236              		.file 11 "Core/Inc/FreeRTOSConfig.h"
ARM GAS  /tmp/ccZuTHVr.s 			page 9


DEFINED SYMBOLS
                            *ABS*:0000000000000000 stm32l4xx_it.c
     /tmp/ccZuTHVr.s:20     .text.NMI_Handler:0000000000000000 $t
     /tmp/ccZuTHVr.s:26     .text.NMI_Handler:0000000000000000 NMI_Handler
     /tmp/ccZuTHVr.s:44     .text.HardFault_Handler:0000000000000000 $t
     /tmp/ccZuTHVr.s:50     .text.HardFault_Handler:0000000000000000 HardFault_Handler
     /tmp/ccZuTHVr.s:67     .text.MemManage_Handler:0000000000000000 $t
     /tmp/ccZuTHVr.s:73     .text.MemManage_Handler:0000000000000000 MemManage_Handler
     /tmp/ccZuTHVr.s:90     .text.BusFault_Handler:0000000000000000 $t
     /tmp/ccZuTHVr.s:96     .text.BusFault_Handler:0000000000000000 BusFault_Handler
     /tmp/ccZuTHVr.s:113    .text.UsageFault_Handler:0000000000000000 $t
     /tmp/ccZuTHVr.s:119    .text.UsageFault_Handler:0000000000000000 UsageFault_Handler
     /tmp/ccZuTHVr.s:136    .text.DebugMon_Handler:0000000000000000 $t
     /tmp/ccZuTHVr.s:142    .text.DebugMon_Handler:0000000000000000 DebugMon_Handler
     /tmp/ccZuTHVr.s:155    .text.SysTick_Handler:0000000000000000 $t
     /tmp/ccZuTHVr.s:161    .text.SysTick_Handler:0000000000000000 SysTick_Handler
     /tmp/ccZuTHVr.s:195    .text.USART1_IRQHandler:0000000000000000 $t
     /tmp/ccZuTHVr.s:201    .text.USART1_IRQHandler:0000000000000000 USART1_IRQHandler
     /tmp/ccZuTHVr.s:221    .text.USART1_IRQHandler:000000000000000c $d

UNDEFINED SYMBOLS
HAL_IncTick
xTaskGetSchedulerState
xPortSysTickHandler
HAL_UART_IRQHandler
huart1
