Archive member included to satisfy reference by file (symbol)

/usr/local/bin/../lib/gcc/arm-none-eabi/10.3.1/../../../../arm-none-eabi/lib/thumb/v7e-m+fp/hard/libc_nano.a(lib_a-errno.o)
                              build/sysmem.o (__errno)
/usr/local/bin/../lib/gcc/arm-none-eabi/10.3.1/../../../../arm-none-eabi/lib/thumb/v7e-m+fp/hard/libc_nano.a(lib_a-exit.o)
                              /usr/local/bin/../lib/gcc/arm-none-eabi/10.3.1/../../../../arm-none-eabi/lib/thumb/v7e-m+fp/hard/crt0.o (exit)
/usr/local/bin/../lib/gcc/arm-none-eabi/10.3.1/../../../../arm-none-eabi/lib/thumb/v7e-m+fp/hard/libc_nano.a(lib_a-impure.o)
                              /usr/local/bin/../lib/gcc/arm-none-eabi/10.3.1/../../../../arm-none-eabi/lib/thumb/v7e-m+fp/hard/libc_nano.a(lib_a-exit.o) (_global_impure_ptr)
/usr/local/bin/../lib/gcc/arm-none-eabi/10.3.1/../../../../arm-none-eabi/lib/thumb/v7e-m+fp/hard/libc_nano.a(lib_a-init.o)
                              /usr/local/bin/../lib/gcc/arm-none-eabi/10.3.1/../../../../arm-none-eabi/lib/thumb/v7e-m+fp/hard/crt0.o (__libc_init_array)
/usr/local/bin/../lib/gcc/arm-none-eabi/10.3.1/../../../../arm-none-eabi/lib/thumb/v7e-m+fp/hard/libc_nano.a(lib_a-memcpy-stub.o)
                              build/queue.o (memcpy)
/usr/local/bin/../lib/gcc/arm-none-eabi/10.3.1/../../../../arm-none-eabi/lib/thumb/v7e-m+fp/hard/libc_nano.a(lib_a-memset.o)
                              /usr/local/bin/../lib/gcc/arm-none-eabi/10.3.1/../../../../arm-none-eabi/lib/thumb/v7e-m+fp/hard/crt0.o (memset)
/usr/local/bin/../lib/gcc/arm-none-eabi/10.3.1/../../../../arm-none-eabi/lib/thumb/v7e-m+fp/hard/libc_nano.a(lib_a-printf.o)
                              build/main.o (printf)
/usr/local/bin/../lib/gcc/arm-none-eabi/10.3.1/../../../../arm-none-eabi/lib/thumb/v7e-m+fp/hard/libc_nano.a(lib_a-puts.o)
                              build/main.o (puts)
/usr/local/bin/../lib/gcc/arm-none-eabi/10.3.1/../../../../arm-none-eabi/lib/thumb/v7e-m+fp/hard/libc_nano.a(lib_a-wbuf.o)
                              /usr/local/bin/../lib/gcc/arm-none-eabi/10.3.1/../../../../arm-none-eabi/lib/thumb/v7e-m+fp/hard/libc_nano.a(lib_a-puts.o) (__swbuf_r)
/usr/local/bin/../lib/gcc/arm-none-eabi/10.3.1/../../../../arm-none-eabi/lib/thumb/v7e-m+fp/hard/libc_nano.a(lib_a-wsetup.o)
                              /usr/local/bin/../lib/gcc/arm-none-eabi/10.3.1/../../../../arm-none-eabi/lib/thumb/v7e-m+fp/hard/libc_nano.a(lib_a-puts.o) (__swsetup_r)
/usr/local/bin/../lib/gcc/arm-none-eabi/10.3.1/../../../../arm-none-eabi/lib/thumb/v7e-m+fp/hard/libc_nano.a(lib_a-fflush.o)
                              /usr/local/bin/../lib/gcc/arm-none-eabi/10.3.1/../../../../arm-none-eabi/lib/thumb/v7e-m+fp/hard/libc_nano.a(lib_a-wbuf.o) (_fflush_r)
/usr/local/bin/../lib/gcc/arm-none-eabi/10.3.1/../../../../arm-none-eabi/lib/thumb/v7e-m+fp/hard/libc_nano.a(lib_a-findfp.o)
                              /usr/local/bin/../lib/gcc/arm-none-eabi/10.3.1/../../../../arm-none-eabi/lib/thumb/v7e-m+fp/hard/libc_nano.a(lib_a-printf.o) (__sinit)
/usr/local/bin/../lib/gcc/arm-none-eabi/10.3.1/../../../../arm-none-eabi/lib/thumb/v7e-m+fp/hard/libc_nano.a(lib_a-fwalk.o)
                              /usr/local/bin/../lib/gcc/arm-none-eabi/10.3.1/../../../../arm-none-eabi/lib/thumb/v7e-m+fp/hard/libc_nano.a(lib_a-findfp.o) (_fwalk)
/usr/local/bin/../lib/gcc/arm-none-eabi/10.3.1/../../../../arm-none-eabi/lib/thumb/v7e-m+fp/hard/libc_nano.a(lib_a-lock.o)
                              /usr/local/bin/../lib/gcc/arm-none-eabi/10.3.1/../../../../arm-none-eabi/lib/thumb/v7e-m+fp/hard/libc_nano.a(lib_a-findfp.o) (__retarget_lock_init_recursive)
/usr/local/bin/../lib/gcc/arm-none-eabi/10.3.1/../../../../arm-none-eabi/lib/thumb/v7e-m+fp/hard/libc_nano.a(lib_a-makebuf.o)
                              /usr/local/bin/../lib/gcc/arm-none-eabi/10.3.1/../../../../arm-none-eabi/lib/thumb/v7e-m+fp/hard/libc_nano.a(lib_a-wsetup.o) (__smakebuf_r)
/usr/local/bin/../lib/gcc/arm-none-eabi/10.3.1/../../../../arm-none-eabi/lib/thumb/v7e-m+fp/hard/libc_nano.a(lib_a-nano-freer.o)
                              /usr/local/bin/../lib/gcc/arm-none-eabi/10.3.1/../../../../arm-none-eabi/lib/thumb/v7e-m+fp/hard/libc_nano.a(lib_a-wsetup.o) (_free_r)
/usr/local/bin/../lib/gcc/arm-none-eabi/10.3.1/../../../../arm-none-eabi/lib/thumb/v7e-m+fp/hard/libc_nano.a(lib_a-nano-mallocr.o)
                              /usr/local/bin/../lib/gcc/arm-none-eabi/10.3.1/../../../../arm-none-eabi/lib/thumb/v7e-m+fp/hard/libc_nano.a(lib_a-findfp.o) (_malloc_r)
/usr/local/bin/../lib/gcc/arm-none-eabi/10.3.1/../../../../arm-none-eabi/lib/thumb/v7e-m+fp/hard/libc_nano.a(lib_a-nano-vfprintf.o)
                              /usr/local/bin/../lib/gcc/arm-none-eabi/10.3.1/../../../../arm-none-eabi/lib/thumb/v7e-m+fp/hard/libc_nano.a(lib_a-printf.o) (_vfprintf_r)
/usr/local/bin/../lib/gcc/arm-none-eabi/10.3.1/../../../../arm-none-eabi/lib/thumb/v7e-m+fp/hard/libc_nano.a(lib_a-nano-vfprintf_i.o)
[...]
Memory Configuration

Name             Origin             Length             Attributes
RAM              0x0000000020000000 0x000000000000c000 xrw
RAM2             0x0000000010000000 0x0000000000004000 xrw
FLASH            0x0000000008000000 0x0000000000040000 xr
*default*        0x0000000000000000 0xffffffffffffffff

Linker script and memory map

LOAD /usr/local/bin/../lib/gcc/arm-none-eabi/10.3.1/thumb/v7e-m+fp/hard/crti.o
LOAD /usr/local/bin/../lib/gcc/arm-none-eabi/10.3.1/thumb/v7e-m+fp/hard/crtbegin.o
LOAD /usr/local/bin/../lib/gcc/arm-none-eabi/10.3.1/../../../../arm-none-eabi/lib/thumb/v7e-m+fp/hard/crt0.o
LOAD build/main.o
LOAD build/AGV.o
LOAD build/freertos.o
LOAD build/stm32l4xx_it.o
LOAD build/stm32l4xx_hal_msp.o
LOAD build/stm32l4xx_hal_adc.o
LOAD build/stm32l4xx_hal_adc_ex.o
LOAD build/stm32l4xx_hal.o
LOAD build/stm32l4xx_hal_rcc.o
LOAD build/stm32l4xx_hal_rcc_ex.o
LOAD build/stm32l4xx_hal_flash.o
LOAD build/stm32l4xx_hal_flash_ex.o
LOAD build/stm32l4xx_hal_flash_ramfunc.o
LOAD build/stm32l4xx_hal_gpio.o
LOAD build/stm32l4xx_hal_i2c.o
LOAD build/stm32l4xx_hal_i2c_ex.o
LOAD build/stm32l4xx_hal_dma.o
LOAD build/stm32l4xx_hal_dma_ex.o
LOAD build/stm32l4xx_hal_pwr.o
LOAD build/stm32l4xx_hal_pwr_ex.o
LOAD build/stm32l4xx_hal_cortex.o
LOAD build/stm32l4xx_hal_exti.o
LOAD build/stm32l4xx_hal_spi.o
LOAD build/stm32l4xx_hal_spi_ex.o
LOAD build/stm32l4xx_hal_tim.o
LOAD build/stm32l4xx_hal_tim_ex.o
LOAD build/stm32l4xx_hal_uart.o
LOAD build/stm32l4xx_hal_uart_ex.o
LOAD build/system_stm32l4xx.o
LOAD build/croutine.o
LOAD build/event_groups.o
LOAD build/list.o
LOAD build/queue.o
LOAD build/stream_buffer.o
LOAD build/tasks.o
LOAD build/timers.o
LOAD build/cmsis_os2.o
LOAD build/heap_4.o
LOAD build/port.o
LOAD build/sysmem.o
LOAD build/syscalls.o
LOAD build/startup_stm32l432xx.o
LOAD /usr/local/bin/../lib/gcc/arm-none-eabi/10.3.1/../../../../arm-none-eabi/lib/thumb/v7e-m+fp/hard/libc_nano.a
LOAD /usr/local/bin/../lib/gcc/arm-none-eabi/10.3.1/../../../../arm-none-eabi/lib/thumb/v7e-m+fp/hard/libm.a
LOAD /usr/local/bin/../lib/gcc/arm-none-eabi/10.3.1/../../../../arm-none-eabi/lib/thumb/v7e-m+fp/hard/libnosys.a
START GROUP
LOAD /usr/local/bin/../lib/gcc/arm-none-eabi/10.3.1/thumb/v7e-m+fp/hard/libgcc.a
LOAD /usr/local/bin/../lib/gcc/arm-none-eabi/10.3.1/../../../../arm-none-eabi/lib/thumb/v7e-m+fp/hard/libc_nano.a
END GROUP
START GROUP
LOAD /usr/local/bin/../lib/gcc/arm-none-eabi/10.3.1/thumb/v7e-m+fp/hard/libgcc.a
LOAD /usr/local/bin/../lib/gcc/arm-none-eabi/10.3.1/../../../../arm-none-eabi/lib/thumb/v7e-m+fp/hard/libc_nano.a
END GROUP
LOAD /usr/local/bin/../lib/gcc/arm-none-eabi/10.3.1/thumb/v7e-m+fp/hard/crtend.o
LOAD /usr/local/bin/../lib/gcc/arm-none-eabi/10.3.1/thumb/v7e-m+fp/hard/crtn.o
                0x000000002000c000                _estack = (ORIGIN (RAM) + LENGTH (RAM))
                0x0000000000000200                _Min_Heap_Size = 0x200
                0x0000000000000400                _Min_Stack_Size = 0x400

.isr_vector     0x0000000008000000      0x190
                0x0000000008000000                . = ALIGN (0x8)
 *(.isr_vector)
 .isr_vector    0x0000000008000000      0x18c build/startup_stm32l432xx.o
                0x0000000008000000                g_pfnVectors
                0x0000000008000190                . = ALIGN (0x8)
 *fill*         0x000000000800018c        0x4 

.text           0x0000000008000190     0x5a10
                0x0000000008000190                . = ALIGN (0x8)
 *(.text)
 .text          0x0000000008000190       0x40 /usr/local/bin/../lib/gcc/arm-none-eabi/10.3.1/thumb/v7e-m+fp/hard/crtbegin.o
 .text          0x00000000080001d0       0xa0 /usr/local/bin/../lib/gcc/arm-none-eabi/10.3.1/../../../../arm-none-eabi/lib/thumb/v7e-m+fp/hard/libc_nano.a(lib_a-memchr.o)
                0x00000000080001d0                memchr
 .text          0x0000000008000270       0x30 /usr/local/bin/../lib/gcc/arm-none-eabi/10.3.1/thumb/v7e-m+fp/hard/libgcc.a(_aeabi_uldivmod.o)
                0x0000000008000270                __aeabi_uldivmod
 .text          0x00000000080002a0      0x2d0 /usr/local/bin/../lib/gcc/arm-none-eabi/10.3.1/thumb/v7e-m+fp/hard/libgcc.a(_udivmoddi4.o)
                0x00000000080002a0                __udivmoddi4
 .text          0x0000000008000570        0x4 /usr/local/bin/../lib/gcc/arm-none-eabi/10.3.1/thumb/v7e-m+fp/hard/libgcc.a(_dvmd_tls.o)
                0x0000000008000570                __aeabi_ldiv0
                0x0000000008000570                __aeabi_idiv0
 *(.text*)
 .text.MX_GPIO_Init
                0x0000000008000574       0xbc build/main.o
 .text.StartTask01
                0x0000000008000630       0x38 build/main.o
                0x0000000008000630                StartTask01
 .text.TaskAdd  0x0000000008000668       0x40 build/main.o
                0x0000000008000668                TaskAdd
 .text.__io_putchar
                0x00000000080006a8       0x20 build/main.o
                0x00000000080006a8                __io_putchar
 .text.Error_Handler
                0x00000000080006c8        0x4 build/main.o
                0x00000000080006c8                Error_Handler
 .text.MX_TIM1_Init
                0x00000000080006cc       0xfc build/main.o
 .text.MX_TIM6_Init
                0x00000000080007c8       0x4c build/main.o
 .text.MX_USART1_UART_Init
                0x0000000008000814       0x38 build/main.o
 .text.MX_USART2_UART_Init
                0x000000000800084c       0x38 build/main.o
 .text.SystemClock_Config
                0x0000000008000884       0x9c build/main.o
                0x0000000008000884                SystemClock_Config
 .text.main     0x0000000008000920       0x5c build/main.o
                0x0000000008000920                main
 .text.Motor_Stop
                0x000000000800097c       0x4c build/AGV.o
                0x000000000800097c                Motor_Stop
 .text.Motor_MoveForward
                0x00000000080009c8       0x4c build/AGV.o
                0x00000000080009c8                Motor_MoveForward
 .text.Motor_TurnLeft
                0x0000000008000a14       0x40 build/AGV.o
                0x0000000008000a14                Motor_TurnLeft
 .text.Motor_TurnRight
                0x0000000008000a54       0x40 build/AGV.o
                0x0000000008000a54                Motor_TurnRight
 .text.LineFollowing
                0x0000000008000a94       0x98 build/AGV.o
                0x0000000008000a94                LineFollowing
 .text.SetMotorSpeed
                0x0000000008000b2c       0x10 build/AGV.o
                0x0000000008000b2c                SetMotorSpeed
 .text.SmoothStart
                0x0000000008000b3c       0x48 build/AGV.o
                0x0000000008000b3c                SmoothStart
 .text.SmoothStop
                0x0000000008000b84       0x48 build/AGV.o
                0x0000000008000b84                SmoothStop
 .text.Obstacle_CheckAndHandle
                0x0000000008000bcc       0xdc build/AGV.o
                0x0000000008000bcc                Obstacle_CheckAndHandle
 .text.NMI_Handler
                0x0000000008000ca8        0x2 build/stm32l4xx_it.o
                0x0000000008000ca8                NMI_Handler
 .text.HardFault_Handler
                0x0000000008000caa        0x2 build/stm32l4xx_it.o
                0x0000000008000caa                HardFault_Handler
 .text.MemManage_Handler
                0x0000000008000cac        0x2 build/stm32l4xx_it.o
                0x0000000008000cac                MemManage_Handler
 .text.BusFault_Handler
                0x0000000008000cae        0x2 build/stm32l4xx_it.o
                0x0000000008000cae                BusFault_Handler
 .text.UsageFault_Handler
                0x0000000008000cb0        0x2 build/stm32l4xx_it.o
                0x0000000008000cb0                UsageFault_Handler
 .text.DebugMon_Handler
                0x0000000008000cb2        0x2 build/stm32l4xx_it.o
                0x0000000008000cb2                DebugMon_Handler
 .text.SysTick_Handler
                0x0000000008000cb4       0x16 build/stm32l4xx_it.o
                0x0000000008000cb4                SysTick_Handler
 *fill*         0x0000000008000cca        0x2 
 .text.HAL_MspInit
                0x0000000008000ccc       0x40 build/stm32l4xx_hal_msp.o
                0x0000000008000ccc                HAL_MspInit
 .text.HAL_TIM_Base_MspInit
                0x0000000008000d0c       0x4c build/stm32l4xx_hal_msp.o
                0x0000000008000d0c                HAL_TIM_Base_MspInit
 .text.HAL_TIM_MspPostInit
                0x0000000008000d58       0x54 build/stm32l4xx_hal_msp.o
                0x0000000008000d58                HAL_TIM_MspPostInit
 .text.HAL_UART_MspInit
                0x0000000008000dac      0x104 build/stm32l4xx_hal_msp.o
                0x0000000008000dac                HAL_UART_MspInit
 .text.HAL_InitTick
                0x0000000008000eb0       0x50 build/stm32l4xx_hal.o
                0x0000000008000eb0                HAL_InitTick
 .text.HAL_Init
                0x0000000008000f00       0x1e build/stm32l4xx_hal.o
                0x0000000008000f00                HAL_Init
 *fill*         0x0000000008000f1e        0x2 
 .text.HAL_IncTick
                0x0000000008000f20       0x18 build/stm32l4xx_hal.o
                0x0000000008000f20                HAL_IncTick
 .text.HAL_GetTick
                0x0000000008000f38        0xc build/stm32l4xx_hal.o
                0x0000000008000f38                HAL_GetTick
 .text.HAL_Delay
                0x0000000008000f44       0x28 build/stm32l4xx_hal.o
                0x0000000008000f44                HAL_Delay
 .text.RCC_SetFlashLatencyFromMSIRange
                0x0000000008000f6c       0x90 build/stm32l4xx_hal_rcc.o
 .text.HAL_RCC_GetSysClockFreq
                0x0000000008000ffc       0xb4 build/stm32l4xx_hal_rcc.o
                0x0000000008000ffc                HAL_RCC_GetSysClockFreq
 .text.HAL_RCC_OscConfig
                0x00000000080010b0      0x66c build/stm32l4xx_hal_rcc.o
                0x00000000080010b0                HAL_RCC_OscConfig
 .text.HAL_RCC_ClockConfig
                0x000000000800171c      0x188 build/stm32l4xx_hal_rcc.o
                0x000000000800171c                HAL_RCC_ClockConfig
 .text.HAL_RCC_GetHCLKFreq
                0x00000000080018a4        0xc build/stm32l4xx_hal_rcc.o
                0x00000000080018a4                HAL_RCC_GetHCLKFreq
 .text.HAL_RCC_GetPCLK1Freq
                0x00000000080018b0       0x24 build/stm32l4xx_hal_rcc.o
                0x00000000080018b0                HAL_RCC_GetPCLK1Freq
 .text.HAL_RCC_GetPCLK2Freq
                0x00000000080018d4       0x24 build/stm32l4xx_hal_rcc.o
                0x00000000080018d4                HAL_RCC_GetPCLK2Freq
 .text.RCCEx_PLLSAI1_Config
                0x00000000080018f8      0x16c build/stm32l4xx_hal_rcc_ex.o
 .text.HAL_RCCEx_PeriphCLKConfig
                0x0000000008001a64      0x2e8 build/stm32l4xx_hal_rcc_ex.o
                0x0000000008001a64                HAL_RCCEx_PeriphCLKConfig
 .text.HAL_RCCEx_EnableMSIPLLMode
                0x0000000008001d4c       0x10 build/stm32l4xx_hal_rcc_ex.o
                0x0000000008001d4c                HAL_RCCEx_EnableMSIPLLMode
 .text.HAL_GPIO_Init
                0x0000000008001d5c      0x1b0 build/stm32l4xx_hal_gpio.o
                0x0000000008001d5c                HAL_GPIO_Init
 .text.HAL_GPIO_ReadPin
                0x0000000008001f0c        0xe build/stm32l4xx_hal_gpio.o
                0x0000000008001f0c                HAL_GPIO_ReadPin
 .text.HAL_GPIO_WritePin
                0x0000000008001f1a        0xa build/stm32l4xx_hal_gpio.o
                0x0000000008001f1a                HAL_GPIO_WritePin
 .text.HAL_PWR_EnableBkUpAccess
                0x0000000008001f24       0x10 build/stm32l4xx_hal_pwr.o
                0x0000000008001f24                HAL_PWR_EnableBkUpAccess
 .text.HAL_PWREx_GetVoltageRange
                0x0000000008001f34       0x10 build/stm32l4xx_hal_pwr_ex.o
                0x0000000008001f34                HAL_PWREx_GetVoltageRange
 .text.HAL_PWREx_ControlVoltageScaling
                0x0000000008001f44       0x90 build/stm32l4xx_hal_pwr_ex.o
                0x0000000008001f44                HAL_PWREx_ControlVoltageScaling
 .text.HAL_NVIC_SetPriorityGrouping
                0x0000000008001fd4       0x24 build/stm32l4xx_hal_cortex.o
                0x0000000008001fd4                HAL_NVIC_SetPriorityGrouping
 .text.HAL_NVIC_SetPriority
                0x0000000008001ff8       0x70 build/stm32l4xx_hal_cortex.o
                0x0000000008001ff8                HAL_NVIC_SetPriority
 .text.HAL_SYSTICK_Config
                0x0000000008002068       0x28 build/stm32l4xx_hal_cortex.o
                0x0000000008002068                HAL_SYSTICK_Config
 .text.TIM_OC1_SetConfig
                0x0000000008002090       0x80 build/stm32l4xx_hal_tim.o
 .text.TIM_OC3_SetConfig
                0x0000000008002110       0x74 build/stm32l4xx_hal_tim.o
 .text.TIM_OC4_SetConfig
                0x0000000008002184       0x5c build/stm32l4xx_hal_tim.o
 .text.TIM_OC5_SetConfig
                0x00000000080021e0       0x58 build/stm32l4xx_hal_tim.o
 .text.TIM_OC6_SetConfig
                0x0000000008002238       0x5c build/stm32l4xx_hal_tim.o
 .text.TIM_TI1_ConfigInputStage
                0x0000000008002294       0x26 build/stm32l4xx_hal_tim.o
 .text.TIM_TI2_ConfigInputStage
                0x00000000080022ba       0x28 build/stm32l4xx_hal_tim.o
 .text.TIM_ITRx_SetConfig
                0x00000000080022e2       0x10 build/stm32l4xx_hal_tim.o
 *fill*         0x00000000080022f2        0x2 
 .text.HAL_TIM_Base_Start
                0x00000000080022f4       0x64 build/stm32l4xx_hal_tim.o
                0x00000000080022f4                HAL_TIM_Base_Start
 .text.HAL_TIM_PWM_MspInit
                0x0000000008002358        0x2 build/stm32l4xx_hal_tim.o
                0x0000000008002358                HAL_TIM_PWM_MspInit
 *fill*         0x000000000800235a        0x2 
 .text.TIM_Base_SetConfig
                0x000000000800235c       0x80 build/stm32l4xx_hal_tim.o
                0x000000000800235c                TIM_Base_SetConfig
 .text.HAL_TIM_Base_Init
                0x00000000080023dc       0x60 build/stm32l4xx_hal_tim.o
                0x00000000080023dc                HAL_TIM_Base_Init
 .text.HAL_TIM_PWM_Init
                0x000000000800243c       0x60 build/stm32l4xx_hal_tim.o
                0x000000000800243c                HAL_TIM_PWM_Init
 .text.TIM_OC2_SetConfig
                0x000000000800249c       0x78 build/stm32l4xx_hal_tim.o
                0x000000000800249c                TIM_OC2_SetConfig
 .text.HAL_TIM_PWM_ConfigChannel
                0x0000000008002514      0x13a build/stm32l4xx_hal_tim.o
                0x0000000008002514                HAL_TIM_PWM_ConfigChannel
 .text.TIM_ETR_SetConfig
                0x000000000800264e       0x1a build/stm32l4xx_hal_tim.o
                0x000000000800264e                TIM_ETR_SetConfig
 .text.HAL_TIM_ConfigClockSource
                0x0000000008002668      0x100 build/stm32l4xx_hal_tim.o
                0x0000000008002668                HAL_TIM_ConfigClockSource
 .text.HAL_TIMEx_MasterConfigSynchronization
                0x0000000008002768       0x70 build/stm32l4xx_hal_tim_ex.o
                0x0000000008002768                HAL_TIMEx_MasterConfigSynchronization
 .text.HAL_TIMEx_ConfigBreakDeadTime
                0x00000000080027d8       0x88 build/stm32l4xx_hal_tim_ex.o
                0x00000000080027d8                HAL_TIMEx_ConfigBreakDeadTime
 .text.UART_EndRxTransfer
                0x0000000008002860       0x52 build/stm32l4xx_hal_uart.o
 *fill*         0x00000000080028b2        0x2 
 .text.UART_SetConfig
                0x00000000080028b4      0x260 build/stm32l4xx_hal_uart.o
                0x00000000080028b4                UART_SetConfig
 .text.UART_AdvFeatureConfig
                0x0000000008002b14       0xca build/stm32l4xx_hal_uart.o
                0x0000000008002b14                UART_AdvFeatureConfig
 .text.UART_WaitOnFlagUntilTimeout
                0x0000000008002bde       0xa2 build/stm32l4xx_hal_uart.o
                0x0000000008002bde                UART_WaitOnFlagUntilTimeout
 .text.HAL_UART_Transmit
                0x0000000008002c80       0xc8 build/stm32l4xx_hal_uart.o
                0x0000000008002c80                HAL_UART_Transmit
 .text.UART_CheckIdleState
                0x0000000008002d48       0xc6 build/stm32l4xx_hal_uart.o
                0x0000000008002d48                UART_CheckIdleState
 .text.HAL_UART_Init
                0x0000000008002e0e       0x62 build/stm32l4xx_hal_uart.o
                0x0000000008002e0e                HAL_UART_Init
 .text.SystemInit
                0x0000000008002e70       0x14 build/system_stm32l4xx.o
                0x0000000008002e70                SystemInit
 .text.vListInitialise
                0x0000000008002e84       0x16 build/list.o
                0x0000000008002e84                vListInitialise
 .text.vListInitialiseItem
                0x0000000008002e9a        0x6 build/list.o
                0x0000000008002e9a                vListInitialiseItem
 .text.vListInsertEnd
                0x0000000008002ea0       0x16 build/list.o
                0x0000000008002ea0                vListInsertEnd
 .text.vListInsert
                0x0000000008002eb6       0x32 build/list.o
                0x0000000008002eb6                vListInsert
 .text.uxListRemove
                0x0000000008002ee8       0x26 build/list.o
                0x0000000008002ee8                uxListRemove
 .text.prvIsQueueFull
                0x0000000008002f0e       0x1e build/queue.o
 .text.prvIsQueueEmpty
                0x0000000008002f2c       0x1a build/queue.o
 .text.prvCopyDataToQueue
                0x0000000008002f46       0x76 build/queue.o
 .text.prvCopyDataFromQueue
                0x0000000008002fbc       0x24 build/queue.o
 .text.prvUnlockQueue
                0x0000000008002fe0       0x6e build/queue.o
 .text.xQueueGenericReset
                0x000000000800304e       0x84 build/queue.o
                0x000000000800304e                xQueueGenericReset
 .text.prvInitialiseNewQueue
                0x00000000080030d2       0x22 build/queue.o
 .text.xQueueGenericCreateStatic
                0x00000000080030f4       0x94 build/queue.o
                0x00000000080030f4                xQueueGenericCreateStatic
 .text.xQueueGenericSend
                0x0000000008003188      0x188 build/queue.o
                0x0000000008003188                xQueueGenericSend
 .text.xQueueGenericSendFromISR
                0x0000000008003310       0xce build/queue.o
                0x0000000008003310                xQueueGenericSendFromISR
 .text.xQueueReceive
                0x00000000080033de      0x15e build/queue.o
                0x00000000080033de                xQueueReceive
 .text.vQueueAddToRegistry
                0x000000000800353c       0x28 build/queue.o
                0x000000000800353c                vQueueAddToRegistry
 .text.vQueueWaitForMessageRestricted
                0x0000000008003564       0x52 build/queue.o
                0x0000000008003564                vQueueWaitForMessageRestricted
 *fill*         0x00000000080035b6        0x2 
 .text.prvResetNextTaskUnblockTime
                0x00000000080035b8       0x2c build/tasks.o
 .text.prvInitialiseNewTask
                0x00000000080035e4       0xa6 build/tasks.o
 *fill*         0x000000000800368a        0x2 
 .text.prvInitialiseTaskLists
                0x000000000800368c       0x68 build/tasks.o
 .text.prvAddNewTaskToReadyList
                0x00000000080036f4       0xac build/tasks.o
 .text.prvDeleteTCB
                0x00000000080037a0       0x38 build/tasks.o
 .text.prvCheckTasksWaitingTermination
                0x00000000080037d8       0x4c build/tasks.o
 .text.prvIdleTask
                0x0000000008003824       0x28 build/tasks.o
 .text.prvAddCurrentTaskToDelayedList
                0x000000000800384c       0x7c build/tasks.o
 .text.xTaskCreateStatic
                0x00000000080038c8       0x76 build/tasks.o
                0x00000000080038c8                xTaskCreateStatic
 .text.xTaskCreate
                0x000000000800393e       0x68 build/tasks.o
                0x000000000800393e                xTaskCreate
 *fill*         0x00000000080039a6        0x2 
 .text.vTaskStartScheduler
                0x00000000080039a8       0x9c build/tasks.o
                0x00000000080039a8                vTaskStartScheduler
 .text.vTaskSuspendAll
                0x0000000008003a44       0x10 build/tasks.o
                0x0000000008003a44                vTaskSuspendAll
 .text.xTaskGetTickCount
                0x0000000008003a54        0xc build/tasks.o
                0x0000000008003a54                xTaskGetTickCount
 .text.pcTaskGetName
                0x0000000008003a60       0x28 build/tasks.o
                0x0000000008003a60                pcTaskGetName
 .text.xTaskIncrementTick
                0x0000000008003a88      0x118 build/tasks.o
                0x0000000008003a88                xTaskIncrementTick
 .text.xTaskResumeAll
                0x0000000008003ba0       0xf8 build/tasks.o
                0x0000000008003ba0                xTaskResumeAll
 .text.vTaskDelay
                0x0000000008003c98       0x4c build/tasks.o
                0x0000000008003c98                vTaskDelay
 .text.vTaskSwitchContext
                0x0000000008003ce4       0x94 build/tasks.o
                0x0000000008003ce4                vTaskSwitchContext
 .text.vTaskPlaceOnEventList
                0x0000000008003d78       0x30 build/tasks.o
                0x0000000008003d78                vTaskPlaceOnEventList
 .text.vTaskPlaceOnEventListRestricted
                0x0000000008003da8       0x38 build/tasks.o
                0x0000000008003da8                vTaskPlaceOnEventListRestricted
 .text.xTaskRemoveFromEventList
                0x0000000008003de0       0x8c build/tasks.o
                0x0000000008003de0                xTaskRemoveFromEventList
 .text.vTaskInternalSetTimeOutState
                0x0000000008003e6c       0x18 build/tasks.o
                0x0000000008003e6c                vTaskInternalSetTimeOutState
 .text.xTaskCheckForTimeOut
                0x0000000008003e84       0x84 build/tasks.o
                0x0000000008003e84                xTaskCheckForTimeOut
 .text.vTaskMissedYield
                0x0000000008003f08        0xc build/tasks.o
                0x0000000008003f08                vTaskMissedYield
 .text.xTaskGetSchedulerState
                0x0000000008003f14       0x20 build/tasks.o
                0x0000000008003f14                xTaskGetSchedulerState
 .text.xTaskPriorityDisinherit
                0x0000000008003f34       0x90 build/tasks.o
                0x0000000008003f34                xTaskPriorityDisinherit
 .text.prvGetNextExpireTime
                0x0000000008003fc4       0x20 build/timers.o
 .text.prvInsertTimerInActiveList
                0x0000000008003fe4       0x48 build/timers.o
 .text.prvCheckForValidListAndQueue
                0x000000000800402c       0x70 build/timers.o
 .text.xTimerCreateTimerTask
                0x000000000800409c       0x64 build/timers.o
                0x000000000800409c                xTimerCreateTimerTask
 .text.xTimerGenericCommand
                0x0000000008004100       0x6c build/timers.o
                0x0000000008004100                xTimerGenericCommand
 .text.prvSwitchTimerLists
                0x000000000800416c       0x7c build/timers.o
 .text.prvSampleTimeNow
                0x00000000080041e8       0x2c build/timers.o
 .text.prvProcessExpiredTimer
                0x0000000008004214       0x6c build/timers.o
 .text.prvProcessTimerOrBlockTask
                0x0000000008004280       0x74 build/timers.o
 .text.prvProcessReceivedCommands
                0x00000000080042f4      0x10c build/timers.o
 .text.prvTimerTask
                0x0000000008004400       0x16 build/timers.o
 *fill*         0x0000000008004416        0x2 
 .text.vApplicationGetIdleTaskMemory
                0x0000000008004418       0x18 build/cmsis_os2.o
                0x0000000008004418                vApplicationGetIdleTaskMemory
 .text.vApplicationGetTimerTaskMemory
                0x0000000008004430       0x18 build/cmsis_os2.o
                0x0000000008004430                vApplicationGetTimerTaskMemory
 .text.prvHeapInit
                0x0000000008004448       0x68 build/heap_4.o
 .text.prvInsertBlockIntoFreeList
                0x00000000080044b0       0x64 build/heap_4.o
 .text.pvPortMalloc
                0x0000000008004514       0xfc build/heap_4.o
                0x0000000008004514                pvPortMalloc
 .text.vPortFree
                0x0000000008004610       0x7c build/heap_4.o
                0x0000000008004610                vPortFree
 .text.prvTaskExitError
                0x000000000800468c       0x40 build/port.o
 .text.prvPortStartFirstTask
                0x00000000080046cc       0x28 build/port.o
 .text.vPortEnableVFP
                0x00000000080046f4       0x14 build/port.o
 .text.pxPortInitialiseStack
                0x0000000008004708       0x2c build/port.o
                0x0000000008004708                pxPortInitialiseStack
 *fill*         0x0000000008004734        0xc 
 .text.SVC_Handler
                0x0000000008004740       0x24 build/port.o
                0x0000000008004740                SVC_Handler
 .text.vPortEnterCritical
                0x0000000008004764       0x44 build/port.o
                0x0000000008004764                vPortEnterCritical
 .text.vPortExitCritical
                0x00000000080047a8       0x2c build/port.o
                0x00000000080047a8                vPortExitCritical
 *fill*         0x00000000080047d4        0xc 
 .text.PendSV_Handler
                0x00000000080047e0       0x64 build/port.o
                0x00000000080047e0                PendSV_Handler
 .text.xPortSysTickHandler
                0x0000000008004844       0x2c build/port.o
                0x0000000008004844                xPortSysTickHandler
 .text.vPortSetupTimerInterrupt
                0x0000000008004870       0x28 build/port.o
                0x0000000008004870                vPortSetupTimerInterrupt
 .text.xPortStartScheduler
                0x0000000008004898      0x118 build/port.o
                0x0000000008004898                xPortStartScheduler
 .text.vPortValidateInterruptPriority
                0x00000000080049b0       0x5c build/port.o
                0x00000000080049b0                vPortValidateInterruptPriority
 .text._sbrk    0x0000000008004a0c       0x48 build/sysmem.o
                0x0000000008004a0c                _sbrk
 .text._read    0x0000000008004a54       0x20 build/syscalls.o
                0x0000000008004a54                _read
 .text._write   0x0000000008004a74       0x1c build/syscalls.o
                0x0000000008004a74                _write
 .text._close   0x0000000008004a90        0x6 build/syscalls.o
                0x0000000008004a90                _close
 .text._fstat   0x0000000008004a96        0xa build/syscalls.o
                0x0000000008004a96                _fstat
 .text._isatty  0x0000000008004aa0        0x4 build/syscalls.o
                0x0000000008004aa0                _isatty
 .text._lseek   0x0000000008004aa4        0x4 build/syscalls.o
                0x0000000008004aa4                _lseek
 .text.Reset_Handler
                0x0000000008004aa8       0x50 build/startup_stm32l432xx.o
                0x0000000008004aa8                Reset_Handler
 .text.Default_Handler
                0x0000000008004af8        0x2 build/startup_stm32l432xx.o
                0x0000000008004af8                RTC_Alarm_IRQHandler
                0x0000000008004af8                EXTI2_IRQHandler
                0x0000000008004af8                TIM1_CC_IRQHandler
                0x0000000008004af8                TSC_IRQHandler
                0x0000000008004af8                TAMP_STAMP_IRQHandler
                0x0000000008004af8                EXTI3_IRQHandler
                0x0000000008004af8                LPTIM2_IRQHandler
                0x0000000008004af8                I2C3_ER_IRQHandler
                0x0000000008004af8                EXTI0_IRQHandler
                0x0000000008004af8                CAN1_RX0_IRQHandler
                0x0000000008004af8                FPU_IRQHandler
                0x0000000008004af8                TIM1_UP_TIM16_IRQHandler
                0x0000000008004af8                SPI1_IRQHandler
                0x0000000008004af8                TIM6_DAC_IRQHandler
                0x0000000008004af8                DMA2_Channel2_IRQHandler
                0x0000000008004af8                DMA1_Channel4_IRQHandler
                0x0000000008004af8                ADC1_IRQHandler
                0x0000000008004af8                DMA1_Channel7_IRQHandler
                0x0000000008004af8                CAN1_RX1_IRQHandler
                0x0000000008004af8                DMA2_Channel1_IRQHandler
                0x0000000008004af8                QUADSPI_IRQHandler
                0x0000000008004af8                I2C1_EV_IRQHandler
                0x0000000008004af8                DMA1_Channel6_IRQHandler
                0x0000000008004af8                DMA2_Channel4_IRQHandler
                0x0000000008004af8                RCC_IRQHandler
                0x0000000008004af8                TIM1_TRG_COM_IRQHandler
                0x0000000008004af8                DMA1_Channel1_IRQHandler
                0x0000000008004af8                Default_Handler
                0x0000000008004af8                DMA2_Channel7_IRQHandler
                0x0000000008004af8                EXTI15_10_IRQHandler
                0x0000000008004af8                TIM7_IRQHandler
                0x0000000008004af8                I2C3_EV_IRQHandler
                0x0000000008004af8                USB_IRQHandler
                0x0000000008004af8                EXTI9_5_IRQHandler
                0x0000000008004af8                RTC_WKUP_IRQHandler
                0x0000000008004af8                PVD_PVM_IRQHandler
                0x0000000008004af8                CAN1_TX_IRQHandler
                0x0000000008004af8                DMA2_Channel5_IRQHandler
                0x0000000008004af8                CRS_IRQHandler
                0x0000000008004af8                DMA1_Channel5_IRQHandler
                0x0000000008004af8                EXTI4_IRQHandler
                0x0000000008004af8                RNG_IRQHandler
                0x0000000008004af8                DMA1_Channel3_IRQHandler
                0x0000000008004af8                COMP_IRQHandler
                0x0000000008004af8                WWDG_IRQHandler
                0x0000000008004af8                LPUART1_IRQHandler
                0x0000000008004af8                DMA2_Channel6_IRQHandler
                0x0000000008004af8                TIM2_IRQHandler
                0x0000000008004af8                EXTI1_IRQHandler
                0x0000000008004af8                USART2_IRQHandler
                0x0000000008004af8                DMA1_Channel2_IRQHandler
                0x0000000008004af8                CAN1_SCE_IRQHandler
                0x0000000008004af8                FLASH_IRQHandler
                0x0000000008004af8                USART1_IRQHandler
                0x0000000008004af8                SPI3_IRQHandler
                0x0000000008004af8                I2C1_ER_IRQHandler
                0x0000000008004af8                SWPMI1_IRQHandler
                0x0000000008004af8                LPTIM1_IRQHandler
                0x0000000008004af8                SAI1_IRQHandler
                0x0000000008004af8                DMA2_Channel3_IRQHandler
                0x0000000008004af8                TIM1_BRK_TIM15_IRQHandler
 *fill*         0x0000000008004afa        0x2 
 .text.__errno  0x0000000008004afc        0xc /usr/local/bin/../lib/gcc/arm-none-eabi/10.3.1/../../../../arm-none-eabi/lib/thumb/v7e-m+fp/hard/libc_nano.a(lib_a-errno.o)
                0x0000000008004afc                __errno
 .text.__libc_init_array
                0x0000000008004b08       0x48 /usr/local/bin/../lib/gcc/arm-none-eabi/10.3.1/../../../../arm-none-eabi/lib/thumb/v7e-m+fp/hard/libc_nano.a(lib_a-init.o)
                0x0000000008004b08                __libc_init_array
 .text.memcpy   0x0000000008004b50       0x1c /usr/local/bin/../lib/gcc/arm-none-eabi/10.3.1/../../../../arm-none-eabi/lib/thumb/v7e-m+fp/hard/libc_nano.a(lib_a-memcpy-stub.o)
                0x0000000008004b50                memcpy
 .text.memset   0x0000000008004b6c       0x10 /usr/local/bin/../lib/gcc/arm-none-eabi/10.3.1/../../../../arm-none-eabi/lib/thumb/v7e-m+fp/hard/libc_nano.a(lib_a-memset.o)
                0x0000000008004b6c                memset
 .text.printf   0x0000000008004b7c       0x30 /usr/local/bin/../lib/gcc/arm-none-eabi/10.3.1/../../../../arm-none-eabi/lib/thumb/v7e-m+fp/hard/libc_nano.a(lib_a-printf.o)
                0x0000000008004b7c                printf
                0x0000000008004b7c                iprintf
 .text._puts_r  0x0000000008004bac       0xdc /usr/local/bin/../lib/gcc/arm-none-eabi/10.3.1/../../../../arm-none-eabi/lib/thumb/v7e-m+fp/hard/libc_nano.a(lib_a-puts.o)
                0x0000000008004bac                _puts_r
 .text.puts     0x0000000008004c88       0x10 /usr/local/bin/../lib/gcc/arm-none-eabi/10.3.1/../../../../arm-none-eabi/lib/thumb/v7e-m+fp/hard/libc_nano.a(lib_a-puts.o)
                0x0000000008004c88                puts
 .text.__swbuf_r
                0x0000000008004c98       0xa4 /usr/local/bin/../lib/gcc/arm-none-eabi/10.3.1/../../../../arm-none-eabi/lib/thumb/v7e-m+fp/hard/libc_nano.a(lib_a-wbuf.o)
                0x0000000008004c98                __swbuf_r
 .text.__swsetup_r
                0x0000000008004d3c       0xdc /usr/local/bin/../lib/gcc/arm-none-eabi/10.3.1/../../../../arm-none-eabi/lib/thumb/v7e-m+fp/hard/libc_nano.a(lib_a-wsetup.o)
                0x0000000008004d3c                __swsetup_r
 .text.__sflush_r
                0x0000000008004e18      0x10c /usr/local/bin/../lib/gcc/arm-none-eabi/10.3.1/../../../../arm-none-eabi/lib/thumb/v7e-m+fp/hard/libc_nano.a(lib_a-fflush.o)
                0x0000000008004e18                __sflush_r
 .text._fflush_r
                0x0000000008004f24       0x78 /usr/local/bin/../lib/gcc/arm-none-eabi/10.3.1/../../../../arm-none-eabi/lib/thumb/v7e-m+fp/hard/libc_nano.a(lib_a-fflush.o)
                0x0000000008004f24                _fflush_r
 .text.std      0x0000000008004f9c       0x48 /usr/local/bin/../lib/gcc/arm-none-eabi/10.3.1/../../../../arm-none-eabi/lib/thumb/v7e-m+fp/hard/libc_nano.a(lib_a-findfp.o)
 .text._cleanup_r
                0x0000000008004fe4        0xc /usr/local/bin/../lib/gcc/arm-none-eabi/10.3.1/../../../../arm-none-eabi/lib/thumb/v7e-m+fp/hard/libc_nano.a(lib_a-findfp.o)
                0x0000000008004fe4                _cleanup_r
 .text.__sfmoreglue
                0x0000000008004ff0       0x2c /usr/local/bin/../lib/gcc/arm-none-eabi/10.3.1/../../../../arm-none-eabi/lib/thumb/v7e-m+fp/hard/libc_nano.a(lib_a-findfp.o)
                0x0000000008004ff0                __sfmoreglue
 .text.__sfp_lock_acquire
                0x000000000800501c        0xc /usr/local/bin/../lib/gcc/arm-none-eabi/10.3.1/../../../../arm-none-eabi/lib/thumb/v7e-m+fp/hard/libc_nano.a(lib_a-findfp.o)
                0x000000000800501c                __sfp_lock_acquire
 .text.__sfp_lock_release
                0x0000000008005028        0xc /usr/local/bin/../lib/gcc/arm-none-eabi/10.3.1/../../../../arm-none-eabi/lib/thumb/v7e-m+fp/hard/libc_nano.a(lib_a-findfp.o)
                0x0000000008005028                __sfp_lock_release
 .text.__sinit_lock_acquire
                0x0000000008005034        0xc /usr/local/bin/../lib/gcc/arm-none-eabi/10.3.1/../../../../arm-none-eabi/lib/thumb/v7e-m+fp/hard/libc_nano.a(lib_a-findfp.o)
                0x0000000008005034                __sinit_lock_acquire
 .text.__sinit_lock_release
                0x0000000008005040        0xc /usr/local/bin/../lib/gcc/arm-none-eabi/10.3.1/../../../../arm-none-eabi/lib/thumb/v7e-m+fp/hard/libc_nano.a(lib_a-findfp.o)
                0x0000000008005040                __sinit_lock_release
 .text.__sinit  0x000000000800504c       0x70 /usr/local/bin/../lib/gcc/arm-none-eabi/10.3.1/../../../../arm-none-eabi/lib/thumb/v7e-m+fp/hard/libc_nano.a(lib_a-findfp.o)
                0x000000000800504c                __sinit
 .text.__sfp    0x00000000080050bc       0x8c /usr/local/bin/../lib/gcc/arm-none-eabi/10.3.1/../../../../arm-none-eabi/lib/thumb/v7e-m+fp/hard/libc_nano.a(lib_a-findfp.o)
                0x00000000080050bc                __sfp
 .text._fwalk_reent
                0x0000000008005148       0x3e /usr/local/bin/../lib/gcc/arm-none-eabi/10.3.1/../../../../arm-none-eabi/lib/thumb/v7e-m+fp/hard/libc_nano.a(lib_a-fwalk.o)
                0x0000000008005148                _fwalk_reent
 .text.__retarget_lock_init_recursive
                0x0000000008005186        0x2 /usr/local/bin/../lib/gcc/arm-none-eabi/10.3.1/../../../../arm-none-eabi/lib/thumb/v7e-m+fp/hard/libc_nano.a(lib_a-lock.o)
                0x0000000008005186                __retarget_lock_init_recursive
 .text.__retarget_lock_acquire_recursive
                0x0000000008005188        0x2 /usr/local/bin/../lib/gcc/arm-none-eabi/10.3.1/../../../../arm-none-eabi/lib/thumb/v7e-m+fp/hard/libc_nano.a(lib_a-lock.o)
                0x0000000008005188                __retarget_lock_acquire_recursive
 .text.__retarget_lock_release_recursive
                0x000000000800518a        0x2 /usr/local/bin/../lib/gcc/arm-none-eabi/10.3.1/../../../../arm-none-eabi/lib/thumb/v7e-m+fp/hard/libc_nano.a(lib_a-lock.o)
                0x000000000800518a                __retarget_lock_release_recursive
 .text.__swhatbuf_r
                0x000000000800518c       0x4a /usr/local/bin/../lib/gcc/arm-none-eabi/10.3.1/../../../../arm-none-eabi/lib/thumb/v7e-m+fp/hard/libc_nano.a(lib_a-makebuf.o)
                0x000000000800518c                __swhatbuf_r
 *fill*         0x00000000080051d6        0x2 
 .text.__smakebuf_r
                0x00000000080051d8       0x80 /usr/local/bin/../lib/gcc/arm-none-eabi/10.3.1/../../../../arm-none-eabi/lib/thumb/v7e-m+fp/hard/libc_nano.a(lib_a-makebuf.o)
                0x00000000080051d8                __smakebuf_r
 .text._free_r  0x0000000008005258       0x98 /usr/local/bin/../lib/gcc/arm-none-eabi/10.3.1/../../../../arm-none-eabi/lib/thumb/v7e-m+fp/hard/libc_nano.a(lib_a-nano-freer.o)
                0x0000000008005258                _free_r
 .text.sbrk_aligned
                0x00000000080052f0       0x40 /usr/local/bin/../lib/gcc/arm-none-eabi/10.3.1/../../../../arm-none-eabi/lib/thumb/v7e-m+fp/hard/libc_nano.a(lib_a-nano-mallocr.o)
 .text._malloc_r
                0x0000000008005330       0xe8 /usr/local/bin/../lib/gcc/arm-none-eabi/10.3.1/../../../../arm-none-eabi/lib/thumb/v7e-m+fp/hard/libc_nano.a(lib_a-nano-mallocr.o)
                0x0000000008005330                _malloc_r
 .text.__sfputc_r
                0x0000000008005418       0x2e /usr/local/bin/../lib/gcc/arm-none-eabi/10.3.1/../../../../arm-none-eabi/lib/thumb/v7e-m+fp/hard/libc_nano.a(lib_a-nano-vfprintf.o)
 .text.__sfputs_r
                0x0000000008005446       0x24 /usr/local/bin/../lib/gcc/arm-none-eabi/10.3.1/../../../../arm-none-eabi/lib/thumb/v7e-m+fp/hard/libc_nano.a(lib_a-nano-vfprintf.o)
                0x0000000008005446                __sfputs_r
 *fill*         0x000000000800546a        0x2 
 .text._vfprintf_r
                0x000000000800546c      0x260 /usr/local/bin/../lib/gcc/arm-none-eabi/10.3.1/../../../../arm-none-eabi/lib/thumb/v7e-m+fp/hard/libc_nano.a(lib_a-nano-vfprintf.o)
                0x000000000800546c                _vfiprintf_r
                0x000000000800546c                _vfprintf_r
 .text._printf_common
                0x00000000080056cc       0xda /usr/local/bin/../lib/gcc/arm-none-eabi/10.3.1/../../../../arm-none-eabi/lib/thumb/v7e-m+fp/hard/libc_nano.a(lib_a-nano-vfprintf_i.o)
                0x00000000080056cc                _printf_common
 *fill*         0x00000000080057a6        0x2 
 .text._printf_i
                0x00000000080057a8      0x24c /usr/local/bin/../lib/gcc/arm-none-eabi/10.3.1/../../../../arm-none-eabi/lib/thumb/v7e-m+fp/hard/libc_nano.a(lib_a-nano-vfprintf_i.o)
                0x00000000080057a8                _printf_i
 .text._sbrk_r  0x00000000080059f4       0x20 /usr/local/bin/../lib/gcc/arm-none-eabi/10.3.1/../../../../arm-none-eabi/lib/thumb/v7e-m+fp/hard/libc_nano.a(lib_a-sbrkr.o)
                0x00000000080059f4                _sbrk_r
 .text.__sread  0x0000000008005a14       0x22 /usr/local/bin/../lib/gcc/arm-none-eabi/10.3.1/../../../../arm-none-eabi/lib/thumb/v7e-m+fp/hard/libc_nano.a(lib_a-stdio.o)
                0x0000000008005a14                __sread
 .text.__swrite
                0x0000000008005a36       0x38 /usr/local/bin/../lib/gcc/arm-none-eabi/10.3.1/../../../../arm-none-eabi/lib/thumb/v7e-m+fp/hard/libc_nano.a(lib_a-stdio.o)
                0x0000000008005a36                __swrite
 .text.__sseek  0x0000000008005a6e       0x24 /usr/local/bin/../lib/gcc/arm-none-eabi/10.3.1/../../../../arm-none-eabi/lib/thumb/v7e-m+fp/hard/libc_nano.a(lib_a-stdio.o)
                0x0000000008005a6e                __sseek
 .text.__sclose
                0x0000000008005a92        0x8 /usr/local/bin/../lib/gcc/arm-none-eabi/10.3.1/../../../../arm-none-eabi/lib/thumb/v7e-m+fp/hard/libc_nano.a(lib_a-stdio.o)
                0x0000000008005a92                __sclose
 *fill*         0x0000000008005a9a        0x2 
 .text._write_r
                0x0000000008005a9c       0x24 /usr/local/bin/../lib/gcc/arm-none-eabi/10.3.1/../../../../arm-none-eabi/lib/thumb/v7e-m+fp/hard/libc_nano.a(lib_a-writer.o)
                0x0000000008005a9c                _write_r
 .text._close_r
                0x0000000008005ac0       0x20 /usr/local/bin/../lib/gcc/arm-none-eabi/10.3.1/../../../../arm-none-eabi/lib/thumb/v7e-m+fp/hard/libc_nano.a(lib_a-closer.o)
                0x0000000008005ac0                _close_r
 .text._fstat_r
                0x0000000008005ae0       0x24 /usr/local/bin/../lib/gcc/arm-none-eabi/10.3.1/../../../../arm-none-eabi/lib/thumb/v7e-m+fp/hard/libc_nano.a(lib_a-fstatr.o)
                0x0000000008005ae0                _fstat_r
 .text._isatty_r
                0x0000000008005b04       0x20 /usr/local/bin/../lib/gcc/arm-none-eabi/10.3.1/../../../../arm-none-eabi/lib/thumb/v7e-m+fp/hard/libc_nano.a(lib_a-isattyr.o)
                0x0000000008005b04                _isatty_r
 .text._lseek_r
                0x0000000008005b24       0x24 /usr/local/bin/../lib/gcc/arm-none-eabi/10.3.1/../../../../arm-none-eabi/lib/thumb/v7e-m+fp/hard/libc_nano.a(lib_a-lseekr.o)
                0x0000000008005b24                _lseek_r
 .text.__malloc_lock
                0x0000000008005b48        0xc /usr/local/bin/../lib/gcc/arm-none-eabi/10.3.1/../../../../arm-none-eabi/lib/thumb/v7e-m+fp/hard/libc_nano.a(lib_a-mlock.o)
                0x0000000008005b48                __malloc_lock
 .text.__malloc_unlock
                0x0000000008005b54        0xc /usr/local/bin/../lib/gcc/arm-none-eabi/10.3.1/../../../../arm-none-eabi/lib/thumb/v7e-m+fp/hard/libc_nano.a(lib_a-mlock.o)
                0x0000000008005b54                __malloc_unlock
 .text._read_r  0x0000000008005b60       0x24 /usr/local/bin/../lib/gcc/arm-none-eabi/10.3.1/../../../../arm-none-eabi/lib/thumb/v7e-m+fp/hard/libc_nano.a(lib_a-readr.o)
                0x0000000008005b60                _read_r
 *(.glue_7)
 .glue_7        0x0000000008005b84        0x0 linker stubs
 *(.glue_7t)
 .glue_7t       0x0000000008005b84        0x0 linker stubs
 *(.eh_frame)
 .eh_frame      0x0000000008005b84        0x0 /usr/local/bin/../lib/gcc/arm-none-eabi/10.3.1/thumb/v7e-m+fp/hard/crtbegin.o
 *(.init)
 .init          0x0000000008005b84        0x4 /usr/local/bin/../lib/gcc/arm-none-eabi/10.3.1/thumb/v7e-m+fp/hard/crti.o
                0x0000000008005b84                _init
 .init          0x0000000008005b88        0x8 /usr/local/bin/../lib/gcc/arm-none-eabi/10.3.1/thumb/v7e-m+fp/hard/crtn.o
 *(.fini)
 .fini          0x0000000008005b90        0x4 /usr/local/bin/../lib/gcc/arm-none-eabi/10.3.1/thumb/v7e-m+fp/hard/crti.o
                0x0000000008005b90                _fini
 .fini          0x0000000008005b94        0x8 /usr/local/bin/../lib/gcc/arm-none-eabi/10.3.1/thumb/v7e-m+fp/hard/crtn.o
                0x0000000008005ba0                . = ALIGN (0x8)
 *fill*         0x0000000008005b9c        0x4 
                0x0000000008005ba0                _etext = .

.vfp11_veneer   0x0000000008005ba0        0x0
 .vfp11_veneer  0x0000000008005ba0        0x0 linker stubs

.v4_bx          0x0000000008005ba0        0x0
 .v4_bx         0x0000000008005ba0        0x0 linker stubs

.iplt           0x0000000008005ba0        0x0
 .iplt          0x0000000008005ba0        0x0 /usr/local/bin/../lib/gcc/arm-none-eabi/10.3.1/thumb/v7e-m+fp/hard/crtbegin.o

.rodata         0x0000000008005ba0      0x298
                0x0000000008005ba0                . = ALIGN (0x8)
 *(.rodata)
 *(.rodata*)
 .rodata.StartTask01.str1.4
                0x0000000008005ba0       0x10 build/main.o
 .rodata.TaskAdd.str1.4
                0x0000000008005bb0       0x28 build/main.o
 .rodata.main.str1.4
                0x0000000008005bd8       0x2d build/main.o
 *fill*         0x0000000008005c05        0x3 
 .rodata.Motor_Stop.str1.4
                0x0000000008005c08        0xf build/AGV.o
 *fill*         0x0000000008005c17        0x1 
 .rodata.Motor_MoveForward.str1.4
                0x0000000008005c18       0x16 build/AGV.o
 *fill*         0x0000000008005c2e        0x2 
 .rodata.Motor_TurnLeft.str1.4
                0x0000000008005c30       0x13 build/AGV.o
 *fill*         0x0000000008005c43        0x1 
 .rodata.Motor_TurnRight.str1.4
                0x0000000008005c44       0x14 build/AGV.o
 .rodata.LineFollowing.str1.4
                0x0000000008005c58       0x57 build/AGV.o
 *fill*         0x0000000008005caf        0x1 
 .rodata.SmoothStart.str1.4
                0x0000000008005cb0       0x11 build/AGV.o
 *fill*         0x0000000008005cc1        0x3 
 .rodata.SmoothStop.str1.4
                0x0000000008005cc4       0x10 build/AGV.o
 .rodata.Obstacle_CheckAndHandle.str1.4
                0x0000000008005cd4       0x68 build/AGV.o
 .rodata.AHBPrescTable
                0x0000000008005d3c       0x10 build/system_stm32l4xx.o
                0x0000000008005d3c                AHBPrescTable
 .rodata.APBPrescTable
                0x0000000008005d4c        0x8 build/system_stm32l4xx.o
                0x0000000008005d4c                APBPrescTable
 .rodata.MSIRangeTable
                0x0000000008005d54       0x30 build/system_stm32l4xx.o
                0x0000000008005d54                MSIRangeTable
 .rodata.vTaskStartScheduler.str1.4
                0x0000000008005d84        0x5 build/tasks.o
 *fill*         0x0000000008005d89        0x3 
 .rodata.prvCheckForValidListAndQueue.str1.4
                0x0000000008005d8c        0x5 build/timers.o
 *fill*         0x0000000008005d91        0x3 
 .rodata.xTimerCreateTimerTask.str1.4
                0x0000000008005d94        0x8 build/timers.o
 .rodata._global_impure_ptr
                0x0000000008005d9c        0x4 /usr/local/bin/../lib/gcc/arm-none-eabi/10.3.1/../../../../arm-none-eabi/lib/thumb/v7e-m+fp/hard/libc_nano.a(lib_a-impure.o)
                0x0000000008005d9c                _global_impure_ptr
 .rodata.__sf_fake_stderr
                0x0000000008005da0       0x20 /usr/local/bin/../lib/gcc/arm-none-eabi/10.3.1/../../../../arm-none-eabi/lib/thumb/v7e-m+fp/hard/libc_nano.a(lib_a-findfp.o)
                0x0000000008005da0                __sf_fake_stderr
 .rodata.__sf_fake_stdin
                0x0000000008005dc0       0x20 /usr/local/bin/../lib/gcc/arm-none-eabi/10.3.1/../../../../arm-none-eabi/lib/thumb/v7e-m+fp/hard/libc_nano.a(lib_a-findfp.o)
                0x0000000008005dc0                __sf_fake_stdin
 .rodata.__sf_fake_stdout
                0x0000000008005de0       0x20 /usr/local/bin/../lib/gcc/arm-none-eabi/10.3.1/../../../../arm-none-eabi/lib/thumb/v7e-m+fp/hard/libc_nano.a(lib_a-findfp.o)
                0x0000000008005de0                __sf_fake_stdout
 .rodata._vfprintf_r.str1.1
                0x0000000008005e00       0x11 /usr/local/bin/../lib/gcc/arm-none-eabi/10.3.1/../../../../arm-none-eabi/lib/thumb/v7e-m+fp/hard/libc_nano.a(lib_a-nano-vfprintf.o)
 .rodata._printf_i.str1.1
                0x0000000008005e11       0x22 /usr/local/bin/../lib/gcc/arm-none-eabi/10.3.1/../../../../arm-none-eabi/lib/thumb/v7e-m+fp/hard/libc_nano.a(lib_a-nano-vfprintf_i.o)
                0x0000000008005e38                . = ALIGN (0x8)
 *fill*         0x0000000008005e33        0x5 

.ARM.extab      0x0000000008005e38        0x0
                0x0000000008005e38                . = ALIGN (0x8)
 *(.ARM.extab* .gnu.linkonce.armextab.*)
                0x0000000008005e38                . = ALIGN (0x8)

.ARM            0x0000000008005e38        0x8
                0x0000000008005e38                . = ALIGN (0x8)
                0x0000000008005e38                __exidx_start = .
 *(.ARM.exidx*)
 .ARM.exidx     0x0000000008005e38        0x8 /usr/local/bin/../lib/gcc/arm-none-eabi/10.3.1/thumb/v7e-m+fp/hard/libgcc.a(_udivmoddi4.o)
                0x0000000008005e40                __exidx_end = .
                0x0000000008005e40                . = ALIGN (0x8)

.rel.dyn        0x0000000008005e40        0x0
 .rel.iplt      0x0000000008005e40        0x0 /usr/local/bin/../lib/gcc/arm-none-eabi/10.3.1/thumb/v7e-m+fp/hard/crtbegin.o

.preinit_array  0x0000000008005e40        0x0
                0x0000000008005e40                . = ALIGN (0x8)
                0x0000000008005e40                PROVIDE (__preinit_array_start = .)
 *(.preinit_array*)
                0x0000000008005e40                PROVIDE (__preinit_array_end = .)
                0x0000000008005e40                . = ALIGN (0x8)

.init_array     0x0000000008005e40        0x8
                0x0000000008005e40                . = ALIGN (0x8)
                0x0000000008005e40                PROVIDE (__init_array_start = .)
 *(SORT_BY_NAME(.init_array.*))
 *(.init_array*)
 .init_array    0x0000000008005e40        0x4 /usr/local/bin/../lib/gcc/arm-none-eabi/10.3.1/thumb/v7e-m+fp/hard/crtbegin.o
                0x0000000008005e44                PROVIDE (__init_array_end = .)
                0x0000000008005e48                . = ALIGN (0x8)
 *fill*         0x0000000008005e44        0x4 

.fini_array     0x0000000008005e48        0x8
                0x0000000008005e48                . = ALIGN (0x8)
                [!provide]                        PROVIDE (__fini_array_start = .)
 *(SORT_BY_NAME(.fini_array.*))
 *(.fini_array*)
 .fini_array    0x0000000008005e48        0x4 /usr/local/bin/../lib/gcc/arm-none-eabi/10.3.1/thumb/v7e-m+fp/hard/crtbegin.o
                [!provide]                        PROVIDE (__fini_array_end = .)
                0x0000000008005e50                . = ALIGN (0x8)
 *fill*         0x0000000008005e4c        0x4 
                0x0000000008005e50                _sidata = LOADADDR (.data)

.data           0x0000000020000000       0x78 load address 0x0000000008005e50
                0x0000000020000000                . = ALIGN (0x8)
                0x0000000020000000                _sdata = .
 *(.data)
 *(.data*)
 .data.current_speed
                0x0000000020000000        0x2 build/AGV.o
                0x0000000020000000                current_speed
 .data.uwTickFreq
                0x0000000020000002        0x1 build/stm32l4xx_hal.o
                0x0000000020000002                uwTickFreq
 *fill*         0x0000000020000003        0x1 
 .data.uwTickPrio
                0x0000000020000004        0x4 build/stm32l4xx_hal.o
                0x0000000020000004                uwTickPrio
 .data.SystemCoreClock
                0x0000000020000008        0x4 build/system_stm32l4xx.o
                0x0000000020000008                SystemCoreClock
 .data.uxCriticalNesting
                0x000000002000000c        0x4 build/port.o
 .data._impure_ptr
                0x0000000020000010        0x4 /usr/local/bin/../lib/gcc/arm-none-eabi/10.3.1/../../../../arm-none-eabi/lib/thumb/v7e-m+fp/hard/libc_nano.a(lib_a-impure.o)
                0x0000000020000010                _impure_ptr
 .data.impure_data
                0x0000000020000014       0x60 /usr/local/bin/../lib/gcc/arm-none-eabi/10.3.1/../../../../arm-none-eabi/lib/thumb/v7e-m+fp/hard/libc_nano.a(lib_a-impure.o)
                0x0000000020000078                . = ALIGN (0x8)
 *fill*         0x0000000020000074        0x4 
                0x0000000020000078                _edata = .

.igot.plt       0x0000000020000078        0x0 load address 0x0000000008005ec8
 .igot.plt      0x0000000020000078        0x0 /usr/local/bin/../lib/gcc/arm-none-eabi/10.3.1/thumb/v7e-m+fp/hard/crtbegin.o

.bss            0x0000000020000078     0x1ae8 load address 0x0000000008005ec8
                0x0000000020000078                _sbss = .
                0x0000000020000078                __bss_start__ = _sbss
 *(.bss)
 .bss           0x0000000020000078       0x1c /usr/local/bin/../lib/gcc/arm-none-eabi/10.3.1/thumb/v7e-m+fp/hard/crtbegin.o
 *(.bss*)
 .bss.Task01_HANDLE
                0x0000000020000094        0x4 build/main.o
                0x0000000020000094                Task01_HANDLE
 .bss.htim1     0x0000000020000098       0x4c build/main.o
                0x0000000020000098                htim1
 .bss.htim6     0x00000000200000e4       0x4c build/main.o
                0x00000000200000e4                htim6
 .bss.huart1    0x0000000020000130       0x88 build/main.o
                0x0000000020000130                huart1
 .bss.huart2    0x00000000200001b8       0x88 build/main.o
                0x00000000200001b8                huart2
 .bss.car_moving
                0x0000000020000240        0x1 build/AGV.o
                0x0000000020000240                car_moving
 .bss.current_state
                0x0000000020000241        0x1 build/AGV.o
                0x0000000020000241                current_state
 .bss.load      0x0000000020000242        0x1 build/AGV.o
 *fill*         0x0000000020000243        0x1 
 .bss.uwTick    0x0000000020000244        0x4 build/stm32l4xx_hal.o
                0x0000000020000244                uwTick
 .bss.xQueueRegistry
                0x0000000020000248       0x40 build/queue.o
                0x0000000020000248                xQueueRegistry
 .bss.pxCurrentTCB
                0x0000000020000288        0x4 build/tasks.o
                0x0000000020000288                pxCurrentTCB
 .bss.pxDelayedTaskList
                0x000000002000028c        0x4 build/tasks.o
 .bss.pxOverflowDelayedTaskList
                0x0000000020000290        0x4 build/tasks.o
 .bss.pxReadyTasksLists
                0x0000000020000294      0x460 build/tasks.o
 .bss.uxCurrentNumberOfTasks
                0x00000000200006f4        0x4 build/tasks.o
 .bss.uxDeletedTasksWaitingCleanUp
                0x00000000200006f8        0x4 build/tasks.o
 .bss.uxSchedulerSuspended
                0x00000000200006fc        0x4 build/tasks.o
 .bss.uxTaskNumber
                0x0000000020000700        0x4 build/tasks.o
 .bss.uxTopReadyPriority
                0x0000000020000704        0x4 build/tasks.o
 .bss.xDelayedTaskList1
                0x0000000020000708       0x14 build/tasks.o
 .bss.xDelayedTaskList2
                0x000000002000071c       0x14 build/tasks.o
 .bss.xIdleTaskHandle
                0x0000000020000730        0x4 build/tasks.o
 .bss.xNextTaskUnblockTime
                0x0000000020000734        0x4 build/tasks.o
 .bss.xNumOfOverflows
                0x0000000020000738        0x4 build/tasks.o
 .bss.xPendedTicks
                0x000000002000073c        0x4 build/tasks.o
 .bss.xPendingReadyList
                0x0000000020000740       0x14 build/tasks.o
 .bss.xSchedulerRunning
                0x0000000020000754        0x4 build/tasks.o
 .bss.xSuspendedTaskList
                0x0000000020000758       0x14 build/tasks.o
 .bss.xTasksWaitingTermination
                0x000000002000076c       0x14 build/tasks.o
 .bss.xTickCount
                0x0000000020000780        0x4 build/tasks.o
 .bss.xYieldPending
                0x0000000020000784        0x4 build/tasks.o
 .bss.pxCurrentTimerList
                0x0000000020000788        0x4 build/timers.o
 .bss.pxOverflowTimerList
                0x000000002000078c        0x4 build/timers.o
 .bss.ucStaticTimerQueueStorage.1
                0x0000000020000790       0xa0 build/timers.o
 .bss.xActiveTimerList1
                0x0000000020000830       0x14 build/timers.o
 .bss.xActiveTimerList2
                0x0000000020000844       0x14 build/timers.o
 .bss.xLastTime.2
                0x0000000020000858        0x4 build/timers.o
 .bss.xStaticTimerQueue.0
                0x000000002000085c       0x50 build/timers.o
 .bss.xTimerQueue
                0x00000000200008ac        0x4 build/timers.o
 .bss.xTimerTaskHandle
                0x00000000200008b0        0x4 build/timers.o
 .bss.Idle_Stack.2
                0x00000000200008b4      0x200 build/cmsis_os2.o
 .bss.Idle_TCB.3
                0x0000000020000ab4       0x5c build/cmsis_os2.o
 .bss.Timer_Stack.0
                0x0000000020000b10      0x400 build/cmsis_os2.o
 .bss.Timer_TCB.1
                0x0000000020000f10       0x5c build/cmsis_os2.o
 .bss.pxEnd     0x0000000020000f6c        0x4 build/heap_4.o
 .bss.ucHeap    0x0000000020000f70      0xbb8 build/heap_4.o
 .bss.xBlockAllocatedBit
                0x0000000020001b28        0x4 build/heap_4.o
 .bss.xFreeBytesRemaining
                0x0000000020001b2c        0x4 build/heap_4.o
 .bss.xMinimumEverFreeBytesRemaining
                0x0000000020001b30        0x4 build/heap_4.o
 .bss.xNumberOfSuccessfulAllocations
                0x0000000020001b34        0x4 build/heap_4.o
 .bss.xNumberOfSuccessfulFrees
                0x0000000020001b38        0x4 build/heap_4.o
 .bss.xStart    0x0000000020001b3c        0x8 build/heap_4.o
 .bss.ucMaxSysCallPriority
                0x0000000020001b44        0x1 build/port.o
 *fill*         0x0000000020001b45        0x3 
 .bss.ulMaxPRIGROUPValue
                0x0000000020001b48        0x4 build/port.o
 .bss.__sbrk_heap_end
                0x0000000020001b4c        0x4 build/sysmem.o
 .bss.__lock___malloc_recursive_mutex
                0x0000000020001b50        0x1 /usr/local/bin/../lib/gcc/arm-none-eabi/10.3.1/../../../../arm-none-eabi/lib/thumb/v7e-m+fp/hard/libc_nano.a(lib_a-lock.o)
                0x0000000020001b50                __lock___malloc_recursive_mutex
 .bss.__lock___sfp_recursive_mutex
                0x0000000020001b51        0x1 /usr/local/bin/../lib/gcc/arm-none-eabi/10.3.1/../../../../arm-none-eabi/lib/thumb/v7e-m+fp/hard/libc_nano.a(lib_a-lock.o)
                0x0000000020001b51                __lock___sfp_recursive_mutex
 .bss.__lock___sinit_recursive_mutex
                0x0000000020001b52        0x1 /usr/local/bin/../lib/gcc/arm-none-eabi/10.3.1/../../../../arm-none-eabi/lib/thumb/v7e-m+fp/hard/libc_nano.a(lib_a-lock.o)
                0x0000000020001b52                __lock___sinit_recursive_mutex
 *fill*         0x0000000020001b53        0x1 
 .bss.__malloc_free_list
                0x0000000020001b54        0x4 /usr/local/bin/../lib/gcc/arm-none-eabi/10.3.1/../../../../arm-none-eabi/lib/thumb/v7e-m+fp/hard/libc_nano.a(lib_a-nano-mallocr.o)
                0x0000000020001b54                __malloc_free_list
 .bss.__malloc_sbrk_start
                0x0000000020001b58        0x4 /usr/local/bin/../lib/gcc/arm-none-eabi/10.3.1/../../../../arm-none-eabi/lib/thumb/v7e-m+fp/hard/libc_nano.a(lib_a-nano-mallocr.o)
                0x0000000020001b58                __malloc_sbrk_start
 .bss.errno     0x0000000020001b5c        0x4 /usr/local/bin/../lib/gcc/arm-none-eabi/10.3.1/../../../../arm-none-eabi/lib/thumb/v7e-m+fp/hard/libc_nano.a(lib_a-reent.o)
                0x0000000020001b5c                errno
 *(COMMON)
                0x0000000020001b60                . = ALIGN (0x4)
                0x0000000020001b60                _ebss = .
                0x0000000020001b60                __bss_end__ = _ebss

._user_heap_stack
                0x0000000020001b60      0x600 load address 0x0000000008005ec8
                0x0000000020001b60                . = ALIGN (0x8)
                [!provide]                        PROVIDE (end = .)
                0x0000000020001b60                PROVIDE (_end = .)
                0x0000000020001d60                . = (. + _Min_Heap_Size)
 *fill*         0x0000000020001b60      0x200 
                0x0000000020002160                . = (. + _Min_Stack_Size)
 *fill*         0x0000000020001d60      0x400 
                0x0000000020002160                . = ALIGN (0x8)

/DISCARD/
 libc.a(*)
 libm.a(*)
 libgcc.a(*)
OUTPUT(build/STM32L432KC.elf elf32-littlearm)
LOAD linker stubs
LOAD /usr/local/bin/../lib/gcc/arm-none-eabi/10.3.1/../../../../arm-none-eabi/lib/thumb/v7e-m+fp/hard/libc.a
LOAD /usr/local/bin/../lib/gcc/arm-none-eabi/10.3.1/../../../../arm-none-eabi/lib/thumb/v7e-m+fp/hard/libm.a
LOAD /usr/local/bin/../lib/gcc/arm-none-eabi/10.3.1/thumb/v7e-m+fp/hard/libgcc.a

.ARM.attributes
                0x0000000000000000       0x30
 .ARM.attributes
                0x0000000000000000       0x1e /usr/local/bin/../lib/gcc/arm-none-eabi/10.3.1/thumb/v7e-m+fp/hard/crti.o
 .ARM.attributes
                0x000000000000001e       0x34 /usr/local/bin/../lib/gcc/arm-none-eabi/10.3.1/thumb/v7e-m+fp/hard/crtbegin.o
 .ARM.attributes
                0x0000000000000052       0x34 build/main.o
 .ARM.attributes
                0x0000000000000086       0x34 build/AGV.o
 .ARM.attributes
                0x00000000000000ba       0x34 build/stm32l4xx_it.o
 .ARM.attributes
                0x00000000000000ee       0x34 build/stm32l4xx_hal_msp.o
 .ARM.attributes
                0x0000000000000122       0x34 build/stm32l4xx_hal.o
 .ARM.attributes
                0x0000000000000156       0x34 build/stm32l4xx_hal_rcc.o
 .ARM.attributes
                0x000000000000018a       0x34 build/stm32l4xx_hal_rcc_ex.o
 .ARM.attributes
                0x00000000000001be       0x34 build/stm32l4xx_hal_gpio.o
 .ARM.attributes
                0x00000000000001f2       0x34 build/stm32l4xx_hal_pwr.o
 .ARM.attributes
                0x0000000000000226       0x34 build/stm32l4xx_hal_pwr_ex.o
 .ARM.attributes
                0x000000000000025a       0x34 build/stm32l4xx_hal_cortex.o
 .ARM.attributes
                0x000000000000028e       0x34 build/stm32l4xx_hal_tim.o
 .ARM.attributes
                0x00000000000002c2       0x34 build/stm32l4xx_hal_tim_ex.o
 .ARM.attributes
                0x00000000000002f6       0x34 build/stm32l4xx_hal_uart.o
 .ARM.attributes
                0x000000000000032a       0x34 build/system_stm32l4xx.o
 .ARM.attributes
                0x000000000000035e       0x34 build/list.o
 .ARM.attributes
                0x0000000000000392       0x34 build/queue.o
 .ARM.attributes
                0x00000000000003c6       0x34 build/tasks.o
 .ARM.attributes
                0x00000000000003fa       0x34 build/timers.o
 .ARM.attributes
                0x000000000000042e       0x34 build/cmsis_os2.o
 .ARM.attributes
                0x0000000000000462       0x34 build/heap_4.o
 .ARM.attributes
                0x0000000000000496       0x34 build/port.o
 .ARM.attributes
                0x00000000000004ca       0x34 build/sysmem.o
 .ARM.attributes
                0x00000000000004fe       0x34 build/syscalls.o
 .ARM.attributes
                0x0000000000000532       0x21 build/startup_stm32l432xx.o
 .ARM.attributes
                0x0000000000000553       0x34 /usr/local/bin/../lib/gcc/arm-none-eabi/10.3.1/../../../../arm-none-eabi/lib/thumb/v7e-m+fp/hard/libc_nano.a(lib_a-errno.o)
 .ARM.attributes
                0x0000000000000587       0x34 /usr/local/bin/../lib/gcc/arm-none-eabi/10.3.1/../../../../arm-none-eabi/lib/thumb/v7e-m+fp/hard/libc_nano.a(lib_a-impure.o)
 .ARM.attributes
                0x00000000000005bb       0x34 /usr/local/bin/../lib/gcc/arm-none-eabi/10.3.1/../../../../arm-none-eabi/lib/thumb/v7e-m+fp/hard/libc_nano.a(lib_a-init.o)
 .ARM.attributes
                0x00000000000005ef       0x34 /usr/local/bin/../lib/gcc/arm-none-eabi/10.3.1/../../../../arm-none-eabi/lib/thumb/v7e-m+fp/hard/libc_nano.a(lib_a-memcpy-stub.o)
 .ARM.attributes
                0x0000000000000623       0x34 /usr/local/bin/../lib/gcc/arm-none-eabi/10.3.1/../../../../arm-none-eabi/lib/thumb/v7e-m+fp/hard/libc_nano.a(lib_a-memset.o)
 .ARM.attributes
                0x0000000000000657       0x34 /usr/local/bin/../lib/gcc/arm-none-eabi/10.3.1/../../../../arm-none-eabi/lib/thumb/v7e-m+fp/hard/libc_nano.a(lib_a-printf.o)
 .ARM.attributes
                0x000000000000068b       0x34 /usr/local/bin/../lib/gcc/arm-none-eabi/10.3.1/../../../../arm-none-eabi/lib/thumb/v7e-m+fp/hard/libc_nano.a(lib_a-puts.o)
 .ARM.attributes
                0x00000000000006bf       0x34 /usr/local/bin/../lib/gcc/arm-none-eabi/10.3.1/../../../../arm-none-eabi/lib/thumb/v7e-m+fp/hard/libc_nano.a(lib_a-wbuf.o)
 .ARM.attributes
                0x00000000000006f3       0x34 /usr/local/bin/../lib/gcc/arm-none-eabi/10.3.1/../../../../arm-none-eabi/lib/thumb/v7e-m+fp/hard/libc_nano.a(lib_a-wsetup.o)
 .ARM.attributes
                0x0000000000000727       0x34 /usr/local/bin/../lib/gcc/arm-none-eabi/10.3.1/../../../../arm-none-eabi/lib/thumb/v7e-m+fp/hard/libc_nano.a(lib_a-fflush.o)
 .ARM.attributes
                0x000000000000075b       0x34 /usr/local/bin/../lib/gcc/arm-none-eabi/10.3.1/../../../../arm-none-eabi/lib/thumb/v7e-m+fp/hard/libc_nano.a(lib_a-findfp.o)
 .ARM.attributes
                0x000000000000078f       0x34 /usr/local/bin/../lib/gcc/arm-none-eabi/10.3.1/../../../../arm-none-eabi/lib/thumb/v7e-m+fp/hard/libc_nano.a(lib_a-fwalk.o)
 .ARM.attributes
                0x00000000000007c3       0x34 /usr/local/bin/../lib/gcc/arm-none-eabi/10.3.1/../../../../arm-none-eabi/lib/thumb/v7e-m+fp/hard/libc_nano.a(lib_a-lock.o)
 .ARM.attributes
                0x00000000000007f7       0x34 /usr/local/bin/../lib/gcc/arm-none-eabi/10.3.1/../../../../arm-none-eabi/lib/thumb/v7e-m+fp/hard/libc_nano.a(lib_a-makebuf.o)
 .ARM.attributes
                0x000000000000082b       0x34 /usr/local/bin/../lib/gcc/arm-none-eabi/10.3.1/../../../../arm-none-eabi/lib/thumb/v7e-m+fp/hard/libc_nano.a(lib_a-nano-freer.o)
 .ARM.attributes
                0x000000000000085f       0x34 /usr/local/bin/../lib/gcc/arm-none-eabi/10.3.1/../../../../arm-none-eabi/lib/thumb/v7e-m+fp/hard/libc_nano.a(lib_a-nano-mallocr.o)
 .ARM.attributes
                0x0000000000000893       0x34 /usr/local/bin/../lib/gcc/arm-none-eabi/10.3.1/../../../../arm-none-eabi/lib/thumb/v7e-m+fp/hard/libc_nano.a(lib_a-nano-vfprintf.o)
 .ARM.attributes
                0x00000000000008c7       0x34 /usr/local/bin/../lib/gcc/arm-none-eabi/10.3.1/../../../../arm-none-eabi/lib/thumb/v7e-m+fp/hard/libc_nano.a(lib_a-nano-vfprintf_i.o)
 .ARM.attributes
                0x00000000000008fb       0x34 /usr/local/bin/../lib/gcc/arm-none-eabi/10.3.1/../../../../arm-none-eabi/lib/thumb/v7e-m+fp/hard/libc_nano.a(lib_a-sbrkr.o)
 .ARM.attributes
                0x000000000000092f       0x34 /usr/local/bin/../lib/gcc/arm-none-eabi/10.3.1/../../../../arm-none-eabi/lib/thumb/v7e-m+fp/hard/libc_nano.a(lib_a-stdio.o)
 .ARM.attributes
                0x0000000000000963       0x34 /usr/local/bin/../lib/gcc/arm-none-eabi/10.3.1/../../../../arm-none-eabi/lib/thumb/v7e-m+fp/hard/libc_nano.a(lib_a-writer.o)
 .ARM.attributes
                0x0000000000000997       0x34 /usr/local/bin/../lib/gcc/arm-none-eabi/10.3.1/../../../../arm-none-eabi/lib/thumb/v7e-m+fp/hard/libc_nano.a(lib_a-closer.o)
 .ARM.attributes
                0x00000000000009cb       0x34 /usr/local/bin/../lib/gcc/arm-none-eabi/10.3.1/../../../../arm-none-eabi/lib/thumb/v7e-m+fp/hard/libc_nano.a(lib_a-fstatr.o)
 .ARM.attributes
                0x00000000000009ff       0x34 /usr/local/bin/../lib/gcc/arm-none-eabi/10.3.1/../../../../arm-none-eabi/lib/thumb/v7e-m+fp/hard/libc_nano.a(lib_a-isattyr.o)
 .ARM.attributes
                0x0000000000000a33       0x34 /usr/local/bin/../lib/gcc/arm-none-eabi/10.3.1/../../../../arm-none-eabi/lib/thumb/v7e-m+fp/hard/libc_nano.a(lib_a-lseekr.o)
 .ARM.attributes
                0x0000000000000a67       0x1c /usr/local/bin/../lib/gcc/arm-none-eabi/10.3.1/../../../../arm-none-eabi/lib/thumb/v7e-m+fp/hard/libc_nano.a(lib_a-memchr.o)
 .ARM.attributes
                0x0000000000000a83       0x34 /usr/local/bin/../lib/gcc/arm-none-eabi/10.3.1/../../../../arm-none-eabi/lib/thumb/v7e-m+fp/hard/libc_nano.a(lib_a-mlock.o)
 .ARM.attributes
                0x0000000000000ab7       0x34 /usr/local/bin/../lib/gcc/arm-none-eabi/10.3.1/../../../../arm-none-eabi/lib/thumb/v7e-m+fp/hard/libc_nano.a(lib_a-readr.o)
 .ARM.attributes
                0x0000000000000aeb       0x34 /usr/local/bin/../lib/gcc/arm-none-eabi/10.3.1/../../../../arm-none-eabi/lib/thumb/v7e-m+fp/hard/libc_nano.a(lib_a-reent.o)
 .ARM.attributes
                0x0000000000000b1f       0x1e /usr/local/bin/../lib/gcc/arm-none-eabi/10.3.1/thumb/v7e-m+fp/hard/libgcc.a(_aeabi_uldivmod.o)
 .ARM.attributes
                0x0000000000000b3d       0x34 /usr/local/bin/../lib/gcc/arm-none-eabi/10.3.1/thumb/v7e-m+fp/hard/libgcc.a(_udivmoddi4.o)
 .ARM.attributes
                0x0000000000000b71       0x1e /usr/local/bin/../lib/gcc/arm-none-eabi/10.3.1/thumb/v7e-m+fp/hard/libgcc.a(_dvmd_tls.o)
 .ARM.attributes
                0x0000000000000b8f       0x1e /usr/local/bin/../lib/gcc/arm-none-eabi/10.3.1/thumb/v7e-m+fp/hard/crtn.o

.comment        0x0000000000000000       0x49
 .comment       0x0000000000000000       0x49 build/main.o
                                         0x4a (size before relaxing)
 .comment       0x0000000000000049       0x4a build/AGV.o
 .comment       0x0000000000000049       0x4a build/stm32l4xx_it.o
 .comment       0x0000000000000049       0x4a build/stm32l4xx_hal_msp.o
 .comment       0x0000000000000049       0x4a build/stm32l4xx_hal.o
 .comment       0x0000000000000049       0x4a build/stm32l4xx_hal_rcc.o
 .comment       0x0000000000000049       0x4a build/stm32l4xx_hal_rcc_ex.o
 .comment       0x0000000000000049       0x4a build/stm32l4xx_hal_gpio.o
 .comment       0x0000000000000049       0x4a build/stm32l4xx_hal_pwr.o
 .comment       0x0000000000000049       0x4a build/stm32l4xx_hal_pwr_ex.o
 .comment       0x0000000000000049       0x4a build/stm32l4xx_hal_cortex.o
 .comment       0x0000000000000049       0x4a build/stm32l4xx_hal_tim.o
 .comment       0x0000000000000049       0x4a build/stm32l4xx_hal_tim_ex.o
 .comment       0x0000000000000049       0x4a build/stm32l4xx_hal_uart.o
 .comment       0x0000000000000049       0x4a build/system_stm32l4xx.o
 .comment       0x0000000000000049       0x4a build/list.o
 .comment       0x0000000000000049       0x4a build/queue.o
 .comment       0x0000000000000049       0x4a build/tasks.o
 .comment       0x0000000000000049       0x4a build/timers.o
 .comment       0x0000000000000049       0x4a build/cmsis_os2.o
 .comment       0x0000000000000049       0x4a build/heap_4.o
 .comment       0x0000000000000049       0x4a build/port.o
 .comment       0x0000000000000049       0x4a build/sysmem.o
 .comment       0x0000000000000049       0x4a build/syscalls.o

.debug_info     0x0000000000000000    0x24122
 .debug_info    0x0000000000000000     0x1d01 build/main.o
 .debug_info    0x0000000000001d01     0x123b build/AGV.o
 .debug_info    0x0000000000002f3c      0x171 build/stm32l4xx_it.o
 .debug_info    0x00000000000030ad     0x15e5 build/stm32l4xx_hal_msp.o
 .debug_info    0x0000000000004692      0xb5b build/stm32l4xx_hal.o
 .debug_info    0x00000000000051ed     0x1051 build/stm32l4xx_hal_rcc.o
 .debug_info    0x000000000000623e     0x1397 build/stm32l4xx_hal_rcc_ex.o
 .debug_info    0x00000000000075d5      0x91c build/stm32l4xx_hal_gpio.o
 .debug_info    0x0000000000007ef1      0xab7 build/stm32l4xx_hal_pwr.o
 .debug_info    0x00000000000089a8      0xb22 build/stm32l4xx_hal_pwr_ex.o
 .debug_info    0x00000000000094ca     0x1137 build/stm32l4xx_hal_cortex.o
 .debug_info    0x000000000000a601     0x4232 build/stm32l4xx_hal_tim.o
 .debug_info    0x000000000000e833     0x1ed2 build/stm32l4xx_hal_tim_ex.o
 .debug_info    0x0000000000010705     0x54eb build/stm32l4xx_hal_uart.o
 .debug_info    0x0000000000015bf0      0x682 build/system_stm32l4xx.o
 .debug_info    0x0000000000016272      0x30f build/list.o
 .debug_info    0x0000000000016581     0x2968 build/queue.o
 .debug_info    0x0000000000018ee9     0x333f build/tasks.o
 .debug_info    0x000000000001c228     0x1bd3 build/timers.o
 .debug_info    0x000000000001ddfb     0x4d69 build/cmsis_os2.o
 .debug_info    0x0000000000022b64      0x61a build/heap_4.o
 .debug_info    0x000000000002317e      0x5c8 build/port.o
 .debug_info    0x0000000000023746      0x185 build/sysmem.o
 .debug_info    0x00000000000238cb      0x835 build/syscalls.o
 .debug_info    0x0000000000024100       0x22 build/startup_stm32l432xx.o

.debug_abbrev   0x0000000000000000     0x3b30
 .debug_abbrev  0x0000000000000000      0x2d3 build/main.o
 .debug_abbrev  0x00000000000002d3      0x27c build/AGV.o
 .debug_abbrev  0x000000000000054f       0xa4 build/stm32l4xx_it.o
 .debug_abbrev  0x00000000000005f3      0x250 build/stm32l4xx_hal_msp.o
 .debug_abbrev  0x0000000000000843      0x21c build/stm32l4xx_hal.o
 .debug_abbrev  0x0000000000000a5f      0x28e build/stm32l4xx_hal_rcc.o
 .debug_abbrev  0x0000000000000ced      0x2b0 build/stm32l4xx_hal_rcc_ex.o
 .debug_abbrev  0x0000000000000f9d      0x222 build/stm32l4xx_hal_gpio.o
 .debug_abbrev  0x00000000000011bf      0x1a6 build/stm32l4xx_hal_pwr.o
 .debug_abbrev  0x0000000000001365      0x234 build/stm32l4xx_hal_pwr_ex.o
 .debug_abbrev  0x0000000000001599      0x379 build/stm32l4xx_hal_cortex.o
 .debug_abbrev  0x0000000000001912      0x289 build/stm32l4xx_hal_tim.o
 .debug_abbrev  0x0000000000001b9b      0x29f build/stm32l4xx_hal_tim_ex.o
 .debug_abbrev  0x0000000000001e3a      0x316 build/stm32l4xx_hal_uart.o
 .debug_abbrev  0x0000000000002150      0x11b build/system_stm32l4xx.o
 .debug_abbrev  0x000000000000226b      0x124 build/list.o
 .debug_abbrev  0x000000000000238f      0x3c4 build/queue.o
 .debug_abbrev  0x0000000000002753      0x387 build/tasks.o
 .debug_abbrev  0x0000000000002ada      0x366 build/timers.o
 .debug_abbrev  0x0000000000002e40      0x53d build/cmsis_os2.o
 .debug_abbrev  0x000000000000337d      0x269 build/heap_4.o
 .debug_abbrev  0x00000000000035e6      0x28a build/port.o
 .debug_abbrev  0x0000000000003870       0xea build/sysmem.o
 .debug_abbrev  0x000000000000395a      0x1c4 build/syscalls.o
 .debug_abbrev  0x0000000000003b1e       0x12 build/startup_stm32l432xx.o

.debug_loc      0x0000000000000000    0x1ecb0
 .debug_loc     0x0000000000000000      0x3a5 build/main.o
 .debug_loc     0x00000000000003a5      0x297 build/AGV.o
 .debug_loc     0x000000000000063c       0x20 build/stm32l4xx_it.o
 .debug_loc     0x000000000000065c      0x217 build/stm32l4xx_hal_msp.o
 .debug_loc     0x0000000000000873      0x26d build/stm32l4xx_hal.o
 .debug_loc     0x0000000000000ae0      0x9e0 build/stm32l4xx_hal_rcc.o
 .debug_loc     0x00000000000014c0     0x18af build/stm32l4xx_hal_rcc_ex.o
 .debug_loc     0x0000000000002d6f      0x46f build/stm32l4xx_hal_gpio.o
 .debug_loc     0x00000000000031de      0x1f1 build/stm32l4xx_hal_pwr.o
 .debug_loc     0x00000000000033cf      0x76f build/stm32l4xx_hal_pwr_ex.o
 .debug_loc     0x0000000000003b3e      0x7a4 build/stm32l4xx_hal_cortex.o
 .debug_loc     0x00000000000042e2     0x6195 build/stm32l4xx_hal_tim.o
 .debug_loc     0x000000000000a477     0x28f3 build/stm32l4xx_hal_tim_ex.o
 .debug_loc     0x000000000000cd6a     0x5189 build/stm32l4xx_hal_uart.o
 .debug_loc     0x0000000000011ef3      0x127 build/system_stm32l4xx.o
 .debug_loc     0x000000000001201a       0xe5 build/list.o
 .debug_loc     0x00000000000120ff     0x1fe4 build/queue.o
 .debug_loc     0x00000000000140e3     0x2c72 build/tasks.o
 .debug_loc     0x0000000000016d55     0x1586 build/timers.o
 .debug_loc     0x00000000000182db     0x5d9c build/cmsis_os2.o
 .debug_loc     0x000000000001e077      0x4e4 build/heap_4.o
 .debug_loc     0x000000000001e55b      0x1c0 build/port.o
 .debug_loc     0x000000000001e71b       0x84 build/sysmem.o
 .debug_loc     0x000000000001e79f      0x511 build/syscalls.o

.debug_aranges  0x0000000000000000     0x1778
 .debug_aranges
                0x0000000000000000       0x78 build/main.o
 .debug_aranges
                0x0000000000000078       0x70 build/AGV.o
 .debug_aranges
                0x00000000000000e8       0x50 build/stm32l4xx_it.o
 .debug_aranges
                0x0000000000000138       0x48 build/stm32l4xx_hal_msp.o
 .debug_aranges
                0x0000000000000180      0x108 build/stm32l4xx_hal.o
 .debug_aranges
                0x0000000000000288       0x90 build/stm32l4xx_hal_rcc.o
 .debug_aranges
                0x0000000000000318       0xf0 build/stm32l4xx_hal_rcc_ex.o
 .debug_aranges
                0x0000000000000408       0x58 build/stm32l4xx_hal_gpio.o
 .debug_aranges
                0x0000000000000460       0x98 build/stm32l4xx_hal_pwr.o
 .debug_aranges
                0x00000000000004f8      0x128 build/stm32l4xx_hal_pwr_ex.o
 .debug_aranges
                0x0000000000000620       0xb8 build/stm32l4xx_hal_cortex.o
 .debug_aranges
                0x00000000000006d8      0x3e0 build/stm32l4xx_hal_tim.o
 .debug_aranges
                0x0000000000000ab8      0x180 build/stm32l4xx_hal_tim_ex.o
 .debug_aranges
                0x0000000000000c38      0x228 build/stm32l4xx_hal_uart.o
 .debug_aranges
                0x0000000000000e60       0x28 build/system_stm32l4xx.o
 .debug_aranges
                0x0000000000000e88       0x40 build/list.o
 .debug_aranges
                0x0000000000000ec8      0x158 build/queue.o
 .debug_aranges
                0x0000000000001020      0x208 build/tasks.o
 .debug_aranges
                0x0000000000001228       0xf0 build/timers.o
 .debug_aranges
                0x0000000000001318      0x298 build/cmsis_os2.o
 .debug_aranges
                0x00000000000015b0       0x58 build/heap_4.o
 .debug_aranges
                0x0000000000001608       0x80 build/port.o
 .debug_aranges
                0x0000000000001688       0x20 build/sysmem.o
 .debug_aranges
                0x00000000000016a8       0xa8 build/syscalls.o
 .debug_aranges
                0x0000000000001750       0x28 build/startup_stm32l432xx.o

.debug_ranges   0x0000000000000000     0x18f0
 .debug_ranges  0x0000000000000000       0x68 build/main.o
 .debug_ranges  0x0000000000000068       0x78 build/AGV.o
 .debug_ranges  0x00000000000000e0       0x40 build/stm32l4xx_it.o
 .debug_ranges  0x0000000000000120       0x38 build/stm32l4xx_hal_msp.o
 .debug_ranges  0x0000000000000158       0xf8 build/stm32l4xx_hal.o
 .debug_ranges  0x0000000000000250       0x98 build/stm32l4xx_hal_rcc.o
 .debug_ranges  0x00000000000002e8       0xf8 build/stm32l4xx_hal_rcc_ex.o
 .debug_ranges  0x00000000000003e0       0x48 build/stm32l4xx_hal_gpio.o
 .debug_ranges  0x0000000000000428       0x88 build/stm32l4xx_hal_pwr.o
 .debug_ranges  0x00000000000004b0      0x118 build/stm32l4xx_hal_pwr_ex.o
 .debug_ranges  0x00000000000005c8      0x108 build/stm32l4xx_hal_cortex.o
 .debug_ranges  0x00000000000006d0      0x3d0 build/stm32l4xx_hal_tim.o
 .debug_ranges  0x0000000000000aa0      0x170 build/stm32l4xx_hal_tim_ex.o
 .debug_ranges  0x0000000000000c10      0x230 build/stm32l4xx_hal_uart.o
 .debug_ranges  0x0000000000000e40       0x18 build/system_stm32l4xx.o
 .debug_ranges  0x0000000000000e58       0x30 build/list.o
 .debug_ranges  0x0000000000000e88      0x218 build/queue.o
 .debug_ranges  0x00000000000010a0      0x338 build/tasks.o
 .debug_ranges  0x00000000000013d8       0xe0 build/timers.o
 .debug_ranges  0x00000000000014b8      0x2a0 build/cmsis_os2.o
 .debug_ranges  0x0000000000001758       0x48 build/heap_4.o
 .debug_ranges  0x00000000000017a0       0x88 build/port.o
 .debug_ranges  0x0000000000001828       0x10 build/sysmem.o
 .debug_ranges  0x0000000000001838       0x98 build/syscalls.o
 .debug_ranges  0x00000000000018d0       0x20 build/startup_stm32l432xx.o

.debug_line     0x0000000000000000    0x1b092
 .debug_line    0x0000000000000000      0x894 build/main.o
 .debug_line    0x0000000000000894      0x538 build/AGV.o
 .debug_line    0x0000000000000dcc      0x20a build/stm32l4xx_it.o
 .debug_line    0x0000000000000fd6      0x420 build/stm32l4xx_hal_msp.o
 .debug_line    0x00000000000013f6      0x59a build/stm32l4xx_hal.o
 .debug_line    0x0000000000001990      0xf01 build/stm32l4xx_hal_rcc.o
 .debug_line    0x0000000000002891     0x1270 build/stm32l4xx_hal_rcc_ex.o
 .debug_line    0x0000000000003b01      0x60e build/stm32l4xx_hal_gpio.o
 .debug_line    0x000000000000410f      0x3c4 build/stm32l4xx_hal_pwr.o
 .debug_line    0x00000000000044d3      0x873 build/stm32l4xx_hal_pwr_ex.o
 .debug_line    0x0000000000004d46      0x738 build/stm32l4xx_hal_cortex.o
 .debug_line    0x000000000000547e     0x4fb7 build/stm32l4xx_hal_tim.o
 .debug_line    0x000000000000a435     0x1ddc build/stm32l4xx_hal_tim_ex.o
 .debug_line    0x000000000000c211     0x5164 build/stm32l4xx_hal_uart.o
 .debug_line    0x0000000000011375      0x242 build/system_stm32l4xx.o
 .debug_line    0x00000000000115b7      0x309 build/list.o
 .debug_line    0x00000000000118c0     0x1fd2 build/queue.o
 .debug_line    0x0000000000013892     0x2cfa build/tasks.o
 .debug_line    0x000000000001658c      0xea8 build/timers.o
 .debug_line    0x0000000000017434     0x2978 build/cmsis_os2.o
 .debug_line    0x0000000000019dac      0x6ba build/heap_4.o
 .debug_line    0x000000000001a466      0x6ba build/port.o
 .debug_line    0x000000000001ab20      0x14a build/sysmem.o
 .debug_line    0x000000000001ac6a      0x3b2 build/syscalls.o
 .debug_line    0x000000000001b01c       0x76 build/startup_stm32l432xx.o

.debug_str      0x0000000000000000     0x8009
 .debug_str     0x0000000000000000     0x1044 build/main.o
                                       0x1180 (size before relaxing)
 .debug_str     0x0000000000001044      0x1b7 build/AGV.o
                                        0x90c (size before relaxing)
 .debug_str     0x00000000000011fb       0xc4 build/stm32l4xx_it.o
                                        0x22b (size before relaxing)
 .debug_str     0x00000000000012bf      0x62c build/stm32l4xx_hal_msp.o
                                       0x111f (size before relaxing)
 .debug_str     0x00000000000018eb      0x3d6 build/stm32l4xx_hal.o
                                        0xae1 (size before relaxing)
 .debug_str     0x0000000000001cc1      0x2d6 build/stm32l4xx_hal_rcc.o
                                        0x835 (size before relaxing)
 .debug_str     0x0000000000001f97      0x488 build/stm32l4xx_hal_rcc_ex.o
                                        0xb3b (size before relaxing)
 .debug_str     0x000000000000241f       0xc4 build/stm32l4xx_hal_gpio.o
                                        0x51a (size before relaxing)
 .debug_str     0x00000000000024e3      0x292 build/stm32l4xx_hal_pwr.o
                                        0x66c (size before relaxing)
 .debug_str     0x0000000000002775      0x3a6 build/stm32l4xx_hal_pwr_ex.o
                                        0x77b (size before relaxing)
 .debug_str     0x0000000000002b1b      0x483 build/stm32l4xx_hal_cortex.o
                                        0xb18 (size before relaxing)
 .debug_str     0x0000000000002f9e      0xe42 build/stm32l4xx_hal_tim.o
                                       0x16bf (size before relaxing)
 .debug_str     0x0000000000003de0      0x53c build/stm32l4xx_hal_tim_ex.o
                                        0xfb8 (size before relaxing)
 .debug_str     0x000000000000431c      0x7be build/stm32l4xx_hal_uart.o
                                        0xff3 (size before relaxing)
 .debug_str     0x0000000000004ada       0x3d build/system_stm32l4xx.o
                                        0x3b8 (size before relaxing)
 .debug_str     0x0000000000004b17      0x141 build/list.o
                                        0x2de (size before relaxing)
 .debug_str     0x0000000000004c58      0x9eb build/queue.o
                                        0xcf4 (size before relaxing)
 .debug_str     0x0000000000005643      0xc38 build/tasks.o
                                       0x12c3 (size before relaxing)
 .debug_str     0x000000000000627b      0x5d8 build/timers.o
                                        0xc24 (size before relaxing)
 .debug_str     0x0000000000006853     0x10a5 build/cmsis_os2.o
                                       0x1fea (size before relaxing)
 .debug_str     0x00000000000078f8      0x2bf build/heap_4.o
                                        0x4ec (size before relaxing)
 .debug_str     0x0000000000007bb7      0x17d build/port.o
                                        0x45e (size before relaxing)
 .debug_str     0x0000000000007d34       0xb6 build/sysmem.o
                                        0x21b (size before relaxing)
 .debug_str     0x0000000000007dea      0x1fb build/syscalls.o
                                        0x3ef (size before relaxing)
 .debug_str     0x0000000000007fe5       0x24 build/startup_stm32l432xx.o
                                         0x60 (size before relaxing)

.debug_frame    0x0000000000000000     0x4910
 .debug_frame   0x0000000000000000      0x160 build/main.o
 .debug_frame   0x0000000000000160      0x114 build/AGV.o
 .debug_frame   0x0000000000000274       0x88 build/stm32l4xx_it.o
 .debug_frame   0x00000000000002fc       0xb8 build/stm32l4xx_hal_msp.o
 .debug_frame   0x00000000000003b4      0x21c build/stm32l4xx_hal.o
 .debug_frame   0x00000000000005d0      0x19c build/stm32l4xx_hal_rcc.o
 .debug_frame   0x000000000000076c      0x248 build/stm32l4xx_hal_rcc_ex.o
 .debug_frame   0x00000000000009b4       0xd0 build/stm32l4xx_hal_gpio.o
 .debug_frame   0x0000000000000a84      0x120 build/stm32l4xx_hal_pwr.o
 .debug_frame   0x0000000000000ba4      0x248 build/stm32l4xx_hal_pwr_ex.o
 .debug_frame   0x0000000000000dec      0x168 build/stm32l4xx_hal_cortex.o
 .debug_frame   0x0000000000000f54      0xb50 build/stm32l4xx_hal_tim.o
 .debug_frame   0x0000000000001aa4      0x474 build/stm32l4xx_hal_tim_ex.o
 .debug_frame   0x0000000000001f18      0x600 build/stm32l4xx_hal_uart.o
 .debug_frame   0x0000000000002518       0x30 build/system_stm32l4xx.o
 .debug_frame   0x0000000000002548       0x70 build/list.o
 .debug_frame   0x00000000000025b8      0x458 build/queue.o
 .debug_frame   0x0000000000002a10      0x688 build/tasks.o
 .debug_frame   0x0000000000003098      0x30c build/timers.o
 .debug_frame   0x00000000000033a4      0x8e8 build/cmsis_os2.o
 .debug_frame   0x0000000000003c8c       0xd0 build/heap_4.o
 .debug_frame   0x0000000000003d5c      0x110 build/port.o
 .debug_frame   0x0000000000003e6c       0x28 build/sysmem.o
 .debug_frame   0x0000000000003e94      0x190 build/syscalls.o
 .debug_frame   0x0000000000004024       0x20 /usr/local/bin/../lib/gcc/arm-none-eabi/10.3.1/../../../../arm-none-eabi/lib/thumb/v7e-m+fp/hard/libc_nano.a(lib_a-errno.o)
 .debug_frame   0x0000000000004044       0x2c /usr/local/bin/../lib/gcc/arm-none-eabi/10.3.1/../../../../arm-none-eabi/lib/thumb/v7e-m+fp/hard/libc_nano.a(lib_a-init.o)
 .debug_frame   0x0000000000004070       0x28 /usr/local/bin/../lib/gcc/arm-none-eabi/10.3.1/../../../../arm-none-eabi/lib/thumb/v7e-m+fp/hard/libc_nano.a(lib_a-memcpy-stub.o)
 .debug_frame   0x0000000000004098       0x20 /usr/local/bin/../lib/gcc/arm-none-eabi/10.3.1/../../../../arm-none-eabi/lib/thumb/v7e-m+fp/hard/libc_nano.a(lib_a-memset.o)
 .debug_frame   0x00000000000040b8       0x74 /usr/local/bin/../lib/gcc/arm-none-eabi/10.3.1/../../../../arm-none-eabi/lib/thumb/v7e-m+fp/hard/libc_nano.a(lib_a-printf.o)
 .debug_frame   0x000000000000412c       0x3c /usr/local/bin/../lib/gcc/arm-none-eabi/10.3.1/../../../../arm-none-eabi/lib/thumb/v7e-m+fp/hard/libc_nano.a(lib_a-puts.o)
 .debug_frame   0x0000000000004168       0x40 /usr/local/bin/../lib/gcc/arm-none-eabi/10.3.1/../../../../arm-none-eabi/lib/thumb/v7e-m+fp/hard/libc_nano.a(lib_a-wbuf.o)
 .debug_frame   0x00000000000041a8       0x2c /usr/local/bin/../lib/gcc/arm-none-eabi/10.3.1/../../../../arm-none-eabi/lib/thumb/v7e-m+fp/hard/libc_nano.a(lib_a-wsetup.o)
 .debug_frame   0x00000000000041d4       0x5c /usr/local/bin/../lib/gcc/arm-none-eabi/10.3.1/../../../../arm-none-eabi/lib/thumb/v7e-m+fp/hard/libc_nano.a(lib_a-fflush.o)
 .debug_frame   0x0000000000004230      0x14c /usr/local/bin/../lib/gcc/arm-none-eabi/10.3.1/../../../../arm-none-eabi/lib/thumb/v7e-m+fp/hard/libc_nano.a(lib_a-findfp.o)
 .debug_frame   0x000000000000437c       0x54 /usr/local/bin/../lib/gcc/arm-none-eabi/10.3.1/../../../../arm-none-eabi/lib/thumb/v7e-m+fp/hard/libc_nano.a(lib_a-fwalk.o)
 .debug_frame   0x00000000000043d0       0xb0 /usr/local/bin/../lib/gcc/arm-none-eabi/10.3.1/../../../../arm-none-eabi/lib/thumb/v7e-m+fp/hard/libc_nano.a(lib_a-lock.o)
 .debug_frame   0x0000000000004480       0x58 /usr/local/bin/../lib/gcc/arm-none-eabi/10.3.1/../../../../arm-none-eabi/lib/thumb/v7e-m+fp/hard/libc_nano.a(lib_a-makebuf.o)
 .debug_frame   0x00000000000044d8       0x38 /usr/local/bin/../lib/gcc/arm-none-eabi/10.3.1/../../../../arm-none-eabi/lib/thumb/v7e-m+fp/hard/libc_nano.a(lib_a-nano-freer.o)
 .debug_frame   0x0000000000004510       0x4c /usr/local/bin/../lib/gcc/arm-none-eabi/10.3.1/../../../../arm-none-eabi/lib/thumb/v7e-m+fp/hard/libc_nano.a(lib_a-nano-mallocr.o)
 .debug_frame   0x000000000000455c       0xac /usr/local/bin/../lib/gcc/arm-none-eabi/10.3.1/../../../../arm-none-eabi/lib/thumb/v7e-m+fp/hard/libc_nano.a(lib_a-nano-vfprintf.o)
 .debug_frame   0x0000000000004608       0x60 /usr/local/bin/../lib/gcc/arm-none-eabi/10.3.1/../../../../arm-none-eabi/lib/thumb/v7e-m+fp/hard/libc_nano.a(lib_a-nano-vfprintf_i.o)
 .debug_frame   0x0000000000004668       0x2c /usr/local/bin/../lib/gcc/arm-none-eabi/10.3.1/../../../../arm-none-eabi/lib/thumb/v7e-m+fp/hard/libc_nano.a(lib_a-sbrkr.o)
 .debug_frame   0x0000000000004694       0x88 /usr/local/bin/../lib/gcc/arm-none-eabi/10.3.1/../../../../arm-none-eabi/lib/thumb/v7e-m+fp/hard/libc_nano.a(lib_a-stdio.o)
 .debug_frame   0x000000000000471c       0x2c /usr/local/bin/../lib/gcc/arm-none-eabi/10.3.1/../../../../arm-none-eabi/lib/thumb/v7e-m+fp/hard/libc_nano.a(lib_a-writer.o)
 .debug_frame   0x0000000000004748       0x2c /usr/local/bin/../lib/gcc/arm-none-eabi/10.3.1/../../../../arm-none-eabi/lib/thumb/v7e-m+fp/hard/libc_nano.a(lib_a-closer.o)
 .debug_frame   0x0000000000004774       0x2c /usr/local/bin/../lib/gcc/arm-none-eabi/10.3.1/../../../../arm-none-eabi/lib/thumb/v7e-m+fp/hard/libc_nano.a(lib_a-fstatr.o)
 .debug_frame   0x00000000000047a0       0x2c /usr/local/bin/../lib/gcc/arm-none-eabi/10.3.1/../../../../arm-none-eabi/lib/thumb/v7e-m+fp/hard/libc_nano.a(lib_a-isattyr.o)
 .debug_frame   0x00000000000047cc       0x2c /usr/local/bin/../lib/gcc/arm-none-eabi/10.3.1/../../../../arm-none-eabi/lib/thumb/v7e-m+fp/hard/libc_nano.a(lib_a-lseekr.o)
 .debug_frame   0x00000000000047f8       0x30 /usr/local/bin/../lib/gcc/arm-none-eabi/10.3.1/../../../../arm-none-eabi/lib/thumb/v7e-m+fp/hard/libc_nano.a(lib_a-mlock.o)
 .debug_frame   0x0000000000004828       0x2c /usr/local/bin/../lib/gcc/arm-none-eabi/10.3.1/../../../../arm-none-eabi/lib/thumb/v7e-m+fp/hard/libc_nano.a(lib_a-readr.o)
 .debug_frame   0x0000000000004854       0x5c /usr/local/bin/../lib/gcc/arm-none-eabi/10.3.1/../../../../arm-none-eabi/lib/thumb/v7e-m+fp/hard/libc_nano.a(lib_a-reent.o)
 .debug_frame   0x00000000000048b0       0x2c /usr/local/bin/../lib/gcc/arm-none-eabi/10.3.1/thumb/v7e-m+fp/hard/libgcc.a(_aeabi_uldivmod.o)
 .debug_frame   0x00000000000048dc       0x34 /usr/local/bin/../lib/gcc/arm-none-eabi/10.3.1/thumb/v7e-m+fp/hard/libgcc.a(_udivmoddi4.o)

Cross Reference Table

Symbol                                            File
ADC1_IRQHandler                                   build/startup_stm32l432xx.o
AHBPrescTable                                     build/system_stm32l4xx.o
                                                  build/stm32l4xx_hal_rcc.o
APBPrescTable                                     build/system_stm32l4xx.o
                                                  build/stm32l4xx_hal_rcc.o
BusFault_Handler                                  build/stm32l4xx_it.o
CAN1_RX0_IRQHandler                               build/startup_stm32l432xx.o
CAN1_RX1_IRQHandler                               build/startup_stm32l432xx.o
CAN1_SCE_IRQHandler                               build/startup_stm32l432xx.o
CAN1_TX_IRQHandler                                build/startup_stm32l432xx.o
COMP_IRQHandler                                   build/startup_stm32l432xx.o
CRS_IRQHandler                                    build/startup_stm32l432xx.o
DMA1_Channel1_IRQHandler                          build/startup_stm32l432xx.o
DMA1_Channel2_IRQHandler                          build/startup_stm32l432xx.o
DMA1_Channel3_IRQHandler                          build/startup_stm32l432xx.o
DMA1_Channel4_IRQHandler                          build/startup_stm32l432xx.o
DMA1_Channel5_IRQHandler                          build/startup_stm32l432xx.o
DMA1_Channel6_IRQHandler                          build/startup_stm32l432xx.o
DMA1_Channel7_IRQHandler                          build/startup_stm32l432xx.o
DMA2_Channel1_IRQHandler                          build/startup_stm32l432xx.o
DMA2_Channel2_IRQHandler                          build/startup_stm32l432xx.o
DMA2_Channel3_IRQHandler                          build/startup_stm32l432xx.o
DMA2_Channel4_IRQHandler                          build/startup_stm32l432xx.o
DMA2_Channel5_IRQHandler                          build/startup_stm32l432xx.o
DMA2_Channel6_IRQHandler                          build/startup_stm32l432xx.o
DMA2_Channel7_IRQHandler                          build/startup_stm32l432xx.o
DebugMon_Handler                                  build/stm32l4xx_it.o